Screen.hpp:104:18:virtual void touchgfx::Screen::afterTransition()	0	static
Screen.hpp:144:18:virtual void touchgfx::Screen::handleTickEvent()	0	static
Screen.hpp:154:18:virtual void touchgfx::Screen::handleKeyEvent(uint8_t)	0	static
CalculatorView.cpp:13:6:virtual void CalculatorView::tearDownScreen()	0	static
CalculatorView.hpp:11:13:CalculatorView::~CalculatorView()	8	static
CalculatorView.hpp:11:13:virtual CalculatorView::~CalculatorView()	8	static
CalculatorView.cpp:3:1:CalculatorView::CalculatorView()	8	static
CalculatorView.cpp:8:6:virtual void CalculatorView::setupScreen()	0	static
