../../CM7/../../CM7/TouchGFX/gui/include/gui/calculator_screen/CalculatorPresenter.hpp:30:13:CalculatorPresenter::~CalculatorPresenter()	0	static
C:/Users/jakub/Desktop/Praca_inz/stm32_workspace/ediabasdiagnoser/CM7/TouchGFX/gui/src/calculator_screen/CalculatorPresenter.cpp:10:6:virtual void CalculatorPresenter::activate()	0	static
../../CM7/../../CM7/TouchGFX/gui/include/gui/calculator_screen/CalculatorPresenter.hpp:30:13:virtual CalculatorPresenter::~CalculatorPresenter()	8	static
C:/Users/jakub/Desktop/Praca_inz/stm32_workspace/ediabasdiagnoser/CM7/TouchGFX/gui/src/calculator_screen/CalculatorPresenter.cpp:25:6:virtual void CalculatorPresenter::OnEvent(EEventType, UMessageData, EEventClient, EEventClient)	8	static
../../CM7/../../CM7/TouchGFX/gui/include/gui/calculator_screen/CalculatorPresenter.hpp:30:13:virtual void* CalculatorPresenter::_ZThn4_N19CalculatorPresenterD1Ev()	0	static
C:/Users/jakub/Desktop/Praca_inz/stm32_workspace/ediabasdiagnoser/CM7/TouchGFX/gui/src/calculator_screen/CalculatorPresenter.cpp:4:1:CalculatorPresenter::CalculatorPresenter(CalculatorView&)	0	static
C:/Users/jakub/Desktop/Praca_inz/stm32_workspace/ediabasdiagnoser/CM7/TouchGFX/gui/src/calculator_screen/CalculatorPresenter.cpp:20:6:bool CalculatorPresenter::sendEvent(EEventType, UMessageData, EEventClient)	32	static
