../../CM7/../../CM7/Middlewares/ST/touchgfx/framework/include/touchgfx/Screen.hpp:104:18:virtual void touchgfx::Screen::afterTransition()	0	static
../../CM7/../../CM7/Middlewares/ST/touchgfx/framework/include/touchgfx/Screen.hpp:144:18:virtual void touchgfx::Screen::handleTickEvent()	0	static
../../CM7/../../CM7/Middlewares/ST/touchgfx/framework/include/touchgfx/Screen.hpp:154:18:virtual void touchgfx::Screen::handleKeyEvent(uint8_t)	0	static
C:/Users/jakub/Desktop/Praca_inz/stm32_workspace/Ediabas/CM7/TouchGFX/gui/src/calculator_screen/CalculatorView.cpp:13:6:virtual void CalculatorView::tearDownScreen()	0	static
../../CM7/../../CM7/TouchGFX/gui/include/gui/calculator_screen/CalculatorView.hpp:11:13:CalculatorView::~CalculatorView()	8	static
../../CM7/../../CM7/TouchGFX/gui/include/gui/calculator_screen/CalculatorView.hpp:11:13:virtual CalculatorView::~CalculatorView()	8	static
C:/Users/jakub/Desktop/Praca_inz/stm32_workspace/Ediabas/CM7/TouchGFX/gui/src/calculator_screen/CalculatorView.cpp:3:1:CalculatorView::CalculatorView()	8	static
C:/Users/jakub/Desktop/Praca_inz/stm32_workspace/Ediabas/CM7/TouchGFX/gui/src/calculator_screen/CalculatorView.cpp:8:6:virtual void CalculatorView::setupScreen()	0	static
