../../CM7/../../CM7/Middlewares/ST/touchgfx/framework/include/touchgfx/Screen.hpp:104:18:virtual void touchgfx::Screen::afterTransition()	0	static
../../CM7/../../CM7/Middlewares/ST/touchgfx/framework/include/touchgfx/Screen.hpp:144:18:virtual void touchgfx::Screen::handleTickEvent()	0	static
../../CM7/../../CM7/Middlewares/ST/touchgfx/framework/include/touchgfx/Screen.hpp:154:18:virtual void touchgfx::Screen::handleKeyEvent(uint8_t)	0	static
C:/Users/jakub/Desktop/Praca_inz/stm32_workspace/ediabasdiagnoser/CM7/TouchGFX/gui/src/calculator_screen/CalculatorView.cpp:19:6:virtual void CalculatorView::tearDownScreen()	0	static
C:/Users/jakub/Desktop/Praca_inz/stm32_workspace/ediabasdiagnoser/CM7/TouchGFX/gui/src/calculator_screen/CalculatorView.cpp:24:6:virtual void CalculatorView::sendToCalculator_Equals()	40	static
C:/Users/jakub/Desktop/Praca_inz/stm32_workspace/ediabasdiagnoser/CM7/TouchGFX/gui/src/calculator_screen/CalculatorView.cpp:93:6:virtual void CalculatorView::sendToCalculator_0()	0	static
../../CM7/../../CM7/TouchGFX/gui/include/gui/calculator_screen/CalculatorView.hpp:11:13:CalculatorView::~CalculatorView()	8	static
../../CM7/../../CM7/TouchGFX/gui/include/gui/calculator_screen/CalculatorView.hpp:11:13:virtual CalculatorView::~CalculatorView()	8	static
C:/Users/jakub/Desktop/Praca_inz/stm32_workspace/ediabasdiagnoser/CM7/TouchGFX/gui/src/calculator_screen/CalculatorView.cpp:9:1:CalculatorView::CalculatorView()	8	static
C:/Users/jakub/Desktop/Praca_inz/stm32_workspace/ediabasdiagnoser/CM7/TouchGFX/gui/src/calculator_screen/CalculatorView.cpp:14:6:virtual void CalculatorView::setupScreen()	0	static
C:/Users/jakub/Desktop/Praca_inz/stm32_workspace/ediabasdiagnoser/CM7/TouchGFX/gui/src/calculator_screen/CalculatorView.cpp:35:6:void CalculatorView::setCalculationResult(unsigned char*)	56	static
C:/Users/jakub/Desktop/Praca_inz/stm32_workspace/ediabasdiagnoser/CM7/TouchGFX/gui/src/calculator_screen/CalculatorView.cpp:85:6:void CalculatorView::clearText()	48	static
C:/Users/jakub/Desktop/Praca_inz/stm32_workspace/ediabasdiagnoser/CM7/TouchGFX/gui/src/calculator_screen/CalculatorView.cpp:215:6:virtual void CalculatorView::sendToCalculator_Clear()	0	static
C:/Users/jakub/Desktop/Praca_inz/stm32_workspace/ediabasdiagnoser/CM7/TouchGFX/gui/src/calculator_screen/CalculatorView.cpp:45:6:bool CalculatorView::addChar(char)	56	static
C:/Users/jakub/Desktop/Praca_inz/stm32_workspace/ediabasdiagnoser/CM7/TouchGFX/gui/src/calculator_screen/CalculatorView.cpp:99:6:virtual void CalculatorView::sendToCalculator_1()	0	static
C:/Users/jakub/Desktop/Praca_inz/stm32_workspace/ediabasdiagnoser/CM7/TouchGFX/gui/src/calculator_screen/CalculatorView.cpp:104:6:virtual void CalculatorView::sendToCalculator_2()	0	static
C:/Users/jakub/Desktop/Praca_inz/stm32_workspace/ediabasdiagnoser/CM7/TouchGFX/gui/src/calculator_screen/CalculatorView.cpp:109:6:virtual void CalculatorView::sendToCalculator_3()	0	static
C:/Users/jakub/Desktop/Praca_inz/stm32_workspace/ediabasdiagnoser/CM7/TouchGFX/gui/src/calculator_screen/CalculatorView.cpp:114:6:virtual void CalculatorView::sendToCalculator_4()	0	static
C:/Users/jakub/Desktop/Praca_inz/stm32_workspace/ediabasdiagnoser/CM7/TouchGFX/gui/src/calculator_screen/CalculatorView.cpp:119:6:virtual void CalculatorView::sendToCalculator_5()	0	static
C:/Users/jakub/Desktop/Praca_inz/stm32_workspace/ediabasdiagnoser/CM7/TouchGFX/gui/src/calculator_screen/CalculatorView.cpp:124:6:virtual void CalculatorView::sendToCalculator_6()	0	static
C:/Users/jakub/Desktop/Praca_inz/stm32_workspace/ediabasdiagnoser/CM7/TouchGFX/gui/src/calculator_screen/CalculatorView.cpp:129:6:virtual void CalculatorView::sendToCalculator_7()	0	static
C:/Users/jakub/Desktop/Praca_inz/stm32_workspace/ediabasdiagnoser/CM7/TouchGFX/gui/src/calculator_screen/CalculatorView.cpp:134:6:virtual void CalculatorView::sendToCalculator_8()	0	static
C:/Users/jakub/Desktop/Praca_inz/stm32_workspace/ediabasdiagnoser/CM7/TouchGFX/gui/src/calculator_screen/CalculatorView.cpp:139:6:virtual void CalculatorView::sendToCalculator_9()	0	static
C:/Users/jakub/Desktop/Praca_inz/stm32_workspace/ediabasdiagnoser/CM7/TouchGFX/gui/src/calculator_screen/CalculatorView.cpp:144:6:virtual void CalculatorView::sendToCalculator_Add()	0	static
C:/Users/jakub/Desktop/Praca_inz/stm32_workspace/ediabasdiagnoser/CM7/TouchGFX/gui/src/calculator_screen/CalculatorView.cpp:154:6:virtual void CalculatorView::sendToCalculator_OpenParenthesis()	0	static
C:/Users/jakub/Desktop/Praca_inz/stm32_workspace/ediabasdiagnoser/CM7/TouchGFX/gui/src/calculator_screen/CalculatorView.cpp:159:6:virtual void CalculatorView::sendToCalculator_CloseParenthesis()	0	static
C:/Users/jakub/Desktop/Praca_inz/stm32_workspace/ediabasdiagnoser/CM7/TouchGFX/gui/src/calculator_screen/CalculatorView.cpp:164:6:virtual void CalculatorView::sendToCalculator_Subtract()	0	static
C:/Users/jakub/Desktop/Praca_inz/stm32_workspace/ediabasdiagnoser/CM7/TouchGFX/gui/src/calculator_screen/CalculatorView.cpp:169:6:virtual void CalculatorView::sendToCalculator_Multiply()	0	static
C:/Users/jakub/Desktop/Praca_inz/stm32_workspace/ediabasdiagnoser/CM7/TouchGFX/gui/src/calculator_screen/CalculatorView.cpp:174:6:virtual void CalculatorView::sendToCalculator_Divide()	0	static
C:/Users/jakub/Desktop/Praca_inz/stm32_workspace/ediabasdiagnoser/CM7/TouchGFX/gui/src/calculator_screen/CalculatorView.cpp:179:6:virtual void CalculatorView::sendToCalculator_Comma()	0	static
C:/Users/jakub/Desktop/Praca_inz/stm32_workspace/ediabasdiagnoser/CM7/TouchGFX/gui/src/calculator_screen/CalculatorView.cpp:184:6:virtual void CalculatorView::sendToCalculator_e()	0	static
C:/Users/jakub/Desktop/Praca_inz/stm32_workspace/ediabasdiagnoser/CM7/TouchGFX/gui/src/calculator_screen/CalculatorView.cpp:189:6:virtual void CalculatorView::sendToCalculator_Pi()	8	static
C:/Users/jakub/Desktop/Praca_inz/stm32_workspace/ediabasdiagnoser/CM7/TouchGFX/gui/src/calculator_screen/CalculatorView.cpp:198:6:virtual void CalculatorView::sendToCalculator_Sqrt()	8	static
C:/Users/jakub/Desktop/Praca_inz/stm32_workspace/ediabasdiagnoser/CM7/TouchGFX/gui/src/calculator_screen/CalculatorView.cpp:210:6:virtual void CalculatorView::sendToCalculator_Power()	0	static
C:/Users/jakub/Desktop/Praca_inz/stm32_workspace/ediabasdiagnoser/CM7/TouchGFX/gui/src/calculator_screen/CalculatorView.cpp:65:6:bool CalculatorView::removeLastChar()	56	static
C:/Users/jakub/Desktop/Praca_inz/stm32_workspace/ediabasdiagnoser/CM7/TouchGFX/gui/src/calculator_screen/CalculatorView.cpp:149:6:virtual void CalculatorView::sendToCalculator_Delete()	0	static
