../../CM7/../../CM7/Middlewares/ST/touchgfx/framework/include/touchgfx/Screen.hpp:104:18:virtual void touchgfx::Screen::afterTransition()	0	static
../../CM7/../../CM7/Middlewares/ST/touchgfx/framework/include/touchgfx/Screen.hpp:144:18:virtual void touchgfx::Screen::handleTickEvent()	0	static
../../CM7/../../CM7/Middlewares/ST/touchgfx/framework/include/touchgfx/Screen.hpp:154:18:virtual void touchgfx::Screen::handleKeyEvent(uint8_t)	0	static
C:/Users/jakub/Desktop/Praca_inz/stm32_workspace/stm32_doipdiagnoser/CM7/TouchGFX/gui/src/calculator_screen/CalculatorView.cpp:18:6:virtual void CalculatorView::tearDownScreen()	0	static
C:/Users/jakub/Desktop/Praca_inz/stm32_workspace/stm32_doipdiagnoser/CM7/TouchGFX/gui/src/calculator_screen/CalculatorView.cpp:23:6:virtual void CalculatorView::sendToCalculator_Equals()	56	static
../../CM7/../../CM7/TouchGFX/gui/include/gui/calculator_screen/CalculatorView.hpp:11:13:CalculatorView::~CalculatorView()	8	static
../../CM7/../../CM7/TouchGFX/gui/include/gui/calculator_screen/CalculatorView.hpp:11:13:virtual CalculatorView::~CalculatorView()	8	static
C:/Users/jakub/Desktop/Praca_inz/stm32_workspace/stm32_doipdiagnoser/CM7/TouchGFX/gui/src/calculator_screen/CalculatorView.cpp:8:1:CalculatorView::CalculatorView()	8	static
C:/Users/jakub/Desktop/Praca_inz/stm32_workspace/stm32_doipdiagnoser/CM7/TouchGFX/gui/src/calculator_screen/CalculatorView.cpp:13:6:virtual void CalculatorView::setupScreen()	0	static
C:/Users/jakub/Desktop/Praca_inz/stm32_workspace/stm32_doipdiagnoser/CM7/TouchGFX/gui/src/calculator_screen/CalculatorView.cpp:34:6:void CalculatorView::setCalculationResult(unsigned char*)	56	static
C:/Users/jakub/Desktop/Praca_inz/stm32_workspace/stm32_doipdiagnoser/CM7/TouchGFX/gui/src/calculator_screen/CalculatorView.cpp:84:6:void CalculatorView::clearText()	48	static
C:/Users/jakub/Desktop/Praca_inz/stm32_workspace/stm32_doipdiagnoser/CM7/TouchGFX/gui/src/calculator_screen/CalculatorView.cpp:213:6:virtual void CalculatorView::sendToCalculator_Clear()	0	static
C:/Users/jakub/Desktop/Praca_inz/stm32_workspace/stm32_doipdiagnoser/CM7/TouchGFX/gui/src/calculator_screen/CalculatorView.cpp:44:6:bool CalculatorView::addChar(char)	56	static
C:/Users/jakub/Desktop/Praca_inz/stm32_workspace/stm32_doipdiagnoser/CM7/TouchGFX/gui/src/calculator_screen/CalculatorView.cpp:92:6:virtual void CalculatorView::sendToCalculator_0()	0	static
C:/Users/jakub/Desktop/Praca_inz/stm32_workspace/stm32_doipdiagnoser/CM7/TouchGFX/gui/src/calculator_screen/CalculatorView.cpp:97:6:virtual void CalculatorView::sendToCalculator_1()	0	static
C:/Users/jakub/Desktop/Praca_inz/stm32_workspace/stm32_doipdiagnoser/CM7/TouchGFX/gui/src/calculator_screen/CalculatorView.cpp:102:6:virtual void CalculatorView::sendToCalculator_2()	0	static
C:/Users/jakub/Desktop/Praca_inz/stm32_workspace/stm32_doipdiagnoser/CM7/TouchGFX/gui/src/calculator_screen/CalculatorView.cpp:107:6:virtual void CalculatorView::sendToCalculator_3()	0	static
C:/Users/jakub/Desktop/Praca_inz/stm32_workspace/stm32_doipdiagnoser/CM7/TouchGFX/gui/src/calculator_screen/CalculatorView.cpp:112:6:virtual void CalculatorView::sendToCalculator_4()	0	static
C:/Users/jakub/Desktop/Praca_inz/stm32_workspace/stm32_doipdiagnoser/CM7/TouchGFX/gui/src/calculator_screen/CalculatorView.cpp:117:6:virtual void CalculatorView::sendToCalculator_5()	0	static
C:/Users/jakub/Desktop/Praca_inz/stm32_workspace/stm32_doipdiagnoser/CM7/TouchGFX/gui/src/calculator_screen/CalculatorView.cpp:122:6:virtual void CalculatorView::sendToCalculator_6()	0	static
C:/Users/jakub/Desktop/Praca_inz/stm32_workspace/stm32_doipdiagnoser/CM7/TouchGFX/gui/src/calculator_screen/CalculatorView.cpp:127:6:virtual void CalculatorView::sendToCalculator_7()	0	static
C:/Users/jakub/Desktop/Praca_inz/stm32_workspace/stm32_doipdiagnoser/CM7/TouchGFX/gui/src/calculator_screen/CalculatorView.cpp:132:6:virtual void CalculatorView::sendToCalculator_8()	0	static
C:/Users/jakub/Desktop/Praca_inz/stm32_workspace/stm32_doipdiagnoser/CM7/TouchGFX/gui/src/calculator_screen/CalculatorView.cpp:137:6:virtual void CalculatorView::sendToCalculator_9()	0	static
C:/Users/jakub/Desktop/Praca_inz/stm32_workspace/stm32_doipdiagnoser/CM7/TouchGFX/gui/src/calculator_screen/CalculatorView.cpp:142:6:virtual void CalculatorView::sendToCalculator_Add()	0	static
C:/Users/jakub/Desktop/Praca_inz/stm32_workspace/stm32_doipdiagnoser/CM7/TouchGFX/gui/src/calculator_screen/CalculatorView.cpp:152:6:virtual void CalculatorView::sendToCalculator_OpenParenthesis()	0	static
C:/Users/jakub/Desktop/Praca_inz/stm32_workspace/stm32_doipdiagnoser/CM7/TouchGFX/gui/src/calculator_screen/CalculatorView.cpp:157:6:virtual void CalculatorView::sendToCalculator_CloseParenthesis()	0	static
C:/Users/jakub/Desktop/Praca_inz/stm32_workspace/stm32_doipdiagnoser/CM7/TouchGFX/gui/src/calculator_screen/CalculatorView.cpp:162:6:virtual void CalculatorView::sendToCalculator_Subtract()	0	static
C:/Users/jakub/Desktop/Praca_inz/stm32_workspace/stm32_doipdiagnoser/CM7/TouchGFX/gui/src/calculator_screen/CalculatorView.cpp:167:6:virtual void CalculatorView::sendToCalculator_Multiply()	0	static
C:/Users/jakub/Desktop/Praca_inz/stm32_workspace/stm32_doipdiagnoser/CM7/TouchGFX/gui/src/calculator_screen/CalculatorView.cpp:172:6:virtual void CalculatorView::sendToCalculator_Divide()	0	static
C:/Users/jakub/Desktop/Praca_inz/stm32_workspace/stm32_doipdiagnoser/CM7/TouchGFX/gui/src/calculator_screen/CalculatorView.cpp:177:6:virtual void CalculatorView::sendToCalculator_Comma()	0	static
C:/Users/jakub/Desktop/Praca_inz/stm32_workspace/stm32_doipdiagnoser/CM7/TouchGFX/gui/src/calculator_screen/CalculatorView.cpp:182:6:virtual void CalculatorView::sendToCalculator_e()	0	static
C:/Users/jakub/Desktop/Praca_inz/stm32_workspace/stm32_doipdiagnoser/CM7/TouchGFX/gui/src/calculator_screen/CalculatorView.cpp:187:6:virtual void CalculatorView::sendToCalculator_Pi()	8	static
C:/Users/jakub/Desktop/Praca_inz/stm32_workspace/stm32_doipdiagnoser/CM7/TouchGFX/gui/src/calculator_screen/CalculatorView.cpp:196:6:virtual void CalculatorView::sendToCalculator_Sqrt()	8	static
C:/Users/jakub/Desktop/Praca_inz/stm32_workspace/stm32_doipdiagnoser/CM7/TouchGFX/gui/src/calculator_screen/CalculatorView.cpp:208:6:virtual void CalculatorView::sendToCalculator_Power()	0	static
C:/Users/jakub/Desktop/Praca_inz/stm32_workspace/stm32_doipdiagnoser/CM7/TouchGFX/gui/src/calculator_screen/CalculatorView.cpp:64:6:bool CalculatorView::removeLastChar()	56	static
C:/Users/jakub/Desktop/Praca_inz/stm32_workspace/stm32_doipdiagnoser/CM7/TouchGFX/gui/src/calculator_screen/CalculatorView.cpp:147:6:virtual void CalculatorView::sendToCalculator_Delete()	0	static
