../../CM7/../../CM7/Middlewares/ST/touchgfx/framework/include/touchgfx/Screen.hpp:104:18:virtual void touchgfx::Screen::afterTransition()	0	static
../../CM7/../../CM7/Middlewares/ST/touchgfx/framework/include/touchgfx/Screen.hpp:144:18:virtual void touchgfx::Screen::handleTickEvent()	0	static
../../CM7/../../CM7/Middlewares/ST/touchgfx/framework/include/touchgfx/Screen.hpp:154:18:virtual void touchgfx::Screen::handleKeyEvent(uint8_t)	0	static
C:/Users/jakub/Desktop/Praca_inz/stm32_workspace/ediabasdiagnoser/CM7/TouchGFX/gui/src/calculator_screen/CalculatorView.cpp:19:6:virtual void CalculatorView::tearDownScreen()	0	static
C:/Users/jakub/Desktop/Praca_inz/stm32_workspace/ediabasdiagnoser/CM7/TouchGFX/gui/src/calculator_screen/CalculatorView.cpp:24:6:virtual void CalculatorView::sendToCalculator_Equals()	56	static
../../CM7/../../CM7/TouchGFX/gui/include/gui/calculator_screen/CalculatorView.hpp:11:13:CalculatorView::~CalculatorView()	8	static
../../CM7/../../CM7/TouchGFX/gui/include/gui/calculator_screen/CalculatorView.hpp:11:13:virtual CalculatorView::~CalculatorView()	8	static
C:/Users/jakub/Desktop/Praca_inz/stm32_workspace/ediabasdiagnoser/CM7/TouchGFX/gui/src/calculator_screen/CalculatorView.cpp:9:1:CalculatorView::CalculatorView()	8	static
C:/Users/jakub/Desktop/Praca_inz/stm32_workspace/ediabasdiagnoser/CM7/TouchGFX/gui/src/calculator_screen/CalculatorView.cpp:14:6:virtual void CalculatorView::setupScreen()	0	static
C:/Users/jakub/Desktop/Praca_inz/stm32_workspace/ediabasdiagnoser/CM7/TouchGFX/gui/src/calculator_screen/CalculatorView.cpp:35:6:void CalculatorView::setCalculationResult(unsigned char*)	56	static
C:/Users/jakub/Desktop/Praca_inz/stm32_workspace/ediabasdiagnoser/CM7/TouchGFX/gui/src/calculator_screen/CalculatorView.cpp:85:6:void CalculatorView::clearText()	48	static
C:/Users/jakub/Desktop/Praca_inz/stm32_workspace/ediabasdiagnoser/CM7/TouchGFX/gui/src/calculator_screen/CalculatorView.cpp:214:6:virtual void CalculatorView::sendToCalculator_Clear()	0	static
C:/Users/jakub/Desktop/Praca_inz/stm32_workspace/ediabasdiagnoser/CM7/TouchGFX/gui/src/calculator_screen/CalculatorView.cpp:45:6:bool CalculatorView::addChar(char)	56	static
C:/Users/jakub/Desktop/Praca_inz/stm32_workspace/ediabasdiagnoser/CM7/TouchGFX/gui/src/calculator_screen/CalculatorView.cpp:93:6:virtual void CalculatorView::sendToCalculator_0()	0	static
C:/Users/jakub/Desktop/Praca_inz/stm32_workspace/ediabasdiagnoser/CM7/TouchGFX/gui/src/calculator_screen/CalculatorView.cpp:98:6:virtual void CalculatorView::sendToCalculator_1()	0	static
C:/Users/jakub/Desktop/Praca_inz/stm32_workspace/ediabasdiagnoser/CM7/TouchGFX/gui/src/calculator_screen/CalculatorView.cpp:103:6:virtual void CalculatorView::sendToCalculator_2()	0	static
C:/Users/jakub/Desktop/Praca_inz/stm32_workspace/ediabasdiagnoser/CM7/TouchGFX/gui/src/calculator_screen/CalculatorView.cpp:108:6:virtual void CalculatorView::sendToCalculator_3()	0	static
C:/Users/jakub/Desktop/Praca_inz/stm32_workspace/ediabasdiagnoser/CM7/TouchGFX/gui/src/calculator_screen/CalculatorView.cpp:113:6:virtual void CalculatorView::sendToCalculator_4()	0	static
C:/Users/jakub/Desktop/Praca_inz/stm32_workspace/ediabasdiagnoser/CM7/TouchGFX/gui/src/calculator_screen/CalculatorView.cpp:118:6:virtual void CalculatorView::sendToCalculator_5()	0	static
C:/Users/jakub/Desktop/Praca_inz/stm32_workspace/ediabasdiagnoser/CM7/TouchGFX/gui/src/calculator_screen/CalculatorView.cpp:123:6:virtual void CalculatorView::sendToCalculator_6()	0	static
C:/Users/jakub/Desktop/Praca_inz/stm32_workspace/ediabasdiagnoser/CM7/TouchGFX/gui/src/calculator_screen/CalculatorView.cpp:128:6:virtual void CalculatorView::sendToCalculator_7()	0	static
C:/Users/jakub/Desktop/Praca_inz/stm32_workspace/ediabasdiagnoser/CM7/TouchGFX/gui/src/calculator_screen/CalculatorView.cpp:133:6:virtual void CalculatorView::sendToCalculator_8()	0	static
C:/Users/jakub/Desktop/Praca_inz/stm32_workspace/ediabasdiagnoser/CM7/TouchGFX/gui/src/calculator_screen/CalculatorView.cpp:138:6:virtual void CalculatorView::sendToCalculator_9()	0	static
C:/Users/jakub/Desktop/Praca_inz/stm32_workspace/ediabasdiagnoser/CM7/TouchGFX/gui/src/calculator_screen/CalculatorView.cpp:143:6:virtual void CalculatorView::sendToCalculator_Add()	0	static
C:/Users/jakub/Desktop/Praca_inz/stm32_workspace/ediabasdiagnoser/CM7/TouchGFX/gui/src/calculator_screen/CalculatorView.cpp:153:6:virtual void CalculatorView::sendToCalculator_OpenParenthesis()	0	static
C:/Users/jakub/Desktop/Praca_inz/stm32_workspace/ediabasdiagnoser/CM7/TouchGFX/gui/src/calculator_screen/CalculatorView.cpp:158:6:virtual void CalculatorView::sendToCalculator_CloseParenthesis()	0	static
C:/Users/jakub/Desktop/Praca_inz/stm32_workspace/ediabasdiagnoser/CM7/TouchGFX/gui/src/calculator_screen/CalculatorView.cpp:163:6:virtual void CalculatorView::sendToCalculator_Subtract()	0	static
C:/Users/jakub/Desktop/Praca_inz/stm32_workspace/ediabasdiagnoser/CM7/TouchGFX/gui/src/calculator_screen/CalculatorView.cpp:168:6:virtual void CalculatorView::sendToCalculator_Multiply()	0	static
C:/Users/jakub/Desktop/Praca_inz/stm32_workspace/ediabasdiagnoser/CM7/TouchGFX/gui/src/calculator_screen/CalculatorView.cpp:173:6:virtual void CalculatorView::sendToCalculator_Divide()	0	static
C:/Users/jakub/Desktop/Praca_inz/stm32_workspace/ediabasdiagnoser/CM7/TouchGFX/gui/src/calculator_screen/CalculatorView.cpp:178:6:virtual void CalculatorView::sendToCalculator_Comma()	0	static
C:/Users/jakub/Desktop/Praca_inz/stm32_workspace/ediabasdiagnoser/CM7/TouchGFX/gui/src/calculator_screen/CalculatorView.cpp:183:6:virtual void CalculatorView::sendToCalculator_e()	0	static
C:/Users/jakub/Desktop/Praca_inz/stm32_workspace/ediabasdiagnoser/CM7/TouchGFX/gui/src/calculator_screen/CalculatorView.cpp:188:6:virtual void CalculatorView::sendToCalculator_Pi()	8	static
C:/Users/jakub/Desktop/Praca_inz/stm32_workspace/ediabasdiagnoser/CM7/TouchGFX/gui/src/calculator_screen/CalculatorView.cpp:197:6:virtual void CalculatorView::sendToCalculator_Sqrt()	8	static
C:/Users/jakub/Desktop/Praca_inz/stm32_workspace/ediabasdiagnoser/CM7/TouchGFX/gui/src/calculator_screen/CalculatorView.cpp:209:6:virtual void CalculatorView::sendToCalculator_Power()	0	static
C:/Users/jakub/Desktop/Praca_inz/stm32_workspace/ediabasdiagnoser/CM7/TouchGFX/gui/src/calculator_screen/CalculatorView.cpp:65:6:bool CalculatorView::removeLastChar()	56	static
C:/Users/jakub/Desktop/Praca_inz/stm32_workspace/ediabasdiagnoser/CM7/TouchGFX/gui/src/calculator_screen/CalculatorView.cpp:148:6:virtual void CalculatorView::sendToCalculator_Delete()	0	static
