../../CM7/../../CM7/TouchGFX/gui/include/gui/mainscreen_screen/MainScreenPresenter.hpp:28:13:MainScreenPresenter::~MainScreenPresenter()	0	static
C:/Users/jakub/Desktop/Praca_inz/stm32_workspace/ediabasdiagnoser/CM7/TouchGFX/gui/src/mainscreen_screen/MainScreenPresenter.cpp:10:6:virtual void MainScreenPresenter::activate()	0	static
../../CM7/../../CM7/TouchGFX/gui/include/gui/mainscreen_screen/MainScreenPresenter.hpp:28:13:virtual MainScreenPresenter::~MainScreenPresenter()	8	static
../../CM7/../../CM7/TouchGFX/gui/include/gui/mainscreen_screen/MainScreenPresenter.hpp:28:13:virtual void* MainScreenPresenter::_ZThn4_N19MainScreenPresenterD1Ev()	0	static
C:/Users/jakub/Desktop/Praca_inz/stm32_workspace/ediabasdiagnoser/CM7/TouchGFX/gui/src/mainscreen_screen/MainScreenPresenter.cpp:4:1:MainScreenPresenter::MainScreenPresenter(MainScreenView&)	0	static
