Archive member included to satisfy reference by file (symbol)

c:/touchgfx/4.24.0/env/mingw/msys/1.0/gnu-arm-gcc/bin/../lib/gcc/arm-none-eabi/7.3.1/../../../../arm-none-eabi/lib/thumb/v7e-m/fpv4-sp/hard\libc.a(lib_a-errno.o)
                              CM4/TouchGFX/build/STM32H747I_DISCO/STM32CubeIDE/CM4/Application/User/Core/syscalls.o (__errno)
c:/touchgfx/4.24.0/env/mingw/msys/1.0/gnu-arm-gcc/bin/../lib/gcc/arm-none-eabi/7.3.1/../../../../arm-none-eabi/lib/thumb/v7e-m/fpv4-sp/hard\libc.a(lib_a-exit.o)
                              c:/touchgfx/4.24.0/env/mingw/msys/1.0/gnu-arm-gcc/bin/../lib/gcc/arm-none-eabi/7.3.1/../../../../arm-none-eabi/lib/thumb/v7e-m/fpv4-sp/hard/crt0.o (exit)
c:/touchgfx/4.24.0/env/mingw/msys/1.0/gnu-arm-gcc/bin/../lib/gcc/arm-none-eabi/7.3.1/../../../../arm-none-eabi/lib/thumb/v7e-m/fpv4-sp/hard\libc.a(lib_a-impure.o)
                              c:/touchgfx/4.24.0/env/mingw/msys/1.0/gnu-arm-gcc/bin/../lib/gcc/arm-none-eabi/7.3.1/../../../../arm-none-eabi/lib/thumb/v7e-m/fpv4-sp/hard\libc.a(lib_a-exit.o) (_global_impure_ptr)
c:/touchgfx/4.24.0/env/mingw/msys/1.0/gnu-arm-gcc/bin/../lib/gcc/arm-none-eabi/7.3.1/../../../../arm-none-eabi/lib/thumb/v7e-m/fpv4-sp/hard\libc.a(lib_a-init.o)
                              c:/touchgfx/4.24.0/env/mingw/msys/1.0/gnu-arm-gcc/bin/../lib/gcc/arm-none-eabi/7.3.1/../../../../arm-none-eabi/lib/thumb/v7e-m/fpv4-sp/hard/crt0.o (__libc_init_array)
c:/touchgfx/4.24.0/env/mingw/msys/1.0/gnu-arm-gcc/bin/../lib/gcc/arm-none-eabi/7.3.1/../../../../arm-none-eabi/lib/thumb/v7e-m/fpv4-sp/hard\libc.a(lib_a-memset.o)
                              c:/touchgfx/4.24.0/env/mingw/msys/1.0/gnu-arm-gcc/bin/../lib/gcc/arm-none-eabi/7.3.1/../../../../arm-none-eabi/lib/thumb/v7e-m/fpv4-sp/hard/crt0.o (memset)
c:/touchgfx/4.24.0/env/mingw/msys/1.0/gnu-arm-gcc/bin/../lib/gcc/arm-none-eabi/7.3.1/../../../../arm-none-eabi/lib/thumb/v7e-m/fpv4-sp/hard\libc.a(lib_a-__call_atexit.o)
                              c:/touchgfx/4.24.0/env/mingw/msys/1.0/gnu-arm-gcc/bin/../lib/gcc/arm-none-eabi/7.3.1/../../../../arm-none-eabi/lib/thumb/v7e-m/fpv4-sp/hard\libc.a(lib_a-exit.o) (__call_exitprocs)
c:/touchgfx/4.24.0/env/mingw/msys/1.0/gnu-arm-gcc/bin/../lib/gcc/arm-none-eabi/7.3.1/../../../../arm-none-eabi/lib/thumb/v7e-m/fpv4-sp/hard\libc.a(lib_a-atexit.o)
                              c:/touchgfx/4.24.0/env/mingw/msys/1.0/gnu-arm-gcc/bin/../lib/gcc/arm-none-eabi/7.3.1/../../../../arm-none-eabi/lib/thumb/v7e-m/fpv4-sp/hard\libc.a(lib_a-__call_atexit.o) (atexit)
c:/touchgfx/4.24.0/env/mingw/msys/1.0/gnu-arm-gcc/bin/../lib/gcc/arm-none-eabi/7.3.1/../../../../arm-none-eabi/lib/thumb/v7e-m/fpv4-sp/hard\libc.a(lib_a-fini.o)
                              c:/touchgfx/4.24.0/env/mingw/msys/1.0/gnu-arm-gcc/bin/../lib/gcc/arm-none-eabi/7.3.1/../../../../arm-none-eabi/lib/thumb/v7e-m/fpv4-sp/hard\libc.a(lib_a-__call_atexit.o) (__libc_fini_array)
c:/touchgfx/4.24.0/env/mingw/msys/1.0/gnu-arm-gcc/bin/../lib/gcc/arm-none-eabi/7.3.1/../../../../arm-none-eabi/lib/thumb/v7e-m/fpv4-sp/hard\libc.a(lib_a-lock.o)
                              c:/touchgfx/4.24.0/env/mingw/msys/1.0/gnu-arm-gcc/bin/../lib/gcc/arm-none-eabi/7.3.1/../../../../arm-none-eabi/lib/thumb/v7e-m/fpv4-sp/hard\libc.a(lib_a-__call_atexit.o) (__retarget_lock_acquire_recursive)
c:/touchgfx/4.24.0/env/mingw/msys/1.0/gnu-arm-gcc/bin/../lib/gcc/arm-none-eabi/7.3.1/../../../../arm-none-eabi/lib/thumb/v7e-m/fpv4-sp/hard\libc.a(lib_a-__atexit.o)
                              c:/touchgfx/4.24.0/env/mingw/msys/1.0/gnu-arm-gcc/bin/../lib/gcc/arm-none-eabi/7.3.1/../../../../arm-none-eabi/lib/thumb/v7e-m/fpv4-sp/hard\libc.a(lib_a-atexit.o) (__register_exitproc)

Allocating common symbols
Common symbol       size              file

__lock___atexit_recursive_mutex
                    0x1               c:/touchgfx/4.24.0/env/mingw/msys/1.0/gnu-arm-gcc/bin/../lib/gcc/arm-none-eabi/7.3.1/../../../../arm-none-eabi/lib/thumb/v7e-m/fpv4-sp/hard\libc.a(lib_a-lock.o)
__lock___arc4random_mutex
                    0x1               c:/touchgfx/4.24.0/env/mingw/msys/1.0/gnu-arm-gcc/bin/../lib/gcc/arm-none-eabi/7.3.1/../../../../arm-none-eabi/lib/thumb/v7e-m/fpv4-sp/hard\libc.a(lib_a-lock.o)
uwTick              0x4               CM4/TouchGFX/build/STM32H747I_DISCO/Drivers/STM32H7xx_HAL_Driver/Src/stm32h7xx_hal.o
pFlash              0x1c              CM4/TouchGFX/build/STM32H747I_DISCO/Drivers/STM32H7xx_HAL_Driver/Src/stm32h7xx_hal_flash.o
__lock___env_recursive_mutex
                    0x1               c:/touchgfx/4.24.0/env/mingw/msys/1.0/gnu-arm-gcc/bin/../lib/gcc/arm-none-eabi/7.3.1/../../../../arm-none-eabi/lib/thumb/v7e-m/fpv4-sp/hard\libc.a(lib_a-lock.o)
__lock___sinit_recursive_mutex
                    0x1               c:/touchgfx/4.24.0/env/mingw/msys/1.0/gnu-arm-gcc/bin/../lib/gcc/arm-none-eabi/7.3.1/../../../../arm-none-eabi/lib/thumb/v7e-m/fpv4-sp/hard\libc.a(lib_a-lock.o)
__lock___malloc_recursive_mutex
[...]
Memory Configuration

Name             Origin             Length             Attributes
FLASH            0x08100000         0x00100000         xr
RAM              0x10000000         0x00048000         xrw
*default*        0x00000000         0xffffffff

Linker script and memory map

LOAD c:/touchgfx/4.24.0/env/mingw/msys/1.0/gnu-arm-gcc/bin/../lib/gcc/arm-none-eabi/7.3.1/thumb/v7e-m/fpv4-sp/hard/crti.o
LOAD c:/touchgfx/4.24.0/env/mingw/msys/1.0/gnu-arm-gcc/bin/../lib/gcc/arm-none-eabi/7.3.1/thumb/v7e-m/fpv4-sp/hard/crtbegin.o
LOAD c:/touchgfx/4.24.0/env/mingw/msys/1.0/gnu-arm-gcc/bin/../lib/gcc/arm-none-eabi/7.3.1/../../../../arm-none-eabi/lib/thumb/v7e-m/fpv4-sp/hard/crt0.o
START GROUP
LOAD c:/touchgfx/4.24.0/env/mingw/msys/1.0/gnu-arm-gcc/bin/../lib/gcc/arm-none-eabi/7.3.1/../../../../arm-none-eabi/lib/thumb/v7e-m/fpv4-sp/hard\libstdc++.a
LOAD c:/touchgfx/4.24.0/env/mingw/msys/1.0/gnu-arm-gcc/bin/../lib/gcc/arm-none-eabi/7.3.1/../../../../arm-none-eabi/lib/thumb/v7e-m/fpv4-sp/hard\libsupc++.a
END GROUP
LOAD CM4/TouchGFX/build/STM32H747I_DISCO/Drivers/STM32H7xx_HAL_Driver/Src/stm32h7xx_hal.o
LOAD CM4/TouchGFX/build/STM32H747I_DISCO/Drivers/STM32H7xx_HAL_Driver/Src/stm32h7xx_hal_cortex.o
LOAD CM4/TouchGFX/build/STM32H747I_DISCO/Drivers/STM32H7xx_HAL_Driver/Src/stm32h7xx_hal_crc.o
LOAD CM4/TouchGFX/build/STM32H747I_DISCO/Drivers/STM32H7xx_HAL_Driver/Src/stm32h7xx_hal_crc_ex.o
LOAD CM4/TouchGFX/build/STM32H747I_DISCO/Drivers/STM32H7xx_HAL_Driver/Src/stm32h7xx_hal_dma.o
LOAD CM4/TouchGFX/build/STM32H747I_DISCO/Drivers/STM32H7xx_HAL_Driver/Src/stm32h7xx_hal_dma_ex.o
LOAD CM4/TouchGFX/build/STM32H747I_DISCO/Drivers/STM32H7xx_HAL_Driver/Src/stm32h7xx_hal_dma2d.o
LOAD CM4/TouchGFX/build/STM32H747I_DISCO/Drivers/STM32H7xx_HAL_Driver/Src/stm32h7xx_hal_dsi.o
LOAD CM4/TouchGFX/build/STM32H747I_DISCO/Drivers/STM32H7xx_HAL_Driver/Src/stm32h7xx_hal_exti.o
LOAD CM4/TouchGFX/build/STM32H747I_DISCO/Drivers/STM32H7xx_HAL_Driver/Src/stm32h7xx_hal_flash.o
LOAD CM4/TouchGFX/build/STM32H747I_DISCO/Drivers/STM32H7xx_HAL_Driver/Src/stm32h7xx_hal_flash_ex.o
LOAD CM4/TouchGFX/build/STM32H747I_DISCO/Drivers/STM32H7xx_HAL_Driver/Src/stm32h7xx_hal_gpio.o
LOAD CM4/TouchGFX/build/STM32H747I_DISCO/Drivers/STM32H7xx_HAL_Driver/Src/stm32h7xx_hal_hsem.o
LOAD CM4/TouchGFX/build/STM32H747I_DISCO/Drivers/STM32H7xx_HAL_Driver/Src/stm32h7xx_hal_i2c.o
LOAD CM4/TouchGFX/build/STM32H747I_DISCO/Drivers/STM32H7xx_HAL_Driver/Src/stm32h7xx_hal_i2c_ex.o
LOAD CM4/TouchGFX/build/STM32H747I_DISCO/Drivers/STM32H7xx_HAL_Driver/Src/stm32h7xx_hal_ltdc.o
LOAD CM4/TouchGFX/build/STM32H747I_DISCO/Drivers/STM32H7xx_HAL_Driver/Src/stm32h7xx_hal_ltdc_ex.o
LOAD CM4/TouchGFX/build/STM32H747I_DISCO/Drivers/STM32H7xx_HAL_Driver/Src/stm32h7xx_hal_mdma.o
LOAD CM4/TouchGFX/build/STM32H747I_DISCO/Drivers/STM32H7xx_HAL_Driver/Src/stm32h7xx_hal_pwr.o
LOAD CM4/TouchGFX/build/STM32H747I_DISCO/Drivers/STM32H7xx_HAL_Driver/Src/stm32h7xx_hal_pwr_ex.o
LOAD CM4/TouchGFX/build/STM32H747I_DISCO/Drivers/STM32H7xx_HAL_Driver/Src/stm32h7xx_hal_qspi.o
LOAD CM4/TouchGFX/build/STM32H747I_DISCO/Drivers/STM32H7xx_HAL_Driver/Src/stm32h7xx_hal_rcc.o
LOAD CM4/TouchGFX/build/STM32H747I_DISCO/Drivers/STM32H7xx_HAL_Driver/Src/stm32h7xx_hal_rcc_ex.o
LOAD CM4/TouchGFX/build/STM32H747I_DISCO/Drivers/STM32H7xx_HAL_Driver/Src/stm32h7xx_hal_sdram.o
LOAD CM4/TouchGFX/build/STM32H747I_DISCO/Drivers/STM32H7xx_HAL_Driver/Src/stm32h7xx_hal_tim.o
LOAD CM4/TouchGFX/build/STM32H747I_DISCO/Drivers/STM32H7xx_HAL_Driver/Src/stm32h7xx_hal_tim_ex.o
LOAD CM4/TouchGFX/build/STM32H747I_DISCO/Drivers/STM32H7xx_HAL_Driver/Src/stm32h7xx_ll_fmc.o
LOAD CM4/TouchGFX/build/STM32H747I_DISCO/CM4/Core/Src/main.o
LOAD CM4/TouchGFX/build/STM32H747I_DISCO/CM4/Core/Src/stm32h7xx_it.o
LOAD CM4/TouchGFX/build/STM32H747I_DISCO/CM4/Core/Src/stm32h7xx_hal_msp.o
LOAD CM4/TouchGFX/build/STM32H747I_DISCO/STM32CubeIDE/CM4/Application/User/Core/syscalls.o
LOAD CM4/TouchGFX/build/STM32H747I_DISCO/STM32CubeIDE/CM4/Application/User/Core/sysmem.o
LOAD CM4/TouchGFX/build/STM32H747I_DISCO/Common/Src/system_stm32h7xx_dualcore_boot_cm4_cm7.o
LOAD CM4/TouchGFX/build/STM32H747I_DISCO/STM32CubeIDE/CM4/Application/User/Startup/startup_stm32h747xihx.o
START GROUP
END GROUP
LOAD c:/touchgfx/4.24.0/env/mingw/msys/1.0/gnu-arm-gcc/bin/../lib/gcc/arm-none-eabi/7.3.1/../../../../arm-none-eabi/lib/thumb/v7e-m/fpv4-sp/hard\libstdc++.a
LOAD c:/touchgfx/4.24.0/env/mingw/msys/1.0/gnu-arm-gcc/bin/../lib/gcc/arm-none-eabi/7.3.1/../../../../arm-none-eabi/lib/thumb/v7e-m/fpv4-sp/hard\libm.a
LOAD c:/touchgfx/4.24.0/env/mingw/msys/1.0/gnu-arm-gcc/bin/../lib/gcc/arm-none-eabi/7.3.1/../../../../arm-none-eabi/lib/thumb/v7e-m/fpv4-sp/hard\libc.a
START GROUP
LOAD c:/touchgfx/4.24.0/env/mingw/msys/1.0/gnu-arm-gcc/bin/../lib/gcc/arm-none-eabi/7.3.1/thumb/v7e-m/fpv4-sp/hard\libgcc.a
LOAD c:/touchgfx/4.24.0/env/mingw/msys/1.0/gnu-arm-gcc/bin/../lib/gcc/arm-none-eabi/7.3.1/../../../../arm-none-eabi/lib/thumb/v7e-m/fpv4-sp/hard\libg.a
LOAD c:/touchgfx/4.24.0/env/mingw/msys/1.0/gnu-arm-gcc/bin/../lib/gcc/arm-none-eabi/7.3.1/../../../../arm-none-eabi/lib/thumb/v7e-m/fpv4-sp/hard\libc.a
END GROUP
START GROUP
LOAD c:/touchgfx/4.24.0/env/mingw/msys/1.0/gnu-arm-gcc/bin/../lib/gcc/arm-none-eabi/7.3.1/thumb/v7e-m/fpv4-sp/hard\libgcc.a
LOAD c:/touchgfx/4.24.0/env/mingw/msys/1.0/gnu-arm-gcc/bin/../lib/gcc/arm-none-eabi/7.3.1/../../../../arm-none-eabi/lib/thumb/v7e-m/fpv4-sp/hard\libc.a
LOAD c:/touchgfx/4.24.0/env/mingw/msys/1.0/gnu-arm-gcc/bin/../lib/gcc/arm-none-eabi/7.3.1/../../../../arm-none-eabi/lib/thumb/v7e-m/fpv4-sp/hard\libnosys.a
END GROUP
LOAD c:/touchgfx/4.24.0/env/mingw/msys/1.0/gnu-arm-gcc/bin/../lib/gcc/arm-none-eabi/7.3.1/thumb/v7e-m/fpv4-sp/hard/crtend.o
LOAD c:/touchgfx/4.24.0/env/mingw/msys/1.0/gnu-arm-gcc/bin/../lib/gcc/arm-none-eabi/7.3.1/thumb/v7e-m/fpv4-sp/hard/crtn.o
                0x10048000                _estack = (ORIGIN (RAM) + LENGTH (RAM))
                0x00001000                _Min_Heap_Size = 0x1000
                0x00001000                _Min_Stack_Size = 0x1000

.isr_vector     0x08100000      0x298
                0x08100000                . = ALIGN (0x4)
 *(.isr_vector)
 .isr_vector    0x08100000      0x298 CM4/TouchGFX/build/STM32H747I_DISCO/STM32CubeIDE/CM4/Application/User/Startup/startup_stm32h747xihx.o
                0x08100000                g_pfnVectors
                0x08100298                . = ALIGN (0x4)

.text           0x08100298      0x698
                0x08100298                . = ALIGN (0x4)
 *(.text)
 .text          0x08100298       0x40 c:/touchgfx/4.24.0/env/mingw/msys/1.0/gnu-arm-gcc/bin/../lib/gcc/arm-none-eabi/7.3.1/thumb/v7e-m/fpv4-sp/hard/crtbegin.o
 *(.text*)
 .text.HAL_InitTick
                0x081002d8       0x4c CM4/TouchGFX/build/STM32H747I_DISCO/Drivers/STM32H7xx_HAL_Driver/Src/stm32h7xx_hal.o
                0x081002d8                HAL_InitTick
 .text.HAL_Init
                0x08100324       0x94 CM4/TouchGFX/build/STM32H747I_DISCO/Drivers/STM32H7xx_HAL_Driver/Src/stm32h7xx_hal.o
                0x08100324                HAL_Init
 .text.HAL_IncTick
                0x081003b8       0x18 CM4/TouchGFX/build/STM32H747I_DISCO/Drivers/STM32H7xx_HAL_Driver/Src/stm32h7xx_hal.o
                0x081003b8                HAL_IncTick
 .text.HAL_NVIC_SetPriorityGrouping
                0x081003d0       0x24 CM4/TouchGFX/build/STM32H747I_DISCO/Drivers/STM32H7xx_HAL_Driver/Src/stm32h7xx_hal_cortex.o
                0x081003d0                HAL_NVIC_SetPriorityGrouping
 .text.HAL_NVIC_SetPriority
                0x081003f4       0x68 CM4/TouchGFX/build/STM32H747I_DISCO/Drivers/STM32H7xx_HAL_Driver/Src/stm32h7xx_hal_cortex.o
                0x081003f4                HAL_NVIC_SetPriority
 .text.HAL_SYSTICK_Config
                0x0810045c       0x2c CM4/TouchGFX/build/STM32H747I_DISCO/Drivers/STM32H7xx_HAL_Driver/Src/stm32h7xx_hal_cortex.o
                0x0810045c                HAL_SYSTICK_Config
 .text.HAL_GetCurrentCPUID
                0x08100488       0x18 CM4/TouchGFX/build/STM32H747I_DISCO/Drivers/STM32H7xx_HAL_Driver/Src/stm32h7xx_hal_cortex.o
                0x08100488                HAL_GetCurrentCPUID
 .text.HAL_HSEM_ActivateNotification
                0x081004a0       0x10 CM4/TouchGFX/build/STM32H747I_DISCO/Drivers/STM32H7xx_HAL_Driver/Src/stm32h7xx_hal_hsem.o
                0x081004a0                HAL_HSEM_ActivateNotification
 .text.HAL_PWREx_EnterSTOPMode
                0x081004b0       0x84 CM4/TouchGFX/build/STM32H747I_DISCO/Drivers/STM32H7xx_HAL_Driver/Src/stm32h7xx_hal_pwr_ex.o
                0x081004b0                HAL_PWREx_EnterSTOPMode
 .text.HAL_PWREx_ClearPendingEvent
                0x08100534       0x12 CM4/TouchGFX/build/STM32H747I_DISCO/Drivers/STM32H7xx_HAL_Driver/Src/stm32h7xx_hal_pwr_ex.o
                0x08100534                HAL_PWREx_ClearPendingEvent
 *fill*         0x08100546        0x2 
 .text.HAL_RCC_GetSysClockFreq
                0x08100548      0x138 CM4/TouchGFX/build/STM32H747I_DISCO/Drivers/STM32H7xx_HAL_Driver/Src/stm32h7xx_hal_rcc.o
                0x08100548                HAL_RCC_GetSysClockFreq
 .text.startup.main
                0x08100680       0x84 CM4/TouchGFX/build/STM32H747I_DISCO/CM4/Core/Src/main.o
                0x08100680                main
 .text.NMI_Handler
                0x08100704        0x2 CM4/TouchGFX/build/STM32H747I_DISCO/CM4/Core/Src/stm32h7xx_it.o
                0x08100704                NMI_Handler
 .text.HardFault_Handler
                0x08100706        0x2 CM4/TouchGFX/build/STM32H747I_DISCO/CM4/Core/Src/stm32h7xx_it.o
                0x08100706                HardFault_Handler
 .text.MemManage_Handler
                0x08100708        0x2 CM4/TouchGFX/build/STM32H747I_DISCO/CM4/Core/Src/stm32h7xx_it.o
                0x08100708                MemManage_Handler
 .text.BusFault_Handler
                0x0810070a        0x2 CM4/TouchGFX/build/STM32H747I_DISCO/CM4/Core/Src/stm32h7xx_it.o
                0x0810070a                BusFault_Handler
 .text.UsageFault_Handler
                0x0810070c        0x2 CM4/TouchGFX/build/STM32H747I_DISCO/CM4/Core/Src/stm32h7xx_it.o
                0x0810070c                UsageFault_Handler
 .text.SVC_Handler
                0x0810070e        0x2 CM4/TouchGFX/build/STM32H747I_DISCO/CM4/Core/Src/stm32h7xx_it.o
                0x0810070e                SVC_Handler
 .text.DebugMon_Handler
                0x08100710        0x2 CM4/TouchGFX/build/STM32H747I_DISCO/CM4/Core/Src/stm32h7xx_it.o
                0x08100710                DebugMon_Handler
 .text.PendSV_Handler
                0x08100712        0x2 CM4/TouchGFX/build/STM32H747I_DISCO/CM4/Core/Src/stm32h7xx_it.o
                0x08100712                PendSV_Handler
 .text.SysTick_Handler
                0x08100714        0x4 CM4/TouchGFX/build/STM32H747I_DISCO/CM4/Core/Src/stm32h7xx_it.o
                0x08100714                SysTick_Handler
 .text.HAL_MspInit
                0x08100718       0x24 CM4/TouchGFX/build/STM32H747I_DISCO/CM4/Core/Src/stm32h7xx_hal_msp.o
                0x08100718                HAL_MspInit
 .text.SystemInit
                0x0810073c       0x24 CM4/TouchGFX/build/STM32H747I_DISCO/Common/Src/system_stm32h7xx_dualcore_boot_cm4_cm7.o
                0x0810073c                SystemInit
 .text.Reset_Handler
                0x08100760       0x50 CM4/TouchGFX/build/STM32H747I_DISCO/STM32CubeIDE/CM4/Application/User/Startup/startup_stm32h747xihx.o
                0x08100760                Reset_Handler
 .text.Default_Handler
                0x081007b0        0x2 CM4/TouchGFX/build/STM32H747I_DISCO/STM32CubeIDE/CM4/Application/User/Startup/startup_stm32h747xihx.o
                0x081007b0                RTC_Alarm_IRQHandler
                0x081007b0                EXTI2_IRQHandler
                0x081007b0                TIM8_CC_IRQHandler
                0x081007b0                HRTIM1_Master_IRQHandler
                0x081007b0                UART8_IRQHandler
                0x081007b0                SPI4_IRQHandler
                0x081007b0                TIM1_CC_IRQHandler
                0x081007b0                BDMA_Channel6_IRQHandler
                0x081007b0                DMA2_Stream5_IRQHandler
                0x081007b0                HRTIM1_FLT_IRQHandler
                0x081007b0                JPEG_IRQHandler
                0x081007b0                DMA1_Stream5_IRQHandler
                0x081007b0                BDMA_Channel1_IRQHandler
                0x081007b0                HRTIM1_TIMD_IRQHandler
                0x081007b0                TAMP_STAMP_IRQHandler
                0x081007b0                EXTI3_IRQHandler
                0x081007b0                LPTIM4_IRQHandler
                0x081007b0                TIM8_TRG_COM_TIM14_IRQHandler
                0x081007b0                LPTIM2_IRQHandler
                0x081007b0                DFSDM1_FLT1_IRQHandler
                0x081007b0                DMAMUX2_OVR_IRQHandler
                0x081007b0                TIM8_UP_TIM13_IRQHandler
                0x081007b0                I2C3_ER_IRQHandler
                0x081007b0                DFSDM1_FLT2_IRQHandler
                0x081007b0                MDMA_IRQHandler
                0x081007b0                LPTIM3_IRQHandler
                0x081007b0                HSEM1_IRQHandler
                0x081007b0                EXTI0_IRQHandler
                0x081007b0                I2C2_EV_IRQHandler
                0x081007b0                DMA1_Stream2_IRQHandler
                0x081007b0                FPU_IRQHandler
                0x081007b0                OTG_HS_WKUP_IRQHandler
                0x081007b0                FDCAN1_IT1_IRQHandler
                0x081007b0                LTDC_ER_IRQHandler
                0x081007b0                DMA2_Stream2_IRQHandler
                0x081007b0                HRTIM1_TIME_IRQHandler
                0x081007b0                SPI1_IRQHandler
                0x081007b0                TIM6_DAC_IRQHandler
                0x081007b0                DCMI_IRQHandler
                0x081007b0                HRTIM1_TIMC_IRQHandler
                0x081007b0                DMA2_Stream3_IRQHandler
                0x081007b0                SAI2_IRQHandler
                0x081007b0                DFSDM1_FLT3_IRQHandler
                0x081007b0                USART6_IRQHandler
                0x081007b0                TIM17_IRQHandler
                0x081007b0                USART3_IRQHandler
                0x081007b0                BDMA_Channel7_IRQHandler
                0x081007b0                LPTIM5_IRQHandler
                0x081007b0                UART5_IRQHandler
                0x081007b0                ADC3_IRQHandler
                0x081007b0                DMA2_Stream0_IRQHandler
                0x081007b0                TIM4_IRQHandler
                0x081007b0                BDMA_Channel2_IRQHandler
                0x081007b0                QUADSPI_IRQHandler
                0x081007b0                I2C1_EV_IRQHandler
                0x081007b0                DMA1_Stream6_IRQHandler
                0x081007b0                DMAMUX1_OVR_IRQHandler
                0x081007b0                DMA1_Stream1_IRQHandler
                0x081007b0                TIM16_IRQHandler
                0x081007b0                UART4_IRQHandler
                0x081007b0                BDMA_Channel5_IRQHandler
                0x081007b0                TIM3_IRQHandler
                0x081007b0                RCC_IRQHandler
                0x081007b0                TIM8_BRK_TIM12_IRQHandler
                0x081007b0                TIM1_TRG_COM_IRQHandler
                0x081007b0                Default_Handler
                0x081007b0                ECC_IRQHandler
                0x081007b0                CEC_IRQHandler
                0x081007b0                EXTI15_10_IRQHandler
                0x081007b0                BDMA_Channel0_IRQHandler
                0x081007b0                ADC_IRQHandler
                0x081007b0                DMA1_Stream7_IRQHandler
                0x081007b0                HRTIM1_TIMA_IRQHandler
                0x081007b0                SPI5_IRQHandler
                0x081007b0                TIM7_IRQHandler
                0x081007b0                SDMMC1_IRQHandler
                0x081007b0                TIM5_IRQHandler
                0x081007b0                DMA2_Stream7_IRQHandler
                0x081007b0                TIM15_IRQHandler
                0x081007b0                PVD_AVD_IRQHandler
                0x081007b0                I2C3_EV_IRQHandler
                0x081007b0                EXTI9_5_IRQHandler
                0x081007b0                RTC_WKUP_IRQHandler
                0x081007b0                LTDC_IRQHandler
                0x081007b0                SAI3_IRQHandler
                0x081007b0                ETH_WKUP_IRQHandler
                0x081007b0                SPDIF_RX_IRQHandler
                0x081007b0                SPI2_IRQHandler
                0x081007b0                OTG_HS_EP1_IN_IRQHandler
                0x081007b0                DMA1_Stream0_IRQHandler
                0x081007b0                CRS_IRQHandler
                0x081007b0                CM7_SEV_IRQHandler
                0x081007b0                EXTI4_IRQHandler
                0x081007b0                RNG_IRQHandler
                0x081007b0                CM4_SEV_IRQHandler
                0x081007b0                HRTIM1_TIMB_IRQHandler
                0x081007b0                FDCAN2_IT1_IRQHandler
                0x081007b0                DSI_IRQHandler
                0x081007b0                ETH_IRQHandler
                0x081007b0                TIM1_UP_IRQHandler
                0x081007b0                WWDG_RST_IRQHandler
                0x081007b0                BDMA_Channel4_IRQHandler
                0x081007b0                OTG_HS_EP1_OUT_IRQHandler
                0x081007b0                WWDG_IRQHandler
                0x081007b0                SPI6_IRQHandler
                0x081007b0                MDIOS_IRQHandler
                0x081007b0                I2C4_EV_IRQHandler
                0x081007b0                FDCAN2_IT0_IRQHandler
                0x081007b0                LPUART1_IRQHandler
                0x081007b0                FDCAN1_IT0_IRQHandler
                0x081007b0                TIM2_IRQHandler
                0x081007b0                OTG_FS_WKUP_IRQHandler
                0x081007b0                OTG_HS_IRQHandler
                0x081007b0                HSEM2_IRQHandler
                0x081007b0                DMA2D_IRQHandler
                0x081007b0                TIM1_BRK_IRQHandler
                0x081007b0                EXTI1_IRQHandler
                0x081007b0                SDMMC2_IRQHandler
                0x081007b0                OTG_FS_EP1_OUT_IRQHandler
                0x081007b0                BDMA_Channel3_IRQHandler
                0x081007b0                HOLD_CORE_IRQHandler
                0x081007b0                UART7_IRQHandler
                0x081007b0                MDIOS_WKUP_IRQHandler
                0x081007b0                USART2_IRQHandler
                0x081007b0                DFSDM1_FLT0_IRQHandler
                0x081007b0                SAI4_IRQHandler
                0x081007b0                I2C2_ER_IRQHandler
                0x081007b0                DMA2_Stream1_IRQHandler
                0x081007b0                FLASH_IRQHandler
                0x081007b0                DMA2_Stream4_IRQHandler
                0x081007b0                USART1_IRQHandler
                0x081007b0                OTG_FS_IRQHandler
                0x081007b0                SPI3_IRQHandler
                0x081007b0                WAKEUP_PIN_IRQHandler
                0x081007b0                DMA1_Stream4_IRQHandler
                0x081007b0                OTG_FS_EP1_IN_IRQHandler
                0x081007b0                I2C1_ER_IRQHandler
                0x081007b0                FMC_IRQHandler
                0x081007b0                FDCAN_CAL_IRQHandler
                0x081007b0                SWPMI1_IRQHandler
                0x081007b0                COMP1_IRQHandler
                0x081007b0                LPTIM1_IRQHandler
                0x081007b0                I2C4_ER_IRQHandler
                0x081007b0                DMA2_Stream6_IRQHandler
                0x081007b0                SAI1_IRQHandler
                0x081007b0                DMA1_Stream3_IRQHandler
 *fill*         0x081007b2        0x2 
 .text.__libc_init_array
                0x081007b4       0x48 c:/touchgfx/4.24.0/env/mingw/msys/1.0/gnu-arm-gcc/bin/../lib/gcc/arm-none-eabi/7.3.1/../../../../arm-none-eabi/lib/thumb/v7e-m/fpv4-sp/hard\libc.a(lib_a-init.o)
                0x081007b4                __libc_init_array
 .text.startup.register_fini
                0x081007fc       0x14 c:/touchgfx/4.24.0/env/mingw/msys/1.0/gnu-arm-gcc/bin/../lib/gcc/arm-none-eabi/7.3.1/../../../../arm-none-eabi/lib/thumb/v7e-m/fpv4-sp/hard\libc.a(lib_a-__call_atexit.o)
 .text.atexit   0x08100810        0xc c:/touchgfx/4.24.0/env/mingw/msys/1.0/gnu-arm-gcc/bin/../lib/gcc/arm-none-eabi/7.3.1/../../../../arm-none-eabi/lib/thumb/v7e-m/fpv4-sp/hard\libc.a(lib_a-atexit.o)
                0x08100810                atexit
 .text.__libc_fini_array
                0x0810081c       0x34 c:/touchgfx/4.24.0/env/mingw/msys/1.0/gnu-arm-gcc/bin/../lib/gcc/arm-none-eabi/7.3.1/../../../../arm-none-eabi/lib/thumb/v7e-m/fpv4-sp/hard\libc.a(lib_a-fini.o)
                0x0810081c                __libc_fini_array
 .text.__retarget_lock_acquire_recursive
                0x08100850        0x4 c:/touchgfx/4.24.0/env/mingw/msys/1.0/gnu-arm-gcc/bin/../lib/gcc/arm-none-eabi/7.3.1/../../../../arm-none-eabi/lib/thumb/v7e-m/fpv4-sp/hard\libc.a(lib_a-lock.o)
                0x08100850                __retarget_lock_acquire_recursive
 .text.__retarget_lock_release_recursive
                0x08100854        0x4 c:/touchgfx/4.24.0/env/mingw/msys/1.0/gnu-arm-gcc/bin/../lib/gcc/arm-none-eabi/7.3.1/../../../../arm-none-eabi/lib/thumb/v7e-m/fpv4-sp/hard\libc.a(lib_a-lock.o)
                0x08100854                __retarget_lock_release_recursive
 .text.__register_exitproc
                0x08100858       0xc0 c:/touchgfx/4.24.0/env/mingw/msys/1.0/gnu-arm-gcc/bin/../lib/gcc/arm-none-eabi/7.3.1/../../../../arm-none-eabi/lib/thumb/v7e-m/fpv4-sp/hard\libc.a(lib_a-__atexit.o)
                0x08100858                __register_exitproc
 *(.glue_7)
 .glue_7        0x08100918        0x0 linker stubs
 *(.glue_7t)
 .glue_7t       0x08100918        0x0 linker stubs
 *(.eh_frame)
 .eh_frame      0x08100918        0x0 c:/touchgfx/4.24.0/env/mingw/msys/1.0/gnu-arm-gcc/bin/../lib/gcc/arm-none-eabi/7.3.1/thumb/v7e-m/fpv4-sp/hard/crtbegin.o
 *(.init)
 .init          0x08100918        0x4 c:/touchgfx/4.24.0/env/mingw/msys/1.0/gnu-arm-gcc/bin/../lib/gcc/arm-none-eabi/7.3.1/thumb/v7e-m/fpv4-sp/hard/crti.o
                0x08100918                _init
 .init          0x0810091c        0x8 c:/touchgfx/4.24.0/env/mingw/msys/1.0/gnu-arm-gcc/bin/../lib/gcc/arm-none-eabi/7.3.1/thumb/v7e-m/fpv4-sp/hard/crtn.o
 *(.fini)
 .fini          0x08100924        0x4 c:/touchgfx/4.24.0/env/mingw/msys/1.0/gnu-arm-gcc/bin/../lib/gcc/arm-none-eabi/7.3.1/thumb/v7e-m/fpv4-sp/hard/crti.o
                0x08100924                _fini
 .fini          0x08100928        0x8 c:/touchgfx/4.24.0/env/mingw/msys/1.0/gnu-arm-gcc/bin/../lib/gcc/arm-none-eabi/7.3.1/thumb/v7e-m/fpv4-sp/hard/crtn.o
                0x08100930                . = ALIGN (0x4)
                0x08100930                _etext = .

.vfp11_veneer   0x08100930        0x0
 .vfp11_veneer  0x08100930        0x0 linker stubs

.v4_bx          0x08100930        0x0
 .v4_bx         0x08100930        0x0 linker stubs

.iplt           0x08100930        0x0
 .iplt          0x08100930        0x0 c:/touchgfx/4.24.0/env/mingw/msys/1.0/gnu-arm-gcc/bin/../lib/gcc/arm-none-eabi/7.3.1/thumb/v7e-m/fpv4-sp/hard/crtbegin.o

.rodata         0x08100930       0x14
                0x08100930                . = ALIGN (0x4)
 *(.rodata)
 *(.rodata*)
 .rodata.D1CorePrescTable
                0x08100930       0x10 CM4/TouchGFX/build/STM32H747I_DISCO/Common/Src/system_stm32h7xx_dualcore_boot_cm4_cm7.o
                0x08100930                D1CorePrescTable
 .rodata._global_impure_ptr
                0x08100940        0x4 c:/touchgfx/4.24.0/env/mingw/msys/1.0/gnu-arm-gcc/bin/../lib/gcc/arm-none-eabi/7.3.1/../../../../arm-none-eabi/lib/thumb/v7e-m/fpv4-sp/hard\libc.a(lib_a-impure.o)
                0x08100940                _global_impure_ptr
                0x08100944                . = ALIGN (0x4)

.rel.dyn        0x08100944        0x0
 .rel.iplt      0x08100944        0x0 c:/touchgfx/4.24.0/env/mingw/msys/1.0/gnu-arm-gcc/bin/../lib/gcc/arm-none-eabi/7.3.1/thumb/v7e-m/fpv4-sp/hard/crtbegin.o

.ARM.extab
 *(.ARM.extab* .gnu.linkonce.armextab.*)

.ARM            0x08100944        0x0
                0x08100944                __exidx_start = .
 *(.ARM.exidx*)
                0x08100944                __exidx_end = .

.preinit_array  0x08100944        0x0
                0x08100944                PROVIDE (__preinit_array_start = .)
 *(.preinit_array*)
                0x08100944                PROVIDE (__preinit_array_end = .)

.init_array     0x08100944        0x8
                0x08100944                PROVIDE (__init_array_start = .)
 *(SORT_BY_NAME(.init_array.*))
 .init_array.00000
                0x08100944        0x4 c:/touchgfx/4.24.0/env/mingw/msys/1.0/gnu-arm-gcc/bin/../lib/gcc/arm-none-eabi/7.3.1/../../../../arm-none-eabi/lib/thumb/v7e-m/fpv4-sp/hard\libc.a(lib_a-__call_atexit.o)
 *(.init_array*)
 .init_array    0x08100948        0x4 c:/touchgfx/4.24.0/env/mingw/msys/1.0/gnu-arm-gcc/bin/../lib/gcc/arm-none-eabi/7.3.1/thumb/v7e-m/fpv4-sp/hard/crtbegin.o
                0x0810094c                PROVIDE (__init_array_end = .)

.fini_array     0x0810094c        0x4
                0x0810094c                PROVIDE (__fini_array_start = .)
 *(SORT_BY_NAME(.fini_array.*))
 *(.fini_array*)
 .fini_array    0x0810094c        0x4 c:/touchgfx/4.24.0/env/mingw/msys/1.0/gnu-arm-gcc/bin/../lib/gcc/arm-none-eabi/7.3.1/thumb/v7e-m/fpv4-sp/hard/crtbegin.o
                0x08100950                PROVIDE (__fini_array_end = .)
                0x08100950                _sidata = LOADADDR (.data)

.data           0x10000000      0x43c load address 0x08100950
                0x10000000                . = ALIGN (0x4)
                0x10000000                _sdata = .
 *(.data)
 *(.data*)
 .data.uwTickFreq
                0x10000000        0x1 CM4/TouchGFX/build/STM32H747I_DISCO/Drivers/STM32H7xx_HAL_Driver/Src/stm32h7xx_hal.o
                0x10000000                uwTickFreq
 *fill*         0x10000001        0x3 
 .data.uwTickPrio
                0x10000004        0x4 CM4/TouchGFX/build/STM32H747I_DISCO/Drivers/STM32H7xx_HAL_Driver/Src/stm32h7xx_hal.o
                0x10000004                uwTickPrio
 .data.SystemCoreClock
                0x10000008        0x4 CM4/TouchGFX/build/STM32H747I_DISCO/Common/Src/system_stm32h7xx_dualcore_boot_cm4_cm7.o
                0x10000008                SystemCoreClock
 .data.SystemD2Clock
                0x1000000c        0x4 CM4/TouchGFX/build/STM32H747I_DISCO/Common/Src/system_stm32h7xx_dualcore_boot_cm4_cm7.o
                0x1000000c                SystemD2Clock
 .data.impure_data
                0x10000010      0x428 c:/touchgfx/4.24.0/env/mingw/msys/1.0/gnu-arm-gcc/bin/../lib/gcc/arm-none-eabi/7.3.1/../../../../arm-none-eabi/lib/thumb/v7e-m/fpv4-sp/hard\libc.a(lib_a-impure.o)
 .data.__atexit_recursive_mutex
                0x10000438        0x4 c:/touchgfx/4.24.0/env/mingw/msys/1.0/gnu-arm-gcc/bin/../lib/gcc/arm-none-eabi/7.3.1/../../../../arm-none-eabi/lib/thumb/v7e-m/fpv4-sp/hard\libc.a(lib_a-__call_atexit.o)
                0x10000438                __atexit_recursive_mutex
 *(.RamFunc)
 *(.RamFunc*)
                0x1000043c                . = ALIGN (0x4)
                0x1000043c                _edata = .

.igot.plt       0x1000043c        0x0 load address 0x08100d8c
 .igot.plt      0x1000043c        0x0 c:/touchgfx/4.24.0/env/mingw/msys/1.0/gnu-arm-gcc/bin/../lib/gcc/arm-none-eabi/7.3.1/thumb/v7e-m/fpv4-sp/hard/crtbegin.o
                0x1000043c                . = ALIGN (0x4)

.bss            0x1000043c       0x44 load address 0x08100d8c
                0x1000043c                _sbss = .
                0x1000043c                __bss_start__ = _sbss
 *(.bss)
 .bss           0x1000043c       0x1c c:/touchgfx/4.24.0/env/mingw/msys/1.0/gnu-arm-gcc/bin/../lib/gcc/arm-none-eabi/7.3.1/thumb/v7e-m/fpv4-sp/hard/crtbegin.o
 *(.bss*)
 *(COMMON)
 COMMON         0x10000458        0x4 CM4/TouchGFX/build/STM32H747I_DISCO/Drivers/STM32H7xx_HAL_Driver/Src/stm32h7xx_hal.o
                0x10000458                uwTick
 COMMON         0x1000045c       0x21 c:/touchgfx/4.24.0/env/mingw/msys/1.0/gnu-arm-gcc/bin/../lib/gcc/arm-none-eabi/7.3.1/../../../../arm-none-eabi/lib/thumb/v7e-m/fpv4-sp/hard\libc.a(lib_a-lock.o)
                0x1000045c                __lock___atexit_recursive_mutex
                0x10000460                __lock___arc4random_mutex
                0x10000464                __lock___env_recursive_mutex
                0x10000468                __lock___sinit_recursive_mutex
                0x1000046c                __lock___malloc_recursive_mutex
                0x10000470                __lock___at_quick_exit_mutex
                0x10000474                __lock___dd_hash_mutex
                0x10000478                __lock___tz_mutex
                0x1000047c                __lock___sfp_recursive_mutex
                0x10000480                . = ALIGN (0x4)
 *fill*         0x1000047d        0x3 
                0x10000480                _ebss = .
                0x10000480                __bss_end__ = _ebss

._user_heap_stack
                0x10000480     0x2000 load address 0x08100d8c
                0x10000480                . = ALIGN (0x8)
                [!provide]                PROVIDE (end = .)
                0x10000480                PROVIDE (_end = .)
                0x10001480                . = (. + _Min_Heap_Size)
 *fill*         0x10000480     0x1000 
                0x10002480                . = (. + _Min_Stack_Size)
 *fill*         0x10001480     0x1000 
                0x10002480                . = ALIGN (0x8)

/DISCARD/
 libc.a(*)
 libm.a(*)
 libgcc.a(*)

.ARM.attributes
                0x00000000       0x30
 *(.ARM.attributes)
 .ARM.attributes
                0x00000000       0x22 c:/touchgfx/4.24.0/env/mingw/msys/1.0/gnu-arm-gcc/bin/../lib/gcc/arm-none-eabi/7.3.1/thumb/v7e-m/fpv4-sp/hard/crti.o
 .ARM.attributes
                0x00000022       0x34 c:/touchgfx/4.24.0/env/mingw/msys/1.0/gnu-arm-gcc/bin/../lib/gcc/arm-none-eabi/7.3.1/thumb/v7e-m/fpv4-sp/hard/crtbegin.o
 .ARM.attributes
                0x00000056       0x39 CM4/TouchGFX/build/STM32H747I_DISCO/Drivers/STM32H7xx_HAL_Driver/Src/stm32h7xx_hal.o
 .ARM.attributes
                0x0000008f       0x39 CM4/TouchGFX/build/STM32H747I_DISCO/Drivers/STM32H7xx_HAL_Driver/Src/stm32h7xx_hal_cortex.o
 .ARM.attributes
                0x000000c8       0x39 CM4/TouchGFX/build/STM32H747I_DISCO/Drivers/STM32H7xx_HAL_Driver/Src/stm32h7xx_hal_hsem.o
 .ARM.attributes
                0x00000101       0x39 CM4/TouchGFX/build/STM32H747I_DISCO/Drivers/STM32H7xx_HAL_Driver/Src/stm32h7xx_hal_pwr_ex.o
 .ARM.attributes
                0x0000013a       0x39 CM4/TouchGFX/build/STM32H747I_DISCO/Drivers/STM32H7xx_HAL_Driver/Src/stm32h7xx_hal_rcc.o
 .ARM.attributes
                0x00000173       0x39 CM4/TouchGFX/build/STM32H747I_DISCO/CM4/Core/Src/main.o
 .ARM.attributes
                0x000001ac       0x39 CM4/TouchGFX/build/STM32H747I_DISCO/CM4/Core/Src/stm32h7xx_it.o
 .ARM.attributes
                0x000001e5       0x39 CM4/TouchGFX/build/STM32H747I_DISCO/CM4/Core/Src/stm32h7xx_hal_msp.o
 .ARM.attributes
                0x0000021e       0x39 CM4/TouchGFX/build/STM32H747I_DISCO/Common/Src/system_stm32h7xx_dualcore_boot_cm4_cm7.o
 .ARM.attributes
                0x00000257       0x21 CM4/TouchGFX/build/STM32H747I_DISCO/STM32CubeIDE/CM4/Application/User/Startup/startup_stm32h747xihx.o
 .ARM.attributes
                0x00000278       0x34 c:/touchgfx/4.24.0/env/mingw/msys/1.0/gnu-arm-gcc/bin/../lib/gcc/arm-none-eabi/7.3.1/../../../../arm-none-eabi/lib/thumb/v7e-m/fpv4-sp/hard\libc.a(lib_a-impure.o)
 .ARM.attributes
                0x000002ac       0x34 c:/touchgfx/4.24.0/env/mingw/msys/1.0/gnu-arm-gcc/bin/../lib/gcc/arm-none-eabi/7.3.1/../../../../arm-none-eabi/lib/thumb/v7e-m/fpv4-sp/hard\libc.a(lib_a-init.o)
 .ARM.attributes
                0x000002e0       0x34 c:/touchgfx/4.24.0/env/mingw/msys/1.0/gnu-arm-gcc/bin/../lib/gcc/arm-none-eabi/7.3.1/../../../../arm-none-eabi/lib/thumb/v7e-m/fpv4-sp/hard\libc.a(lib_a-__call_atexit.o)
 .ARM.attributes
                0x00000314       0x34 c:/touchgfx/4.24.0/env/mingw/msys/1.0/gnu-arm-gcc/bin/../lib/gcc/arm-none-eabi/7.3.1/../../../../arm-none-eabi/lib/thumb/v7e-m/fpv4-sp/hard\libc.a(lib_a-atexit.o)
 .ARM.attributes
                0x00000348       0x34 c:/touchgfx/4.24.0/env/mingw/msys/1.0/gnu-arm-gcc/bin/../lib/gcc/arm-none-eabi/7.3.1/../../../../arm-none-eabi/lib/thumb/v7e-m/fpv4-sp/hard\libc.a(lib_a-fini.o)
 .ARM.attributes
                0x0000037c       0x34 c:/touchgfx/4.24.0/env/mingw/msys/1.0/gnu-arm-gcc/bin/../lib/gcc/arm-none-eabi/7.3.1/../../../../arm-none-eabi/lib/thumb/v7e-m/fpv4-sp/hard\libc.a(lib_a-lock.o)
 .ARM.attributes
                0x000003b0       0x34 c:/touchgfx/4.24.0/env/mingw/msys/1.0/gnu-arm-gcc/bin/../lib/gcc/arm-none-eabi/7.3.1/../../../../arm-none-eabi/lib/thumb/v7e-m/fpv4-sp/hard\libc.a(lib_a-__atexit.o)
 .ARM.attributes
                0x000003e4       0x22 c:/touchgfx/4.24.0/env/mingw/msys/1.0/gnu-arm-gcc/bin/../lib/gcc/arm-none-eabi/7.3.1/thumb/v7e-m/fpv4-sp/hard/crtn.o
OUTPUT(CM4/TouchGFX/build/bin/target.elf elf32-littlearm)

.debug_info     0x00000000     0xbb1e
 .debug_info    0x00000000     0x212b CM4/TouchGFX/build/STM32H747I_DISCO/Drivers/STM32H7xx_HAL_Driver/Src/stm32h7xx_hal.o
 .debug_info    0x0000212b     0x1a78 CM4/TouchGFX/build/STM32H747I_DISCO/Drivers/STM32H7xx_HAL_Driver/Src/stm32h7xx_hal_cortex.o
 .debug_info    0x00003ba3      0xdce CM4/TouchGFX/build/STM32H747I_DISCO/Drivers/STM32H7xx_HAL_Driver/Src/stm32h7xx_hal_hsem.o
 .debug_info    0x00004971     0x1adf CM4/TouchGFX/build/STM32H747I_DISCO/Drivers/STM32H7xx_HAL_Driver/Src/stm32h7xx_hal_pwr_ex.o
 .debug_info    0x00006450     0x1aaa CM4/TouchGFX/build/STM32H747I_DISCO/Drivers/STM32H7xx_HAL_Driver/Src/stm32h7xx_hal_rcc.o
 .debug_info    0x00007efa     0x11ca CM4/TouchGFX/build/STM32H747I_DISCO/CM4/Core/Src/main.o
 .debug_info    0x000090c4      0xb3e CM4/TouchGFX/build/STM32H747I_DISCO/CM4/Core/Src/stm32h7xx_it.o
 .debug_info    0x00009c02      0xe4b CM4/TouchGFX/build/STM32H747I_DISCO/CM4/Core/Src/stm32h7xx_hal_msp.o
 .debug_info    0x0000aa4d     0x10af CM4/TouchGFX/build/STM32H747I_DISCO/Common/Src/system_stm32h7xx_dualcore_boot_cm4_cm7.o
 .debug_info    0x0000bafc       0x22 CM4/TouchGFX/build/STM32H747I_DISCO/STM32CubeIDE/CM4/Application/User/Startup/startup_stm32h747xihx.o

.debug_abbrev   0x00000000     0x19d1
 .debug_abbrev  0x00000000      0x37a CM4/TouchGFX/build/STM32H747I_DISCO/Drivers/STM32H7xx_HAL_Driver/Src/stm32h7xx_hal.o
 .debug_abbrev  0x0000037a      0x3de CM4/TouchGFX/build/STM32H747I_DISCO/Drivers/STM32H7xx_HAL_Driver/Src/stm32h7xx_hal_cortex.o
 .debug_abbrev  0x00000758      0x2c6 CM4/TouchGFX/build/STM32H747I_DISCO/Drivers/STM32H7xx_HAL_Driver/Src/stm32h7xx_hal_hsem.o
 .debug_abbrev  0x00000a1e      0x376 CM4/TouchGFX/build/STM32H747I_DISCO/Drivers/STM32H7xx_HAL_Driver/Src/stm32h7xx_hal_pwr_ex.o
 .debug_abbrev  0x00000d94      0x343 CM4/TouchGFX/build/STM32H747I_DISCO/Drivers/STM32H7xx_HAL_Driver/Src/stm32h7xx_hal_rcc.o
 .debug_abbrev  0x000010d7      0x2c8 CM4/TouchGFX/build/STM32H747I_DISCO/CM4/Core/Src/main.o
 .debug_abbrev  0x0000139f      0x217 CM4/TouchGFX/build/STM32H747I_DISCO/CM4/Core/Src/stm32h7xx_it.o
 .debug_abbrev  0x000015b6      0x1e0 CM4/TouchGFX/build/STM32H747I_DISCO/CM4/Core/Src/stm32h7xx_hal_msp.o
 .debug_abbrev  0x00001796      0x229 CM4/TouchGFX/build/STM32H747I_DISCO/Common/Src/system_stm32h7xx_dualcore_boot_cm4_cm7.o
 .debug_abbrev  0x000019bf       0x12 CM4/TouchGFX/build/STM32H747I_DISCO/STM32CubeIDE/CM4/Application/User/Startup/startup_stm32h747xihx.o

.debug_loc      0x00000000     0x15f9
 .debug_loc     0x00000000      0x4b8 CM4/TouchGFX/build/STM32H747I_DISCO/Drivers/STM32H7xx_HAL_Driver/Src/stm32h7xx_hal.o
 .debug_loc     0x000004b8      0x487 CM4/TouchGFX/build/STM32H747I_DISCO/Drivers/STM32H7xx_HAL_Driver/Src/stm32h7xx_hal_cortex.o
 .debug_loc     0x0000093f      0x149 CM4/TouchGFX/build/STM32H747I_DISCO/Drivers/STM32H7xx_HAL_Driver/Src/stm32h7xx_hal_hsem.o
 .debug_loc     0x00000a88      0x43f CM4/TouchGFX/build/STM32H747I_DISCO/Drivers/STM32H7xx_HAL_Driver/Src/stm32h7xx_hal_pwr_ex.o
 .debug_loc     0x00000ec7      0x59c CM4/TouchGFX/build/STM32H747I_DISCO/Drivers/STM32H7xx_HAL_Driver/Src/stm32h7xx_hal_rcc.o
 .debug_loc     0x00001463      0x196 CM4/TouchGFX/build/STM32H747I_DISCO/Common/Src/system_stm32h7xx_dualcore_boot_cm4_cm7.o

.debug_aranges  0x00000000      0x5d8
 .debug_aranges
                0x00000000      0x1f8 CM4/TouchGFX/build/STM32H747I_DISCO/Drivers/STM32H7xx_HAL_Driver/Src/stm32h7xx_hal.o
 .debug_aranges
                0x000001f8       0xc0 CM4/TouchGFX/build/STM32H747I_DISCO/Drivers/STM32H7xx_HAL_Driver/Src/stm32h7xx_hal_cortex.o
 .debug_aranges
                0x000002b8       0x70 CM4/TouchGFX/build/STM32H747I_DISCO/Drivers/STM32H7xx_HAL_Driver/Src/stm32h7xx_hal_hsem.o
 .debug_aranges
                0x00000328      0x140 CM4/TouchGFX/build/STM32H747I_DISCO/Drivers/STM32H7xx_HAL_Driver/Src/stm32h7xx_hal_pwr_ex.o
 .debug_aranges
                0x00000468       0x88 CM4/TouchGFX/build/STM32H747I_DISCO/Drivers/STM32H7xx_HAL_Driver/Src/stm32h7xx_hal_rcc.o
 .debug_aranges
                0x000004f0       0x28 CM4/TouchGFX/build/STM32H747I_DISCO/CM4/Core/Src/main.o
 .debug_aranges
                0x00000518       0x50 CM4/TouchGFX/build/STM32H747I_DISCO/CM4/Core/Src/stm32h7xx_it.o
 .debug_aranges
                0x00000568       0x20 CM4/TouchGFX/build/STM32H747I_DISCO/CM4/Core/Src/stm32h7xx_hal_msp.o
 .debug_aranges
                0x00000588       0x28 CM4/TouchGFX/build/STM32H747I_DISCO/Common/Src/system_stm32h7xx_dualcore_boot_cm4_cm7.o
 .debug_aranges
                0x000005b0       0x28 CM4/TouchGFX/build/STM32H747I_DISCO/STM32CubeIDE/CM4/Application/User/Startup/startup_stm32h747xihx.o

.debug_ranges   0x00000000      0x6a0
 .debug_ranges  0x00000000      0x200 CM4/TouchGFX/build/STM32H747I_DISCO/Drivers/STM32H7xx_HAL_Driver/Src/stm32h7xx_hal.o
 .debug_ranges  0x00000200      0x150 CM4/TouchGFX/build/STM32H747I_DISCO/Drivers/STM32H7xx_HAL_Driver/Src/stm32h7xx_hal_cortex.o
 .debug_ranges  0x00000350       0x60 CM4/TouchGFX/build/STM32H747I_DISCO/Drivers/STM32H7xx_HAL_Driver/Src/stm32h7xx_hal_hsem.o
 .debug_ranges  0x000003b0      0x130 CM4/TouchGFX/build/STM32H747I_DISCO/Drivers/STM32H7xx_HAL_Driver/Src/stm32h7xx_hal_pwr_ex.o
 .debug_ranges  0x000004e0       0xe8 CM4/TouchGFX/build/STM32H747I_DISCO/Drivers/STM32H7xx_HAL_Driver/Src/stm32h7xx_hal_rcc.o
 .debug_ranges  0x000005c8       0x38 CM4/TouchGFX/build/STM32H747I_DISCO/CM4/Core/Src/main.o
 .debug_ranges  0x00000600       0x40 CM4/TouchGFX/build/STM32H747I_DISCO/CM4/Core/Src/stm32h7xx_it.o
 .debug_ranges  0x00000640       0x28 CM4/TouchGFX/build/STM32H747I_DISCO/CM4/Core/Src/stm32h7xx_hal_msp.o
 .debug_ranges  0x00000668       0x18 CM4/TouchGFX/build/STM32H747I_DISCO/Common/Src/system_stm32h7xx_dualcore_boot_cm4_cm7.o
 .debug_ranges  0x00000680       0x20 CM4/TouchGFX/build/STM32H747I_DISCO/STM32CubeIDE/CM4/Application/User/Startup/startup_stm32h747xihx.o

.debug_line     0x00000000     0x2c0b
 .debug_line    0x00000000      0x7ac CM4/TouchGFX/build/STM32H747I_DISCO/Drivers/STM32H7xx_HAL_Driver/Src/stm32h7xx_hal.o
 .debug_line    0x000007ac      0x596 CM4/TouchGFX/build/STM32H747I_DISCO/Drivers/STM32H7xx_HAL_Driver/Src/stm32h7xx_hal_cortex.o
 .debug_line    0x00000d42      0x39a CM4/TouchGFX/build/STM32H747I_DISCO/Drivers/STM32H7xx_HAL_Driver/Src/stm32h7xx_hal_hsem.o
 .debug_line    0x000010dc      0x719 CM4/TouchGFX/build/STM32H747I_DISCO/Drivers/STM32H7xx_HAL_Driver/Src/stm32h7xx_hal_pwr_ex.o
 .debug_line    0x000017f5      0x765 CM4/TouchGFX/build/STM32H747I_DISCO/Drivers/STM32H7xx_HAL_Driver/Src/stm32h7xx_hal_rcc.o
 .debug_line    0x00001f5a      0x316 CM4/TouchGFX/build/STM32H747I_DISCO/CM4/Core/Src/main.o
 .debug_line    0x00002270      0x308 CM4/TouchGFX/build/STM32H747I_DISCO/CM4/Core/Src/stm32h7xx_it.o
 .debug_line    0x00002578      0x2c2 CM4/TouchGFX/build/STM32H747I_DISCO/CM4/Core/Src/stm32h7xx_hal_msp.o
 .debug_line    0x0000283a      0x32f CM4/TouchGFX/build/STM32H747I_DISCO/Common/Src/system_stm32h7xx_dualcore_boot_cm4_cm7.o
 .debug_line    0x00002b69       0xa2 CM4/TouchGFX/build/STM32H747I_DISCO/STM32CubeIDE/CM4/Application/User/Startup/startup_stm32h747xihx.o

.debug_str      0x00000000     0x2f63
 .debug_str     0x00000000     0x1c15 CM4/TouchGFX/build/STM32H747I_DISCO/Drivers/STM32H7xx_HAL_Driver/Src/stm32h7xx_hal.o
                               0x1d1f (size before relaxing)
 .debug_str     0x00001c15      0x4f6 CM4/TouchGFX/build/STM32H747I_DISCO/Drivers/STM32H7xx_HAL_Driver/Src/stm32h7xx_hal_cortex.o
                               0x16d8 (size before relaxing)
 .debug_str     0x0000210b      0x1a6 CM4/TouchGFX/build/STM32H747I_DISCO/Drivers/STM32H7xx_HAL_Driver/Src/stm32h7xx_hal_hsem.o
                                0xa86 (size before relaxing)
 .debug_str     0x000022b1      0x5de CM4/TouchGFX/build/STM32H747I_DISCO/Drivers/STM32H7xx_HAL_Driver/Src/stm32h7xx_hal_pwr_ex.o
                               0x1141 (size before relaxing)
 .debug_str     0x0000288f      0x525 CM4/TouchGFX/build/STM32H747I_DISCO/Drivers/STM32H7xx_HAL_Driver/Src/stm32h7xx_hal_rcc.o
                               0x10e0 (size before relaxing)
 .debug_str     0x00002db4       0x3d CM4/TouchGFX/build/STM32H747I_DISCO/CM4/Core/Src/main.o
                                0xc10 (size before relaxing)
 .debug_str     0x00002df1       0xac CM4/TouchGFX/build/STM32H747I_DISCO/CM4/Core/Src/stm32h7xx_it.o
                                0x956 (size before relaxing)
 .debug_str     0x00002e9d       0x21 CM4/TouchGFX/build/STM32H747I_DISCO/CM4/Core/Src/stm32h7xx_hal_msp.o
                                0xaf5 (size before relaxing)
 .debug_str     0x00002ebe       0x55 CM4/TouchGFX/build/STM32H747I_DISCO/Common/Src/system_stm32h7xx_dualcore_boot_cm4_cm7.o
                                0xbc5 (size before relaxing)
 .debug_str     0x00002f13       0x50 CM4/TouchGFX/build/STM32H747I_DISCO/STM32CubeIDE/CM4/Application/User/Startup/startup_stm32h747xihx.o
                                 0x92 (size before relaxing)

.comment        0x00000000       0x7f
 .comment       0x00000000       0x7f CM4/TouchGFX/build/STM32H747I_DISCO/Drivers/STM32H7xx_HAL_Driver/Src/stm32h7xx_hal.o
                                 0x80 (size before relaxing)
 .comment       0x0000007f       0x80 CM4/TouchGFX/build/STM32H747I_DISCO/Drivers/STM32H7xx_HAL_Driver/Src/stm32h7xx_hal_cortex.o
 .comment       0x0000007f       0x80 CM4/TouchGFX/build/STM32H747I_DISCO/Drivers/STM32H7xx_HAL_Driver/Src/stm32h7xx_hal_hsem.o
 .comment       0x0000007f       0x80 CM4/TouchGFX/build/STM32H747I_DISCO/Drivers/STM32H7xx_HAL_Driver/Src/stm32h7xx_hal_pwr_ex.o
 .comment       0x0000007f       0x80 CM4/TouchGFX/build/STM32H747I_DISCO/Drivers/STM32H7xx_HAL_Driver/Src/stm32h7xx_hal_rcc.o
 .comment       0x0000007f       0x80 CM4/TouchGFX/build/STM32H747I_DISCO/CM4/Core/Src/main.o
 .comment       0x0000007f       0x80 CM4/TouchGFX/build/STM32H747I_DISCO/CM4/Core/Src/stm32h7xx_it.o
 .comment       0x0000007f       0x80 CM4/TouchGFX/build/STM32H747I_DISCO/CM4/Core/Src/stm32h7xx_hal_msp.o
 .comment       0x0000007f       0x80 CM4/TouchGFX/build/STM32H747I_DISCO/Common/Src/system_stm32h7xx_dualcore_boot_cm4_cm7.o

.debug_frame    0x00000000      0xe48
 .debug_frame   0x00000000      0x454 CM4/TouchGFX/build/STM32H747I_DISCO/Drivers/STM32H7xx_HAL_Driver/Src/stm32h7xx_hal.o
 .debug_frame   0x00000454      0x180 CM4/TouchGFX/build/STM32H747I_DISCO/Drivers/STM32H7xx_HAL_Driver/Src/stm32h7xx_hal_cortex.o
 .debug_frame   0x000005d4       0xc8 CM4/TouchGFX/build/STM32H747I_DISCO/Drivers/STM32H7xx_HAL_Driver/Src/stm32h7xx_hal_hsem.o
 .debug_frame   0x0000069c      0x344 CM4/TouchGFX/build/STM32H747I_DISCO/Drivers/STM32H7xx_HAL_Driver/Src/stm32h7xx_hal_pwr_ex.o
 .debug_frame   0x000009e0      0x170 CM4/TouchGFX/build/STM32H747I_DISCO/Drivers/STM32H7xx_HAL_Driver/Src/stm32h7xx_hal_rcc.o
 .debug_frame   0x00000b50       0x38 CM4/TouchGFX/build/STM32H747I_DISCO/CM4/Core/Src/main.o
 .debug_frame   0x00000b88       0xa0 CM4/TouchGFX/build/STM32H747I_DISCO/CM4/Core/Src/stm32h7xx_it.o
 .debug_frame   0x00000c28       0x28 CM4/TouchGFX/build/STM32H747I_DISCO/CM4/Core/Src/stm32h7xx_hal_msp.o
 .debug_frame   0x00000c50       0x38 CM4/TouchGFX/build/STM32H747I_DISCO/Common/Src/system_stm32h7xx_dualcore_boot_cm4_cm7.o
 .debug_frame   0x00000c88       0x2c c:/touchgfx/4.24.0/env/mingw/msys/1.0/gnu-arm-gcc/bin/../lib/gcc/arm-none-eabi/7.3.1/../../../../arm-none-eabi/lib/thumb/v7e-m/fpv4-sp/hard\libc.a(lib_a-init.o)
 .debug_frame   0x00000cb4       0x5c c:/touchgfx/4.24.0/env/mingw/msys/1.0/gnu-arm-gcc/bin/../lib/gcc/arm-none-eabi/7.3.1/../../../../arm-none-eabi/lib/thumb/v7e-m/fpv4-sp/hard\libc.a(lib_a-__call_atexit.o)
 .debug_frame   0x00000d10       0x20 c:/touchgfx/4.24.0/env/mingw/msys/1.0/gnu-arm-gcc/bin/../lib/gcc/arm-none-eabi/7.3.1/../../../../arm-none-eabi/lib/thumb/v7e-m/fpv4-sp/hard\libc.a(lib_a-atexit.o)
 .debug_frame   0x00000d30       0x34 c:/touchgfx/4.24.0/env/mingw/msys/1.0/gnu-arm-gcc/bin/../lib/gcc/arm-none-eabi/7.3.1/../../../../arm-none-eabi/lib/thumb/v7e-m/fpv4-sp/hard\libc.a(lib_a-fini.o)
 .debug_frame   0x00000d64       0xb0 c:/touchgfx/4.24.0/env/mingw/msys/1.0/gnu-arm-gcc/bin/../lib/gcc/arm-none-eabi/7.3.1/../../../../arm-none-eabi/lib/thumb/v7e-m/fpv4-sp/hard\libc.a(lib_a-lock.o)
 .debug_frame   0x00000e14       0x34 c:/touchgfx/4.24.0/env/mingw/msys/1.0/gnu-arm-gcc/bin/../lib/gcc/arm-none-eabi/7.3.1/../../../../arm-none-eabi/lib/thumb/v7e-m/fpv4-sp/hard\libc.a(lib_a-__atexit.o)
