../Application/User/Core/cm_ipc.c:71:6:HAL_HSEM_FreeCallback	16	static
../Application/User/Core/cm_ipc.c:90:5:ipc_init	16	static
../Application/User/Core/cm_ipc.c:102:5:ipc_start	8	static
../Application/User/Core/cm_ipc.c:108:13:prvCoreInterruptHandler	16	static,ignoring_inline_asm
../Application/User/Core/cm_ipc.c:126:13:prvCoreWakeupInterruptHandler	16	static,ignoring_inline_asm
../Application/User/Core/cm_ipc.c:144:6:vGenerateRemoteInterrupt	24	static,ignoring_inline_asm
../Application/User/Core/cm_ipc.c:170:8:ipc_sendmsg	32	static
../Application/User/Core/cm_ipc.c:185:8:ipc_recvmsg	32	static
