../Application/User/Core/main.cpp:90:5:int main()	16	static
../Application/User/Core/main.cpp:185:6:void MX_USART1_UART_Init()	8	static
../Application/User/Core/main.cpp:231:13:void MX_MDMA_Init()	16	static
../Application/User/Core/main.cpp:251:13:void StartTask_EDaemonN(void*)	16	static
../Application/User/Core/main.cpp:269:13:void StartTask_EventMgrM4(void*)	16	static
../Application/User/Core/main.cpp:288:6:void HAL_TIM_PeriodElapsedCallback(TIM_HandleTypeDef*)	16	static
../Application/User/Core/main.cpp:305:6:void Error_Handler()	4	static,ignoring_inline_asm
../Application/User/Core/main.cpp:314:1:void __static_initialization_and_destruction_0(int, int)	16	static
../Application/User/Core/main.cpp:314:1:cpp)	8	static
