C:\ST\STM32CubeIDE_1.16.0\STM32CubeIDE\plugins\com.st.stm32cube.ide.mcu.externaltools.gnu-tools-for-stm32.12.3.rel1.win32_1.0.200.202406191623\tools\arm-none-eabi\include\c++\12.3.1\arm-none-eabi\thumb\v7e-m+fp\hard\bits\c++config.h:516:3:constexpr bool std::__is_constant_evaluated()	4	static
C:\ST\STM32CubeIDE_1.16.0\STM32CubeIDE\plugins\com.st.stm32cube.ide.mcu.externaltools.gnu-tools-for-stm32.12.3.rel1.win32_1.0.200.202406191623\tools\bin/../lib/gcc/arm-none-eabi/12.3.1/../../../../arm-none-eabi/include/c++/12.3.1/new:174:33:void* operator new(std::size_t, void*)	16	static
C:\ST\STM32CubeIDE_1.16.0\STM32CubeIDE\plugins\com.st.stm32cube.ide.mcu.externaltools.gnu-tools-for-stm32.12.3.rel1.win32_1.0.200.202406191623\tools\arm-none-eabi\include\c++\12.3.1\bits\functional_hash.h:131:3:std::size_t std::hash<signed char>::operator()(signed char) const	16	static
C:\ST\STM32CubeIDE_1.16.0\STM32CubeIDE\plugins\com.st.stm32cube.ide.mcu.externaltools.gnu-tools-for-stm32.12.3.rel1.win32_1.0.200.202406191623\tools\arm-none-eabi\include\c++\12.3.1\bits\hashtable_policy.h:277:5:std::__detail::_Hash_node_base::_Hash_node_base()	16	static
C:\ST\STM32CubeIDE_1.16.0\STM32CubeIDE\plugins\com.st.stm32cube.ide.mcu.externaltools.gnu-tools-for-stm32.12.3.rel1.win32_1.0.200.202406191623\tools\arm-none-eabi\include\c++\12.3.1\bits\hashtable_policy.h:486:5:std::__detail::_Mod_range_hashing::result_type std::__detail::_Mod_range_hashing::operator()(first_argument_type, second_argument_type) const	24	static
C:\ST\STM32CubeIDE_1.16.0\STM32CubeIDE\plugins\com.st.stm32cube.ide.mcu.externaltools.gnu-tools-for-stm32.12.3.rel1.win32_1.0.200.202406191623\tools\arm-none-eabi\include\c++\12.3.1\bits\hashtable_policy.h:504:5:std::__detail::_Prime_rehash_policy::_Prime_rehash_policy(float)	16	static
C:\ST\STM32CubeIDE_1.16.0\STM32CubeIDE\plugins\com.st.stm32cube.ide.mcu.externaltools.gnu-tools-for-stm32.12.3.rel1.win32_1.0.200.202406191623\tools\arm-none-eabi\include\c++\12.3.1\bits\hashtable_policy.h:531:5:std::__detail::_Prime_rehash_policy::_State std::__detail::_Prime_rehash_policy::_M_state() const	16	static
C:\ST\STM32CubeIDE_1.16.0\STM32CubeIDE\plugins\com.st.stm32cube.ide.mcu.externaltools.gnu-tools-for-stm32.12.3.rel1.win32_1.0.200.202406191623\tools\bin/../lib/gcc/arm-none-eabi/12.3.1/../../../../arm-none-eabi/include/c++/12.3.1/bits/stl_pair.h:269:7:constexpr std::pair<_T1, _T2>::pair(const _T1&, const _T2&) requires  _S_constructible<const _T1&, const _T2&>() [with _T1 = const APIDoIP::EDoIPRequest; _T2 = std::pair<std::variant<EUDSDID, EDynamicDataIndentifierRequestCode>, EECUAddress>]	24	static
../Application/User/Core/main.cpp:138:5:int main()	16	static
../Application/User/Core/main.cpp:243:13:void MX_I2C4_Init()	8	static
../Application/User/Core/main.cpp:291:6:void MX_USART1_UART_Init()	8	static
../Application/User/Core/main.cpp:337:13:void MX_MDMA_Init()	16	static
../Application/User/Core/main.cpp:351:13:void MX_GPIO_Init()	40	static
../Application/User/Core/main.cpp:375:16:int __io_putchar(int)	16	static
../Application/User/Core/main.cpp:392:13:void StartTask_EDaemonN(void*)	16	static
../Application/User/Core/main.cpp:413:6:void HAL_TIM_PeriodElapsedCallback(TIM_HandleTypeDef*)	16	static
../Application/User/Core/main.cpp:430:6:void Error_Handler()	4	static,ignoring_inline_asm
C:\ST\STM32CubeIDE_1.16.0\STM32CubeIDE\plugins\com.st.stm32cube.ide.mcu.externaltools.gnu-tools-for-stm32.12.3.rel1.win32_1.0.200.202406191623\tools\bin/../lib/gcc/arm-none-eabi/12.3.1/../../../../arm-none-eabi/include/c++/12.3.1/bits/allocator.h:156:7:constexpr std::allocator< <template-parameter-1-1> >::allocator() [with _Tp = std::pair<const APIDoIP::EDoIPRequest, std::pair<std::variant<EUDSDID, EDynamicDataIndentifierRequestCode>, EECUAddress> >]	16	static
C:\ST\STM32CubeIDE_1.16.0\STM32CubeIDE\plugins\com.st.stm32cube.ide.mcu.externaltools.gnu-tools-for-stm32.12.3.rel1.win32_1.0.200.202406191623\tools\bin/../lib/gcc/arm-none-eabi/12.3.1/../../../../arm-none-eabi/include/c++/12.3.1/bits/allocator.h:174:7:constexpr std::allocator< <template-parameter-1-1> >::~allocator() [with _Tp = std::pair<const APIDoIP::EDoIPRequest, std::pair<std::variant<EUDSDID, EDynamicDataIndentifierRequestCode>, EECUAddress> >]	16	static
C:\ST\STM32CubeIDE_1.16.0\STM32CubeIDE\plugins\com.st.stm32cube.ide.mcu.externaltools.gnu-tools-for-stm32.12.3.rel1.win32_1.0.200.202406191623\tools\arm-none-eabi\include\c++\12.3.1\bits\unordered_map.h:227:7:std::unordered_map<_Key, _Tp, _Hash, _Pred, _Alloc>::unordered_map(std::initializer_list<typename std::_Hashtable<_Key, std::pair<const _Key, _Val>, _Alloc, std::__detail::_Select1st, _Pred, _Hash, std::__detail::_Mod_range_hashing, std::__detail::_Default_ranged_hash, std::__detail::_Prime_rehash_policy, std::__detail::_Hashtable_traits<std::__not_<std::__and_<std::__is_fast_hash<_Hash>, std::__is_nothrow_invocable<const _Hash&, const _Key&> > >::value, false, true> >::value_type>, size_type, const hasher&, const key_equal&, const allocator_type&) [with _Key = APIDoIP::EDoIPRequest; _Tp = std::pair<std::variant<EUDSDID, EDynamicDataIndentifierRequestCode>, EECUAddress>; _Hash = std::hash<APIDoIP::EDoIPRequest>; _Pred = std::equal_to<APIDoIP::EDoIPRequest>; _Alloc = std::allocator<std::pair<const APIDoIP::EDoIPRequest, std::pair<std::variant<EUDSDID, EDynamicDataIndentifierRequestCode>, EECUAddress> > >]	40	static
C:\ST\STM32CubeIDE_1.16.0\STM32CubeIDE\plugins\com.st.stm32cube.ide.mcu.externaltools.gnu-tools-for-stm32.12.3.rel1.win32_1.0.200.202406191623\tools\bin/../lib/gcc/arm-none-eabi/12.3.1/../../../../arm-none-eabi/include/c++/12.3.1/bits/allocator.h:156:7:constexpr std::allocator< <template-parameter-1-1> >::allocator() [with _Tp = std::pair<const APIDoIP::EDoIPRequest, const char*>]	16	static
C:\ST\STM32CubeIDE_1.16.0\STM32CubeIDE\plugins\com.st.stm32cube.ide.mcu.externaltools.gnu-tools-for-stm32.12.3.rel1.win32_1.0.200.202406191623\tools\bin/../lib/gcc/arm-none-eabi/12.3.1/../../../../arm-none-eabi/include/c++/12.3.1/bits/allocator.h:174:7:constexpr std::allocator< <template-parameter-1-1> >::~allocator() [with _Tp = std::pair<const APIDoIP::EDoIPRequest, const char*>]	16	static
C:\ST\STM32CubeIDE_1.16.0\STM32CubeIDE\plugins\com.st.stm32cube.ide.mcu.externaltools.gnu-tools-for-stm32.12.3.rel1.win32_1.0.200.202406191623\tools\arm-none-eabi\include\c++\12.3.1\bits\unordered_map.h:227:7:std::unordered_map<_Key, _Tp, _Hash, _Pred, _Alloc>::unordered_map(std::initializer_list<typename std::_Hashtable<_Key, std::pair<const _Key, _Val>, _Alloc, std::__detail::_Select1st, _Pred, _Hash, std::__detail::_Mod_range_hashing, std::__detail::_Default_ranged_hash, std::__detail::_Prime_rehash_policy, std::__detail::_Hashtable_traits<std::__not_<std::__and_<std::__is_fast_hash<_Hash>, std::__is_nothrow_invocable<const _Hash&, const _Key&> > >::value, false, true> >::value_type>, size_type, const hasher&, const key_equal&, const allocator_type&) [with _Key = APIDoIP::EDoIPRequest; _Tp = const char*; _Hash = std::hash<APIDoIP::EDoIPRequest>; _Pred = std::equal_to<APIDoIP::EDoIPRequest>; _Alloc = std::allocator<std::pair<const APIDoIP::EDoIPRequest, const char*> >]	40	static
C:\ST\STM32CubeIDE_1.16.0\STM32CubeIDE\plugins\com.st.stm32cube.ide.mcu.externaltools.gnu-tools-for-stm32.12.3.rel1.win32_1.0.200.202406191623\tools\bin/../lib/gcc/arm-none-eabi/12.3.1/../../../../arm-none-eabi/include/c++/12.3.1/bits/move.h:77:5:constexpr _Tp&& std::forward(typename remove_reference<_Tp>::type&) [with _Tp = bool]	16	static
C:\ST\STM32CubeIDE_1.16.0\STM32CubeIDE\plugins\com.st.stm32cube.ide.mcu.externaltools.gnu-tools-for-stm32.12.3.rel1.win32_1.0.200.202406191623\tools\arm-none-eabi\include\c++\12.3.1\bits\new_allocator.h:80:7:constexpr std::__new_allocator<_Tp>::__new_allocator() [with _Tp = std::pair<const APIDoIP::EDoIPRequest, std::pair<std::variant<EUDSDID, EDynamicDataIndentifierRequestCode>, EECUAddress> >]	16	static
C:\ST\STM32CubeIDE_1.16.0\STM32CubeIDE\plugins\com.st.stm32cube.ide.mcu.externaltools.gnu-tools-for-stm32.12.3.rel1.win32_1.0.200.202406191623\tools\bin/../lib/gcc/arm-none-eabi/12.3.1/../../../../arm-none-eabi/include/c++/12.3.1/bits/hashtable.h:572:7:std::_Hashtable<_Key, _Value, _Alloc, _ExtractKey, _Equal, _Hash, _RangeHash, _Unused, _RehashPolicy, _Traits>::_Hashtable(std::initializer_list<_Value>, size_type, const _Hash&, const key_equal&, const allocator_type&) [with _Key = APIDoIP::EDoIPRequest; _Value = std::pair<const APIDoIP::EDoIPRequest, std::pair<std::variant<EUDSDID, EDynamicDataIndentifierRequestCode>, EECUAddress> >; _Alloc = std::allocator<std::pair<const APIDoIP::EDoIPRequest, std::pair<std::variant<EUDSDID, EDynamicDataIndentifierRequestCode>, EECUAddress> > >; _ExtractKey = std::__detail::_Select1st; _Equal = std::equal_to<APIDoIP::EDoIPRequest>; _Hash = std::hash<APIDoIP::EDoIPRequest>; _RangeHash = std::__detail::_Mod_range_hashing; _Unused = std::__detail::_Default_ranged_hash; _RehashPolicy = std::__detail::_Prime_rehash_policy; _Traits = std::__detail::_Hashtable_traits<false, false, true>]	48	static
C:\ST\STM32CubeIDE_1.16.0\STM32CubeIDE\plugins\com.st.stm32cube.ide.mcu.externaltools.gnu-tools-for-stm32.12.3.rel1.win32_1.0.200.202406191623\tools\arm-none-eabi\include\c++\12.3.1\bits\hashtable_policy.h:1175:12:constexpr std::__detail::_Hashtable_ebo_helper<0, std::allocator<std::__detail::_Hash_node<std::pair<const APIDoIP::EDoIPRequest, std::pair<std::variant<EUDSDID, EDynamicDataIndentifierRequestCode>, EECUAddress> >, false> >, true>::~_Hashtable_ebo_helper()	16	static
C:\ST\STM32CubeIDE_1.16.0\STM32CubeIDE\plugins\com.st.stm32cube.ide.mcu.externaltools.gnu-tools-for-stm32.12.3.rel1.win32_1.0.200.202406191623\tools\arm-none-eabi\include\c++\12.3.1\bits\hashtable_policy.h:1885:12:constexpr std::__detail::_Hashtable_alloc<std::allocator<std::__detail::_Hash_node<std::pair<const APIDoIP::EDoIPRequest, std::pair<std::variant<EUDSDID, EDynamicDataIndentifierRequestCode>, EECUAddress> >, false> > >::~_Hashtable_alloc()	16	static
C:\ST\STM32CubeIDE_1.16.0\STM32CubeIDE\plugins\com.st.stm32cube.ide.mcu.externaltools.gnu-tools-for-stm32.12.3.rel1.win32_1.0.200.202406191623\tools\bin/../lib/gcc/arm-none-eabi/12.3.1/../../../../arm-none-eabi/include/c++/12.3.1/bits/hashtable.h:1571:5:std::_Hashtable<_Key, _Value, _Alloc, _ExtractKey, _Equal, _Hash, _RangeHash, _Unused, _RehashPolicy, _Traits>::~_Hashtable() [with _Key = APIDoIP::EDoIPRequest; _Value = std::pair<const APIDoIP::EDoIPRequest, std::pair<std::variant<EUDSDID, EDynamicDataIndentifierRequestCode>, EECUAddress> >; _Alloc = std::allocator<std::pair<const APIDoIP::EDoIPRequest, std::pair<std::variant<EUDSDID, EDynamicDataIndentifierRequestCode>, EECUAddress> > >; _ExtractKey = std::__detail::_Select1st; _Equal = std::equal_to<APIDoIP::EDoIPRequest>; _Hash = std::hash<APIDoIP::EDoIPRequest>; _RangeHash = std::__detail::_Mod_range_hashing; _Unused = std::__detail::_Default_ranged_hash; _RehashPolicy = std::__detail::_Prime_rehash_policy; _Traits = std::__detail::_Hashtable_traits<false, false, true>]	16	static
C:\ST\STM32CubeIDE_1.16.0\STM32CubeIDE\plugins\com.st.stm32cube.ide.mcu.externaltools.gnu-tools-for-stm32.12.3.rel1.win32_1.0.200.202406191623\tools\arm-none-eabi\include\c++\12.3.1\bits\new_allocator.h:80:7:constexpr std::__new_allocator<_Tp>::__new_allocator() [with _Tp = std::pair<const APIDoIP::EDoIPRequest, const char*>]	16	static
C:\ST\STM32CubeIDE_1.16.0\STM32CubeIDE\plugins\com.st.stm32cube.ide.mcu.externaltools.gnu-tools-for-stm32.12.3.rel1.win32_1.0.200.202406191623\tools\bin/../lib/gcc/arm-none-eabi/12.3.1/../../../../arm-none-eabi/include/c++/12.3.1/bits/hashtable.h:572:7:std::_Hashtable<_Key, _Value, _Alloc, _ExtractKey, _Equal, _Hash, _RangeHash, _Unused, _RehashPolicy, _Traits>::_Hashtable(std::initializer_list<_Value>, size_type, const _Hash&, const key_equal&, const allocator_type&) [with _Key = APIDoIP::EDoIPRequest; _Value = std::pair<const APIDoIP::EDoIPRequest, const char*>; _Alloc = std::allocator<std::pair<const APIDoIP::EDoIPRequest, const char*> >; _ExtractKey = std::__detail::_Select1st; _Equal = std::equal_to<APIDoIP::EDoIPRequest>; _Hash = std::hash<APIDoIP::EDoIPRequest>; _RangeHash = std::__detail::_Mod_range_hashing; _Unused = std::__detail::_Default_ranged_hash; _RehashPolicy = std::__detail::_Prime_rehash_policy; _Traits = std::__detail::_Hashtable_traits<false, false, true>]	48	static
C:\ST\STM32CubeIDE_1.16.0\STM32CubeIDE\plugins\com.st.stm32cube.ide.mcu.externaltools.gnu-tools-for-stm32.12.3.rel1.win32_1.0.200.202406191623\tools\arm-none-eabi\include\c++\12.3.1\bits\hashtable_policy.h:1175:12:constexpr std::__detail::_Hashtable_ebo_helper<0, std::allocator<std::__detail::_Hash_node<std::pair<const APIDoIP::EDoIPRequest, const char*>, false> >, true>::~_Hashtable_ebo_helper()	16	static
C:\ST\STM32CubeIDE_1.16.0\STM32CubeIDE\plugins\com.st.stm32cube.ide.mcu.externaltools.gnu-tools-for-stm32.12.3.rel1.win32_1.0.200.202406191623\tools\arm-none-eabi\include\c++\12.3.1\bits\hashtable_policy.h:1885:12:constexpr std::__detail::_Hashtable_alloc<std::allocator<std::__detail::_Hash_node<std::pair<const APIDoIP::EDoIPRequest, const char*>, false> > >::~_Hashtable_alloc()	16	static
C:\ST\STM32CubeIDE_1.16.0\STM32CubeIDE\plugins\com.st.stm32cube.ide.mcu.externaltools.gnu-tools-for-stm32.12.3.rel1.win32_1.0.200.202406191623\tools\bin/../lib/gcc/arm-none-eabi/12.3.1/../../../../arm-none-eabi/include/c++/12.3.1/bits/hashtable.h:1571:5:std::_Hashtable<_Key, _Value, _Alloc, _ExtractKey, _Equal, _Hash, _RangeHash, _Unused, _RehashPolicy, _Traits>::~_Hashtable() [with _Key = APIDoIP::EDoIPRequest; _Value = std::pair<const APIDoIP::EDoIPRequest, const char*>; _Alloc = std::allocator<std::pair<const APIDoIP::EDoIPRequest, const char*> >; _ExtractKey = std::__detail::_Select1st; _Equal = std::equal_to<APIDoIP::EDoIPRequest>; _Hash = std::hash<APIDoIP::EDoIPRequest>; _RangeHash = std::__detail::_Mod_range_hashing; _Unused = std::__detail::_Default_ranged_hash; _RehashPolicy = std::__detail::_Prime_rehash_policy; _Traits = std::__detail::_Hashtable_traits<false, false, true>]	16	static
C:\ST\STM32CubeIDE_1.16.0\STM32CubeIDE\plugins\com.st.stm32cube.ide.mcu.externaltools.gnu-tools-for-stm32.12.3.rel1.win32_1.0.200.202406191623\tools\bin/../lib/gcc/arm-none-eabi/12.3.1/../../../../arm-none-eabi/include/c++/12.3.1/initializer_list:75:7:constexpr const _E* std::initializer_list<_E>::begin() const [with _E = std::pair<const APIDoIP::EDoIPRequest, std::pair<std::variant<EUDSDID, EDynamicDataIndentifierRequestCode>, EECUAddress> >]	16	static
C:\ST\STM32CubeIDE_1.16.0\STM32CubeIDE\plugins\com.st.stm32cube.ide.mcu.externaltools.gnu-tools-for-stm32.12.3.rel1.win32_1.0.200.202406191623\tools\bin/../lib/gcc/arm-none-eabi/12.3.1/../../../../arm-none-eabi/include/c++/12.3.1/initializer_list:79:7:constexpr const _E* std::initializer_list<_E>::end() const [with _E = std::pair<const APIDoIP::EDoIPRequest, std::pair<std::variant<EUDSDID, EDynamicDataIndentifierRequestCode>, EECUAddress> >]	24	static
C:\ST\STM32CubeIDE_1.16.0\STM32CubeIDE\plugins\com.st.stm32cube.ide.mcu.externaltools.gnu-tools-for-stm32.12.3.rel1.win32_1.0.200.202406191623\tools\bin/../lib/gcc/arm-none-eabi/12.3.1/../../../../arm-none-eabi/include/c++/12.3.1/bits/hashtable.h:1182:7:std::_Hashtable<_Key, _Value, _Alloc, _ExtractKey, _Equal, _Hash, _RangeHash, _Unused, _RehashPolicy, _Traits>::_Hashtable(_InputIterator, _InputIterator, size_type, const _Hash&, const _Equal&, const allocator_type&, std::true_type) [with _InputIterator = const std::pair<const APIDoIP::EDoIPRequest, std::pair<std::variant<EUDSDID, EDynamicDataIndentifierRequestCode>, EECUAddress> >*; _Key = APIDoIP::EDoIPRequest; _Value = std::pair<const APIDoIP::EDoIPRequest, std::pair<std::variant<EUDSDID, EDynamicDataIndentifierRequestCode>, EECUAddress> >; _Alloc = std::allocator<std::pair<const APIDoIP::EDoIPRequest, std::pair<std::variant<EUDSDID, EDynamicDataIndentifierRequestCode>, EECUAddress> > >; _ExtractKey = std::__detail::_Select1st; _Equal = std::equal_to<APIDoIP::EDoIPRequest>; _Hash = std::hash<APIDoIP::EDoIPRequest>; _RangeHash = std::__detail::_Mod_range_hashing; _Unused = std::__detail::_Default_ranged_hash; _RehashPolicy = std::__detail::_Prime_rehash_policy; _Traits = std::__detail::_Hashtable_traits<false, false, true>]	40	static
C:\ST\STM32CubeIDE_1.16.0\STM32CubeIDE\plugins\com.st.stm32cube.ide.mcu.externaltools.gnu-tools-for-stm32.12.3.rel1.win32_1.0.200.202406191623\tools\bin/../lib/gcc/arm-none-eabi/12.3.1/../../../../arm-none-eabi/include/c++/12.3.1/bits/allocator.h:174:7:constexpr std::allocator< <template-parameter-1-1> >::~allocator() [with _Tp = std::__detail::_Hash_node<std::pair<const APIDoIP::EDoIPRequest, std::pair<std::variant<EUDSDID, EDynamicDataIndentifierRequestCode>, EECUAddress> >, false>]	16	static
C:\ST\STM32CubeIDE_1.16.0\STM32CubeIDE\plugins\com.st.stm32cube.ide.mcu.externaltools.gnu-tools-for-stm32.12.3.rel1.win32_1.0.200.202406191623\tools\bin/../lib/gcc/arm-none-eabi/12.3.1/../../../../arm-none-eabi/include/c++/12.3.1/bits/hashtable.h:2496:5:void std::_Hashtable<_Key, _Value, _Alloc, _ExtractKey, _Equal, _Hash, _RangeHash, _Unused, _RehashPolicy, _Traits>::clear() [with _Key = APIDoIP::EDoIPRequest; _Value = std::pair<const APIDoIP::EDoIPRequest, std::pair<std::variant<EUDSDID, EDynamicDataIndentifierRequestCode>, EECUAddress> >; _Alloc = std::allocator<std::pair<const APIDoIP::EDoIPRequest, std::pair<std::variant<EUDSDID, EDynamicDataIndentifierRequestCode>, EECUAddress> > >; _ExtractKey = std::__detail::_Select1st; _Equal = std::equal_to<APIDoIP::EDoIPRequest>; _Hash = std::hash<APIDoIP::EDoIPRequest>; _RangeHash = std::__detail::_Mod_range_hashing; _Unused = std::__detail::_Default_ranged_hash; _RehashPolicy = std::__detail::_Prime_rehash_policy; _Traits = std::__detail::_Hashtable_traits<false, false, true>]	16	static
C:\ST\STM32CubeIDE_1.16.0\STM32CubeIDE\plugins\com.st.stm32cube.ide.mcu.externaltools.gnu-tools-for-stm32.12.3.rel1.win32_1.0.200.202406191623\tools\bin/../lib/gcc/arm-none-eabi/12.3.1/../../../../arm-none-eabi/include/c++/12.3.1/bits/hashtable.h:456:7:void std::_Hashtable<_Key, _Value, _Alloc, _ExtractKey, _Equal, _Hash, _RangeHash, _Unused, _RehashPolicy, _Traits>::_M_deallocate_buckets() [with _Key = APIDoIP::EDoIPRequest; _Value = std::pair<const APIDoIP::EDoIPRequest, std::pair<std::variant<EUDSDID, EDynamicDataIndentifierRequestCode>, EECUAddress> >; _Alloc = std::allocator<std::pair<const APIDoIP::EDoIPRequest, std::pair<std::variant<EUDSDID, EDynamicDataIndentifierRequestCode>, EECUAddress> > >; _ExtractKey = std::__detail::_Select1st; _Equal = std::equal_to<APIDoIP::EDoIPRequest>; _Hash = std::hash<APIDoIP::EDoIPRequest>; _RangeHash = std::__detail::_Mod_range_hashing; _Unused = std::__detail::_Default_ranged_hash; _RehashPolicy = std::__detail::_Prime_rehash_policy; _Traits = std::__detail::_Hashtable_traits<false, false, true>]	16	static
C:\ST\STM32CubeIDE_1.16.0\STM32CubeIDE\plugins\com.st.stm32cube.ide.mcu.externaltools.gnu-tools-for-stm32.12.3.rel1.win32_1.0.200.202406191623\tools\bin/../lib/gcc/arm-none-eabi/12.3.1/../../../../arm-none-eabi/include/c++/12.3.1/initializer_list:75:7:constexpr const _E* std::initializer_list<_E>::begin() const [with _E = std::pair<const APIDoIP::EDoIPRequest, const char*>]	16	static
C:\ST\STM32CubeIDE_1.16.0\STM32CubeIDE\plugins\com.st.stm32cube.ide.mcu.externaltools.gnu-tools-for-stm32.12.3.rel1.win32_1.0.200.202406191623\tools\bin/../lib/gcc/arm-none-eabi/12.3.1/../../../../arm-none-eabi/include/c++/12.3.1/initializer_list:79:7:constexpr const _E* std::initializer_list<_E>::end() const [with _E = std::pair<const APIDoIP::EDoIPRequest, const char*>]	24	static
C:\ST\STM32CubeIDE_1.16.0\STM32CubeIDE\plugins\com.st.stm32cube.ide.mcu.externaltools.gnu-tools-for-stm32.12.3.rel1.win32_1.0.200.202406191623\tools\bin/../lib/gcc/arm-none-eabi/12.3.1/../../../../arm-none-eabi/include/c++/12.3.1/bits/hashtable.h:1182:7:std::_Hashtable<_Key, _Value, _Alloc, _ExtractKey, _Equal, _Hash, _RangeHash, _Unused, _RehashPolicy, _Traits>::_Hashtable(_InputIterator, _InputIterator, size_type, const _Hash&, const _Equal&, const allocator_type&, std::true_type) [with _InputIterator = const std::pair<const APIDoIP::EDoIPRequest, const char*>*; _Key = APIDoIP::EDoIPRequest; _Value = std::pair<const APIDoIP::EDoIPRequest, const char*>; _Alloc = std::allocator<std::pair<const APIDoIP::EDoIPRequest, const char*> >; _ExtractKey = std::__detail::_Select1st; _Equal = std::equal_to<APIDoIP::EDoIPRequest>; _Hash = std::hash<APIDoIP::EDoIPRequest>; _RangeHash = std::__detail::_Mod_range_hashing; _Unused = std::__detail::_Default_ranged_hash; _RehashPolicy = std::__detail::_Prime_rehash_policy; _Traits = std::__detail::_Hashtable_traits<false, false, true>]	40	static
C:\ST\STM32CubeIDE_1.16.0\STM32CubeIDE\plugins\com.st.stm32cube.ide.mcu.externaltools.gnu-tools-for-stm32.12.3.rel1.win32_1.0.200.202406191623\tools\bin/../lib/gcc/arm-none-eabi/12.3.1/../../../../arm-none-eabi/include/c++/12.3.1/bits/allocator.h:174:7:constexpr std::allocator< <template-parameter-1-1> >::~allocator() [with _Tp = std::__detail::_Hash_node<std::pair<const APIDoIP::EDoIPRequest, const char*>, false>]	16	static
C:\ST\STM32CubeIDE_1.16.0\STM32CubeIDE\plugins\com.st.stm32cube.ide.mcu.externaltools.gnu-tools-for-stm32.12.3.rel1.win32_1.0.200.202406191623\tools\bin/../lib/gcc/arm-none-eabi/12.3.1/../../../../arm-none-eabi/include/c++/12.3.1/bits/hashtable.h:2496:5:void std::_Hashtable<_Key, _Value, _Alloc, _ExtractKey, _Equal, _Hash, _RangeHash, _Unused, _RehashPolicy, _Traits>::clear() [with _Key = APIDoIP::EDoIPRequest; _Value = std::pair<const APIDoIP::EDoIPRequest, const char*>; _Alloc = std::allocator<std::pair<const APIDoIP::EDoIPRequest, const char*> >; _ExtractKey = std::__detail::_Select1st; _Equal = std::equal_to<APIDoIP::EDoIPRequest>; _Hash = std::hash<APIDoIP::EDoIPRequest>; _RangeHash = std::__detail::_Mod_range_hashing; _Unused = std::__detail::_Default_ranged_hash; _RehashPolicy = std::__detail::_Prime_rehash_policy; _Traits = std::__detail::_Hashtable_traits<false, false, true>]	16	static
C:\ST\STM32CubeIDE_1.16.0\STM32CubeIDE\plugins\com.st.stm32cube.ide.mcu.externaltools.gnu-tools-for-stm32.12.3.rel1.win32_1.0.200.202406191623\tools\bin/../lib/gcc/arm-none-eabi/12.3.1/../../../../arm-none-eabi/include/c++/12.3.1/bits/hashtable.h:456:7:void std::_Hashtable<_Key, _Value, _Alloc, _ExtractKey, _Equal, _Hash, _RangeHash, _Unused, _RehashPolicy, _Traits>::_M_deallocate_buckets() [with _Key = APIDoIP::EDoIPRequest; _Value = std::pair<const APIDoIP::EDoIPRequest, const char*>; _Alloc = std::allocator<std::pair<const APIDoIP::EDoIPRequest, const char*> >; _ExtractKey = std::__detail::_Select1st; _Equal = std::equal_to<APIDoIP::EDoIPRequest>; _Hash = std::hash<APIDoIP::EDoIPRequest>; _RangeHash = std::__detail::_Mod_range_hashing; _Unused = std::__detail::_Default_ranged_hash; _RehashPolicy = std::__detail::_Prime_rehash_policy; _Traits = std::__detail::_Hashtable_traits<false, false, true>]	16	static
C:\ST\STM32CubeIDE_1.16.0\STM32CubeIDE\plugins\com.st.stm32cube.ide.mcu.externaltools.gnu-tools-for-stm32.12.3.rel1.win32_1.0.200.202406191623\tools\bin/../lib/gcc/arm-none-eabi/12.3.1/../../../../arm-none-eabi/include/c++/12.3.1/initializer_list:71:7:constexpr std::initializer_list<_E>::size_type std::initializer_list<_E>::size() const [with _E = std::pair<const APIDoIP::EDoIPRequest, std::pair<std::variant<EUDSDID, EDynamicDataIndentifierRequestCode>, EECUAddress> >]	16	static
C:\ST\STM32CubeIDE_1.16.0\STM32CubeIDE\plugins\com.st.stm32cube.ide.mcu.externaltools.gnu-tools-for-stm32.12.3.rel1.win32_1.0.200.202406191623\tools\bin/../lib/gcc/arm-none-eabi/12.3.1/../../../../arm-none-eabi/include/c++/12.3.1/bits/hashtable.h:1163:5:std::_Hashtable<_Key, _Value, _Alloc, _ExtractKey, _Equal, _Hash, _RangeHash, _Unused, _RehashPolicy, _Traits>::_Hashtable(size_type, const _Hash&, const _Equal&, const allocator_type&) [with _Key = APIDoIP::EDoIPRequest; _Value = std::pair<const APIDoIP::EDoIPRequest, std::pair<std::variant<EUDSDID, EDynamicDataIndentifierRequestCode>, EECUAddress> >; _Alloc = std::allocator<std::pair<const APIDoIP::EDoIPRequest, std::pair<std::variant<EUDSDID, EDynamicDataIndentifierRequestCode>, EECUAddress> > >; _ExtractKey = std::__detail::_Select1st; _Equal = std::equal_to<APIDoIP::EDoIPRequest>; _Hash = std::hash<APIDoIP::EDoIPRequest>; _RangeHash = std::__detail::_Mod_range_hashing; _Unused = std::__detail::_Default_ranged_hash; _RehashPolicy = std::__detail::_Prime_rehash_policy; _Traits = std::__detail::_Hashtable_traits<false, false, true>]	32	static
C:\ST\STM32CubeIDE_1.16.0\STM32CubeIDE\plugins\com.st.stm32cube.ide.mcu.externaltools.gnu-tools-for-stm32.12.3.rel1.win32_1.0.200.202406191623\tools\arm-none-eabi\include\c++\12.3.1\bits\hashtable_policy.h:889:7:std::__detail::_Insert_base<_Key, _Value, _Alloc, _ExtractKey, _Equal, _Hash, _RangeHash, _Unused, _RehashPolicy, _Traits>::__ireturn_type std::__detail::_Insert_base<_Key, _Value, _Alloc, _ExtractKey, _Equal, _Hash, _RangeHash, _Unused, _RehashPolicy, _Traits>::insert(const value_type&) [with _Key = APIDoIP::EDoIPRequest; _Value = std::pair<const APIDoIP::EDoIPRequest, std::pair<std::variant<EUDSDID, EDynamicDataIndentifierRequestCode>, EECUAddress> >; _Alloc = std::allocator<std::pair<const APIDoIP::EDoIPRequest, std::pair<std::variant<EUDSDID, EDynamicDataIndentifierRequestCode>, EECUAddress> > >; _ExtractKey = std::__detail::_Select1st; _Equal = std::equal_to<APIDoIP::EDoIPRequest>; _Hash = std::hash<APIDoIP::EDoIPRequest>; _RangeHash = std::__detail::_Mod_range_hashing; _Unused = std::__detail::_Default_ranged_hash; _RehashPolicy = std::__detail::_Prime_rehash_policy; _Traits = std::__detail::_Hashtable_traits<false, false, true>]	48	static
C:\ST\STM32CubeIDE_1.16.0\STM32CubeIDE\plugins\com.st.stm32cube.ide.mcu.externaltools.gnu-tools-for-stm32.12.3.rel1.win32_1.0.200.202406191623\tools\bin/../lib/gcc/arm-none-eabi/12.3.1/../../../../arm-none-eabi/include/c++/12.3.1/bits/hashtable.h:465:7:std::_Hashtable<_Key, _Value, _Alloc, _ExtractKey, _Equal, _Hash, _RangeHash, _Unused, _RehashPolicy, _Traits>::__node_ptr std::_Hashtable<_Key, _Value, _Alloc, _ExtractKey, _Equal, _Hash, _RangeHash, _Unused, _RehashPolicy, _Traits>::_M_begin() const [with _Key = APIDoIP::EDoIPRequest; _Value = std::pair<const APIDoIP::EDoIPRequest, std::pair<std::variant<EUDSDID, EDynamicDataIndentifierRequestCode>, EECUAddress> >; _Alloc = std::allocator<std::pair<const APIDoIP::EDoIPRequest, std::pair<std::variant<EUDSDID, EDynamicDataIndentifierRequestCode>, EECUAddress> > >; _ExtractKey = std::__detail::_Select1st; _Equal = std::equal_to<APIDoIP::EDoIPRequest>; _Hash = std::hash<APIDoIP::EDoIPRequest>; _RangeHash = std::__detail::_Mod_range_hashing; _Unused = std::__detail::_Default_ranged_hash; _RehashPolicy = std::__detail::_Prime_rehash_policy; _Traits = std::__detail::_Hashtable_traits<false, false, true>]	16	static
C:\ST\STM32CubeIDE_1.16.0\STM32CubeIDE\plugins\com.st.stm32cube.ide.mcu.externaltools.gnu-tools-for-stm32.12.3.rel1.win32_1.0.200.202406191623\tools\arm-none-eabi\include\c++\12.3.1\bits\hashtable_policy.h:2000:5:void std::__detail::_Hashtable_alloc<_NodeAlloc>::_M_deallocate_nodes(__node_ptr) [with _NodeAlloc = std::allocator<std::__detail::_Hash_node<std::pair<const APIDoIP::EDoIPRequest, std::pair<std::variant<EUDSDID, EDynamicDataIndentifierRequestCode>, EECUAddress> >, false> >]	24	static
C:\ST\STM32CubeIDE_1.16.0\STM32CubeIDE\plugins\com.st.stm32cube.ide.mcu.externaltools.gnu-tools-for-stm32.12.3.rel1.win32_1.0.200.202406191623\tools\bin/../lib/gcc/arm-none-eabi/12.3.1/../../../../arm-none-eabi/include/c++/12.3.1/bits/hashtable.h:447:7:void std::_Hashtable<_Key, _Value, _Alloc, _ExtractKey, _Equal, _Hash, _RangeHash, _Unused, _RehashPolicy, _Traits>::_M_deallocate_buckets(__buckets_ptr, size_type) [with _Key = APIDoIP::EDoIPRequest; _Value = std::pair<const APIDoIP::EDoIPRequest, std::pair<std::variant<EUDSDID, EDynamicDataIndentifierRequestCode>, EECUAddress> >; _Alloc = std::allocator<std::pair<const APIDoIP::EDoIPRequest, std::pair<std::variant<EUDSDID, EDynamicDataIndentifierRequestCode>, EECUAddress> > >; _ExtractKey = std::__detail::_Select1st; _Equal = std::equal_to<APIDoIP::EDoIPRequest>; _Hash = std::hash<APIDoIP::EDoIPRequest>; _RangeHash = std::__detail::_Mod_range_hashing; _Unused = std::__detail::_Default_ranged_hash; _RehashPolicy = std::__detail::_Prime_rehash_policy; _Traits = std::__detail::_Hashtable_traits<false, false, true>]	24	static
C:\ST\STM32CubeIDE_1.16.0\STM32CubeIDE\plugins\com.st.stm32cube.ide.mcu.externaltools.gnu-tools-for-stm32.12.3.rel1.win32_1.0.200.202406191623\tools\bin/../lib/gcc/arm-none-eabi/12.3.1/../../../../arm-none-eabi/include/c++/12.3.1/initializer_list:71:7:constexpr std::initializer_list<_E>::size_type std::initializer_list<_E>::size() const [with _E = std::pair<const APIDoIP::EDoIPRequest, const char*>]	16	static
C:\ST\STM32CubeIDE_1.16.0\STM32CubeIDE\plugins\com.st.stm32cube.ide.mcu.externaltools.gnu-tools-for-stm32.12.3.rel1.win32_1.0.200.202406191623\tools\bin/../lib/gcc/arm-none-eabi/12.3.1/../../../../arm-none-eabi/include/c++/12.3.1/bits/hashtable.h:1163:5:std::_Hashtable<_Key, _Value, _Alloc, _ExtractKey, _Equal, _Hash, _RangeHash, _Unused, _RehashPolicy, _Traits>::_Hashtable(size_type, const _Hash&, const _Equal&, const allocator_type&) [with _Key = APIDoIP::EDoIPRequest; _Value = std::pair<const APIDoIP::EDoIPRequest, const char*>; _Alloc = std::allocator<std::pair<const APIDoIP::EDoIPRequest, const char*> >; _ExtractKey = std::__detail::_Select1st; _Equal = std::equal_to<APIDoIP::EDoIPRequest>; _Hash = std::hash<APIDoIP::EDoIPRequest>; _RangeHash = std::__detail::_Mod_range_hashing; _Unused = std::__detail::_Default_ranged_hash; _RehashPolicy = std::__detail::_Prime_rehash_policy; _Traits = std::__detail::_Hashtable_traits<false, false, true>]	32	static
C:\ST\STM32CubeIDE_1.16.0\STM32CubeIDE\plugins\com.st.stm32cube.ide.mcu.externaltools.gnu-tools-for-stm32.12.3.rel1.win32_1.0.200.202406191623\tools\arm-none-eabi\include\c++\12.3.1\bits\hashtable_policy.h:889:7:std::__detail::_Insert_base<_Key, _Value, _Alloc, _ExtractKey, _Equal, _Hash, _RangeHash, _Unused, _RehashPolicy, _Traits>::__ireturn_type std::__detail::_Insert_base<_Key, _Value, _Alloc, _ExtractKey, _Equal, _Hash, _RangeHash, _Unused, _RehashPolicy, _Traits>::insert(const value_type&) [with _Key = APIDoIP::EDoIPRequest; _Value = std::pair<const APIDoIP::EDoIPRequest, const char*>; _Alloc = std::allocator<std::pair<const APIDoIP::EDoIPRequest, const char*> >; _ExtractKey = std::__detail::_Select1st; _Equal = std::equal_to<APIDoIP::EDoIPRequest>; _Hash = std::hash<APIDoIP::EDoIPRequest>; _RangeHash = std::__detail::_Mod_range_hashing; _Unused = std::__detail::_Default_ranged_hash; _RehashPolicy = std::__detail::_Prime_rehash_policy; _Traits = std::__detail::_Hashtable_traits<false, false, true>]	48	static
C:\ST\STM32CubeIDE_1.16.0\STM32CubeIDE\plugins\com.st.stm32cube.ide.mcu.externaltools.gnu-tools-for-stm32.12.3.rel1.win32_1.0.200.202406191623\tools\bin/../lib/gcc/arm-none-eabi/12.3.1/../../../../arm-none-eabi/include/c++/12.3.1/bits/hashtable.h:465:7:std::_Hashtable<_Key, _Value, _Alloc, _ExtractKey, _Equal, _Hash, _RangeHash, _Unused, _RehashPolicy, _Traits>::__node_ptr std::_Hashtable<_Key, _Value, _Alloc, _ExtractKey, _Equal, _Hash, _RangeHash, _Unused, _RehashPolicy, _Traits>::_M_begin() const [with _Key = APIDoIP::EDoIPRequest; _Value = std::pair<const APIDoIP::EDoIPRequest, const char*>; _Alloc = std::allocator<std::pair<const APIDoIP::EDoIPRequest, const char*> >; _ExtractKey = std::__detail::_Select1st; _Equal = std::equal_to<APIDoIP::EDoIPRequest>; _Hash = std::hash<APIDoIP::EDoIPRequest>; _RangeHash = std::__detail::_Mod_range_hashing; _Unused = std::__detail::_Default_ranged_hash; _RehashPolicy = std::__detail::_Prime_rehash_policy; _Traits = std::__detail::_Hashtable_traits<false, false, true>]	16	static
C:\ST\STM32CubeIDE_1.16.0\STM32CubeIDE\plugins\com.st.stm32cube.ide.mcu.externaltools.gnu-tools-for-stm32.12.3.rel1.win32_1.0.200.202406191623\tools\arm-none-eabi\include\c++\12.3.1\bits\hashtable_policy.h:2000:5:void std::__detail::_Hashtable_alloc<_NodeAlloc>::_M_deallocate_nodes(__node_ptr) [with _NodeAlloc = std::allocator<std::__detail::_Hash_node<std::pair<const APIDoIP::EDoIPRequest, const char*>, false> >]	24	static
C:\ST\STM32CubeIDE_1.16.0\STM32CubeIDE\plugins\com.st.stm32cube.ide.mcu.externaltools.gnu-tools-for-stm32.12.3.rel1.win32_1.0.200.202406191623\tools\bin/../lib/gcc/arm-none-eabi/12.3.1/../../../../arm-none-eabi/include/c++/12.3.1/bits/hashtable.h:447:7:void std::_Hashtable<_Key, _Value, _Alloc, _ExtractKey, _Equal, _Hash, _RangeHash, _Unused, _RehashPolicy, _Traits>::_M_deallocate_buckets(__buckets_ptr, size_type) [with _Key = APIDoIP::EDoIPRequest; _Value = std::pair<const APIDoIP::EDoIPRequest, const char*>; _Alloc = std::allocator<std::pair<const APIDoIP::EDoIPRequest, const char*> >; _ExtractKey = std::__detail::_Select1st; _Equal = std::equal_to<APIDoIP::EDoIPRequest>; _Hash = std::hash<APIDoIP::EDoIPRequest>; _RangeHash = std::__detail::_Mod_range_hashing; _Unused = std::__detail::_Default_ranged_hash; _RehashPolicy = std::__detail::_Prime_rehash_policy; _Traits = std::__detail::_Hashtable_traits<false, false, true>]	24	static
C:\ST\STM32CubeIDE_1.16.0\STM32CubeIDE\plugins\com.st.stm32cube.ide.mcu.externaltools.gnu-tools-for-stm32.12.3.rel1.win32_1.0.200.202406191623\tools\bin/../lib/gcc/arm-none-eabi/12.3.1/../../../../arm-none-eabi/include/c++/12.3.1/bits/hashtable.h:487:7:std::_Hashtable<_Key, _Value, _Alloc, _ExtractKey, _Equal, _Hash, _RangeHash, _Unused, _RehashPolicy, _Traits>::_Hashtable(const _Hash&, const _Equal&, const allocator_type&) [with _Key = APIDoIP::EDoIPRequest; _Value = std::pair<const APIDoIP::EDoIPRequest, std::pair<std::variant<EUDSDID, EDynamicDataIndentifierRequestCode>, EECUAddress> >; _Alloc = std::allocator<std::pair<const APIDoIP::EDoIPRequest, std::pair<std::variant<EUDSDID, EDynamicDataIndentifierRequestCode>, EECUAddress> > >; _ExtractKey = std::__detail::_Select1st; _Equal = std::equal_to<APIDoIP::EDoIPRequest>; _Hash = std::hash<APIDoIP::EDoIPRequest>; _RangeHash = std::__detail::_Mod_range_hashing; _Unused = std::__detail::_Default_ranged_hash; _RehashPolicy = std::__detail::_Prime_rehash_policy; _Traits = std::__detail::_Hashtable_traits<false, false, true>]	40	static
C:\ST\STM32CubeIDE_1.16.0\STM32CubeIDE\plugins\com.st.stm32cube.ide.mcu.externaltools.gnu-tools-for-stm32.12.3.rel1.win32_1.0.200.202406191623\tools\bin/../lib/gcc/arm-none-eabi/12.3.1/../../../../arm-none-eabi/include/c++/12.3.1/bits/hashtable.h:435:7:std::_Hashtable<_Key, _Value, _Alloc, _ExtractKey, _Equal, _Hash, _RangeHash, _Unused, _RehashPolicy, _Traits>::__buckets_ptr std::_Hashtable<_Key, _Value, _Alloc, _ExtractKey, _Equal, _Hash, _RangeHash, _Unused, _RehashPolicy, _Traits>::_M_allocate_buckets(size_type) [with _Key = APIDoIP::EDoIPRequest; _Value = std::pair<const APIDoIP::EDoIPRequest, std::pair<std::variant<EUDSDID, EDynamicDataIndentifierRequestCode>, EECUAddress> >; _Alloc = std::allocator<std::pair<const APIDoIP::EDoIPRequest, std::pair<std::variant<EUDSDID, EDynamicDataIndentifierRequestCode>, EECUAddress> > >; _ExtractKey = std::__detail::_Select1st; _Equal = std::equal_to<APIDoIP::EDoIPRequest>; _Hash = std::hash<APIDoIP::EDoIPRequest>; _RangeHash = std::__detail::_Mod_range_hashing; _Unused = std::__detail::_Default_ranged_hash; _RehashPolicy = std::__detail::_Prime_rehash_policy; _Traits = std::__detail::_Hashtable_traits<false, false, true>]	16	static
C:\ST\STM32CubeIDE_1.16.0\STM32CubeIDE\plugins\com.st.stm32cube.ide.mcu.externaltools.gnu-tools-for-stm32.12.3.rel1.win32_1.0.200.202406191623\tools\arm-none-eabi\include\c++\12.3.1\bits\hashtable_policy.h:863:7:std::__detail::_Insert_base<_Key, _Value, _Alloc, _ExtractKey, _Equal, _Hash, _RangeHash, _Unused, _RehashPolicy, _Traits>::__hashtable& std::__detail::_Insert_base<_Key, _Value, _Alloc, _ExtractKey, _Equal, _Hash, _RangeHash, _Unused, _RehashPolicy, _Traits>::_M_conjure_hashtable() [with _Key = APIDoIP::EDoIPRequest; _Value = std::pair<const APIDoIP::EDoIPRequest, std::pair<std::variant<EUDSDID, EDynamicDataIndentifierRequestCode>, EECUAddress> >; _Alloc = std::allocator<std::pair<const APIDoIP::EDoIPRequest, std::pair<std::variant<EUDSDID, EDynamicDataIndentifierRequestCode>, EECUAddress> > >; _ExtractKey = std::__detail::_Select1st; _Equal = std::equal_to<APIDoIP::EDoIPRequest>; _Hash = std::hash<APIDoIP::EDoIPRequest>; _RangeHash = std::__detail::_Mod_range_hashing; _Unused = std::__detail::_Default_ranged_hash; _RehashPolicy = std::__detail::_Prime_rehash_policy; _Traits = std::__detail::_Hashtable_traits<false, false, true>]	16	static
C:\ST\STM32CubeIDE_1.16.0\STM32CubeIDE\plugins\com.st.stm32cube.ide.mcu.externaltools.gnu-tools-for-stm32.12.3.rel1.win32_1.0.200.202406191623\tools\arm-none-eabi\include\c++\12.3.1\bits\hashtable_policy.h:206:7:std::__detail::_AllocNode<_NodeAlloc>::_AllocNode(__hashtable_alloc&) [with _NodeAlloc = std::allocator<std::__detail::_Hash_node<std::pair<const APIDoIP::EDoIPRequest, std::pair<std::variant<EUDSDID, EDynamicDataIndentifierRequestCode>, EECUAddress> >, false> >]	16	static
C:\ST\STM32CubeIDE_1.16.0\STM32CubeIDE\plugins\com.st.stm32cube.ide.mcu.externaltools.gnu-tools-for-stm32.12.3.rel1.win32_1.0.200.202406191623\tools\bin/../lib/gcc/arm-none-eabi/12.3.1/../../../../arm-none-eabi/include/c++/12.3.1/bits/hashtable.h:903:2:std::pair<typename std::__detail::_Insert<_Key, _Value, _Alloc, _ExtractKey, _Equal, _Hash, _RangeHash, _Unused, _RehashPolicy, _Traits>::iterator, bool> std::_Hashtable<_Key, _Value, _Alloc, _ExtractKey, _Equal, _Hash, _RangeHash, _Unused, _RehashPolicy, _Traits>::_M_insert(_Arg&&, const _NodeGenerator&, std::true_type) [with _Arg = const std::pair<const APIDoIP::EDoIPRequest, std::pair<std::variant<EUDSDID, EDynamicDataIndentifierRequestCode>, EECUAddress> >&; _NodeGenerator = std::__detail::_AllocNode<std::allocator<std::__detail::_Hash_node<std::pair<const APIDoIP::EDoIPRequest, std::pair<std::variant<EUDSDID, EDynamicDataIndentifierRequestCode>, EECUAddress> >, false> > >; _Key = APIDoIP::EDoIPRequest; _Value = std::pair<const APIDoIP::EDoIPRequest, std::pair<std::variant<EUDSDID, EDynamicDataIndentifierRequestCode>, EECUAddress> >; _Alloc = std::allocator<std::pair<const APIDoIP::EDoIPRequest, std::pair<std::variant<EUDSDID, EDynamicDataIndentifierRequestCode>, EECUAddress> > >; _ExtractKey = std::__detail::_Select1st; _Equal = std::equal_to<APIDoIP::EDoIPRequest>; _Hash = std::hash<APIDoIP::EDoIPRequest>; _RangeHash = std::__detail::_Mod_range_hashing; _Unused = std::__detail::_Default_ranged_hash; _RehashPolicy = std::__detail::_Prime_rehash_policy; _Traits = std::__detail::_Hashtable_traits<false, false, true>]	48	static
C:\ST\STM32CubeIDE_1.16.0\STM32CubeIDE\plugins\com.st.stm32cube.ide.mcu.externaltools.gnu-tools-for-stm32.12.3.rel1.win32_1.0.200.202406191623\tools\arm-none-eabi\include\c++\12.3.1\bits\hashtable_policy.h:340:7:std::__detail::_Hash_node<_Value, _Cache_hash_code>* std::__detail::_Hash_node<_Value, _Cache_hash_code>::_M_next() const [with _Value = std::pair<const APIDoIP::EDoIPRequest, std::pair<std::variant<EUDSDID, EDynamicDataIndentifierRequestCode>, EECUAddress> >; bool _Cache_hash_code = false]	16	static
C:\ST\STM32CubeIDE_1.16.0\STM32CubeIDE\plugins\com.st.stm32cube.ide.mcu.externaltools.gnu-tools-for-stm32.12.3.rel1.win32_1.0.200.202406191623\tools\arm-none-eabi\include\c++\12.3.1\bits\hashtable_policy.h:1982:5:void std::__detail::_Hashtable_alloc<_NodeAlloc>::_M_deallocate_node(__node_ptr) [with _NodeAlloc = std::allocator<std::__detail::_Hash_node<std::pair<const APIDoIP::EDoIPRequest, std::pair<std::variant<EUDSDID, EDynamicDataIndentifierRequestCode>, EECUAddress> >, false> >]	24	static
C:\ST\STM32CubeIDE_1.16.0\STM32CubeIDE\plugins\com.st.stm32cube.ide.mcu.externaltools.gnu-tools-for-stm32.12.3.rel1.win32_1.0.200.202406191623\tools\bin/../lib/gcc/arm-none-eabi/12.3.1/../../../../arm-none-eabi/include/c++/12.3.1/bits/hashtable.h:417:7:bool std::_Hashtable<_Key, _Value, _Alloc, _ExtractKey, _Equal, _Hash, _RangeHash, _Unused, _RehashPolicy, _Traits>::_M_uses_single_bucket(__buckets_ptr) const [with _Key = APIDoIP::EDoIPRequest; _Value = std::pair<const APIDoIP::EDoIPRequest, std::pair<std::variant<EUDSDID, EDynamicDataIndentifierRequestCode>, EECUAddress> >; _Alloc = std::allocator<std::pair<const APIDoIP::EDoIPRequest, std::pair<std::variant<EUDSDID, EDynamicDataIndentifierRequestCode>, EECUAddress> > >; _ExtractKey = std::__detail::_Select1st; _Equal = std::equal_to<APIDoIP::EDoIPRequest>; _Hash = std::hash<APIDoIP::EDoIPRequest>; _RangeHash = std::__detail::_Mod_range_hashing; _Unused = std::__detail::_Default_ranged_hash; _RehashPolicy = std::__detail::_Prime_rehash_policy; _Traits = std::__detail::_Hashtable_traits<false, false, true>]	16	static
C:\ST\STM32CubeIDE_1.16.0\STM32CubeIDE\plugins\com.st.stm32cube.ide.mcu.externaltools.gnu-tools-for-stm32.12.3.rel1.win32_1.0.200.202406191623\tools\arm-none-eabi\include\c++\12.3.1\bits\hashtable_policy.h:2025:5:void std::__detail::_Hashtable_alloc<_NodeAlloc>::_M_deallocate_buckets(__buckets_ptr, std::size_t) [with _NodeAlloc = std::allocator<std::__detail::_Hash_node<std::pair<const APIDoIP::EDoIPRequest, std::pair<std::variant<EUDSDID, EDynamicDataIndentifierRequestCode>, EECUAddress> >, false> >]	32	static
C:\ST\STM32CubeIDE_1.16.0\STM32CubeIDE\plugins\com.st.stm32cube.ide.mcu.externaltools.gnu-tools-for-stm32.12.3.rel1.win32_1.0.200.202406191623\tools\bin/../lib/gcc/arm-none-eabi/12.3.1/../../../../arm-none-eabi/include/c++/12.3.1/bits/hashtable.h:487:7:std::_Hashtable<_Key, _Value, _Alloc, _ExtractKey, _Equal, _Hash, _RangeHash, _Unused, _RehashPolicy, _Traits>::_Hashtable(const _Hash&, const _Equal&, const allocator_type&) [with _Key = APIDoIP::EDoIPRequest; _Value = std::pair<const APIDoIP::EDoIPRequest, const char*>; _Alloc = std::allocator<std::pair<const APIDoIP::EDoIPRequest, const char*> >; _ExtractKey = std::__detail::_Select1st; _Equal = std::equal_to<APIDoIP::EDoIPRequest>; _Hash = std::hash<APIDoIP::EDoIPRequest>; _RangeHash = std::__detail::_Mod_range_hashing; _Unused = std::__detail::_Default_ranged_hash; _RehashPolicy = std::__detail::_Prime_rehash_policy; _Traits = std::__detail::_Hashtable_traits<false, false, true>]	40	static
C:\ST\STM32CubeIDE_1.16.0\STM32CubeIDE\plugins\com.st.stm32cube.ide.mcu.externaltools.gnu-tools-for-stm32.12.3.rel1.win32_1.0.200.202406191623\tools\bin/../lib/gcc/arm-none-eabi/12.3.1/../../../../arm-none-eabi/include/c++/12.3.1/bits/hashtable.h:435:7:std::_Hashtable<_Key, _Value, _Alloc, _ExtractKey, _Equal, _Hash, _RangeHash, _Unused, _RehashPolicy, _Traits>::__buckets_ptr std::_Hashtable<_Key, _Value, _Alloc, _ExtractKey, _Equal, _Hash, _RangeHash, _Unused, _RehashPolicy, _Traits>::_M_allocate_buckets(size_type) [with _Key = APIDoIP::EDoIPRequest; _Value = std::pair<const APIDoIP::EDoIPRequest, const char*>; _Alloc = std::allocator<std::pair<const APIDoIP::EDoIPRequest, const char*> >; _ExtractKey = std::__detail::_Select1st; _Equal = std::equal_to<APIDoIP::EDoIPRequest>; _Hash = std::hash<APIDoIP::EDoIPRequest>; _RangeHash = std::__detail::_Mod_range_hashing; _Unused = std::__detail::_Default_ranged_hash; _RehashPolicy = std::__detail::_Prime_rehash_policy; _Traits = std::__detail::_Hashtable_traits<false, false, true>]	16	static
C:\ST\STM32CubeIDE_1.16.0\STM32CubeIDE\plugins\com.st.stm32cube.ide.mcu.externaltools.gnu-tools-for-stm32.12.3.rel1.win32_1.0.200.202406191623\tools\arm-none-eabi\include\c++\12.3.1\bits\hashtable_policy.h:863:7:std::__detail::_Insert_base<_Key, _Value, _Alloc, _ExtractKey, _Equal, _Hash, _RangeHash, _Unused, _RehashPolicy, _Traits>::__hashtable& std::__detail::_Insert_base<_Key, _Value, _Alloc, _ExtractKey, _Equal, _Hash, _RangeHash, _Unused, _RehashPolicy, _Traits>::_M_conjure_hashtable() [with _Key = APIDoIP::EDoIPRequest; _Value = std::pair<const APIDoIP::EDoIPRequest, const char*>; _Alloc = std::allocator<std::pair<const APIDoIP::EDoIPRequest, const char*> >; _ExtractKey = std::__detail::_Select1st; _Equal = std::equal_to<APIDoIP::EDoIPRequest>; _Hash = std::hash<APIDoIP::EDoIPRequest>; _RangeHash = std::__detail::_Mod_range_hashing; _Unused = std::__detail::_Default_ranged_hash; _RehashPolicy = std::__detail::_Prime_rehash_policy; _Traits = std::__detail::_Hashtable_traits<false, false, true>]	16	static
C:\ST\STM32CubeIDE_1.16.0\STM32CubeIDE\plugins\com.st.stm32cube.ide.mcu.externaltools.gnu-tools-for-stm32.12.3.rel1.win32_1.0.200.202406191623\tools\arm-none-eabi\include\c++\12.3.1\bits\hashtable_policy.h:206:7:std::__detail::_AllocNode<_NodeAlloc>::_AllocNode(__hashtable_alloc&) [with _NodeAlloc = std::allocator<std::__detail::_Hash_node<std::pair<const APIDoIP::EDoIPRequest, const char*>, false> >]	16	static
C:\ST\STM32CubeIDE_1.16.0\STM32CubeIDE\plugins\com.st.stm32cube.ide.mcu.externaltools.gnu-tools-for-stm32.12.3.rel1.win32_1.0.200.202406191623\tools\bin/../lib/gcc/arm-none-eabi/12.3.1/../../../../arm-none-eabi/include/c++/12.3.1/bits/hashtable.h:903:2:std::pair<typename std::__detail::_Insert<_Key, _Value, _Alloc, _ExtractKey, _Equal, _Hash, _RangeHash, _Unused, _RehashPolicy, _Traits>::iterator, bool> std::_Hashtable<_Key, _Value, _Alloc, _ExtractKey, _Equal, _Hash, _RangeHash, _Unused, _RehashPolicy, _Traits>::_M_insert(_Arg&&, const _NodeGenerator&, std::true_type) [with _Arg = const std::pair<const APIDoIP::EDoIPRequest, const char*>&; _NodeGenerator = std::__detail::_AllocNode<std::allocator<std::__detail::_Hash_node<std::pair<const APIDoIP::EDoIPRequest, const char*>, false> > >; _Key = APIDoIP::EDoIPRequest; _Value = std::pair<const APIDoIP::EDoIPRequest, const char*>; _Alloc = std::allocator<std::pair<const APIDoIP::EDoIPRequest, const char*> >; _ExtractKey = std::__detail::_Select1st; _Equal = std::equal_to<APIDoIP::EDoIPRequest>; _Hash = std::hash<APIDoIP::EDoIPRequest>; _RangeHash = std::__detail::_Mod_range_hashing; _Unused = std::__detail::_Default_ranged_hash; _RehashPolicy = std::__detail::_Prime_rehash_policy; _Traits = std::__detail::_Hashtable_traits<false, false, true>]	48	static
C:\ST\STM32CubeIDE_1.16.0\STM32CubeIDE\plugins\com.st.stm32cube.ide.mcu.externaltools.gnu-tools-for-stm32.12.3.rel1.win32_1.0.200.202406191623\tools\arm-none-eabi\include\c++\12.3.1\bits\hashtable_policy.h:340:7:std::__detail::_Hash_node<_Value, _Cache_hash_code>* std::__detail::_Hash_node<_Value, _Cache_hash_code>::_M_next() const [with _Value = std::pair<const APIDoIP::EDoIPRequest, const char*>; bool _Cache_hash_code = false]	16	static
C:\ST\STM32CubeIDE_1.16.0\STM32CubeIDE\plugins\com.st.stm32cube.ide.mcu.externaltools.gnu-tools-for-stm32.12.3.rel1.win32_1.0.200.202406191623\tools\arm-none-eabi\include\c++\12.3.1\bits\hashtable_policy.h:1982:5:void std::__detail::_Hashtable_alloc<_NodeAlloc>::_M_deallocate_node(__node_ptr) [with _NodeAlloc = std::allocator<std::__detail::_Hash_node<std::pair<const APIDoIP::EDoIPRequest, const char*>, false> >]	24	static
C:\ST\STM32CubeIDE_1.16.0\STM32CubeIDE\plugins\com.st.stm32cube.ide.mcu.externaltools.gnu-tools-for-stm32.12.3.rel1.win32_1.0.200.202406191623\tools\bin/../lib/gcc/arm-none-eabi/12.3.1/../../../../arm-none-eabi/include/c++/12.3.1/bits/hashtable.h:417:7:bool std::_Hashtable<_Key, _Value, _Alloc, _ExtractKey, _Equal, _Hash, _RangeHash, _Unused, _RehashPolicy, _Traits>::_M_uses_single_bucket(__buckets_ptr) const [with _Key = APIDoIP::EDoIPRequest; _Value = std::pair<const APIDoIP::EDoIPRequest, const char*>; _Alloc = std::allocator<std::pair<const APIDoIP::EDoIPRequest, const char*> >; _ExtractKey = std::__detail::_Select1st; _Equal = std::equal_to<APIDoIP::EDoIPRequest>; _Hash = std::hash<APIDoIP::EDoIPRequest>; _RangeHash = std::__detail::_Mod_range_hashing; _Unused = std::__detail::_Default_ranged_hash; _RehashPolicy = std::__detail::_Prime_rehash_policy; _Traits = std::__detail::_Hashtable_traits<false, false, true>]	16	static
C:\ST\STM32CubeIDE_1.16.0\STM32CubeIDE\plugins\com.st.stm32cube.ide.mcu.externaltools.gnu-tools-for-stm32.12.3.rel1.win32_1.0.200.202406191623\tools\arm-none-eabi\include\c++\12.3.1\bits\hashtable_policy.h:2025:5:void std::__detail::_Hashtable_alloc<_NodeAlloc>::_M_deallocate_buckets(__buckets_ptr, std::size_t) [with _NodeAlloc = std::allocator<std::__detail::_Hash_node<std::pair<const APIDoIP::EDoIPRequest, const char*>, false> >]	32	static
C:\ST\STM32CubeIDE_1.16.0\STM32CubeIDE\plugins\com.st.stm32cube.ide.mcu.externaltools.gnu-tools-for-stm32.12.3.rel1.win32_1.0.200.202406191623\tools\bin/../lib/gcc/arm-none-eabi/12.3.1/../../../../arm-none-eabi/include/c++/12.3.1/bits/allocator.h:169:2:constexpr std::allocator< <template-parameter-1-1> >::allocator(const std::allocator<_Tp1>&) [with _Tp1 = std::pair<const APIDoIP::EDoIPRequest, std::pair<std::variant<EUDSDID, EDynamicDataIndentifierRequestCode>, EECUAddress> >; _Tp = std::__detail::_Hash_node<std::pair<const APIDoIP::EDoIPRequest, std::pair<std::variant<EUDSDID, EDynamicDataIndentifierRequestCode>, EECUAddress> >, false>]	16	static
C:\ST\STM32CubeIDE_1.16.0\STM32CubeIDE\plugins\com.st.stm32cube.ide.mcu.externaltools.gnu-tools-for-stm32.12.3.rel1.win32_1.0.200.202406191623\tools\arm-none-eabi\include\c++\12.3.1\bits\hashtable_policy.h:1676:7:std::__detail::_Hashtable_base<_Key, _Value, _ExtractKey, _Equal, _Hash, _RangeHash, _Unused, _Traits>::_Hashtable_base(const _Hash&, const _Equal&) [with _Key = APIDoIP::EDoIPRequest; _Value = std::pair<const APIDoIP::EDoIPRequest, std::pair<std::variant<EUDSDID, EDynamicDataIndentifierRequestCode>, EECUAddress> >; _ExtractKey = std::__detail::_Select1st; _Equal = std::equal_to<APIDoIP::EDoIPRequest>; _Hash = std::hash<APIDoIP::EDoIPRequest>; _RangeHash = std::__detail::_Mod_range_hashing; _Unused = std::__detail::_Default_ranged_hash; _Traits = std::__detail::_Hashtable_traits<false, false, true>]	24	static
C:\ST\STM32CubeIDE_1.16.0\STM32CubeIDE\plugins\com.st.stm32cube.ide.mcu.externaltools.gnu-tools-for-stm32.12.3.rel1.win32_1.0.200.202406191623\tools\arm-none-eabi\include\c++\12.3.1\bits\hashtable_policy.h:1918:2:std::__detail::_Hashtable_alloc<_NodeAlloc>::_Hashtable_alloc(_Alloc&&) [with _Alloc = std::allocator<std::__detail::_Hash_node<std::pair<const APIDoIP::EDoIPRequest, std::pair<std::variant<EUDSDID, EDynamicDataIndentifierRequestCode>, EECUAddress> >, false> >; _NodeAlloc = std::allocator<std::__detail::_Hash_node<std::pair<const APIDoIP::EDoIPRequest, std::pair<std::variant<EUDSDID, EDynamicDataIndentifierRequestCode>, EECUAddress> >, false> >]	16	static
C:\ST\STM32CubeIDE_1.16.0\STM32CubeIDE\plugins\com.st.stm32cube.ide.mcu.externaltools.gnu-tools-for-stm32.12.3.rel1.win32_1.0.200.202406191623\tools\arm-none-eabi\include\c++\12.3.1\bits\enable_special_members.h:67:5:constexpr std::_Enable_default_constructor<_Switch, _Tag>::_Enable_default_constructor(std::_Enable_default_constructor_tag) [with bool _Switch = true; _Tag = std::__detail::_Hash_node_base]	16	static
C:\ST\STM32CubeIDE_1.16.0\STM32CubeIDE\plugins\com.st.stm32cube.ide.mcu.externaltools.gnu-tools-for-stm32.12.3.rel1.win32_1.0.200.202406191623\tools\arm-none-eabi\include\c++\12.3.1\bits\hashtable_policy.h:2012:5:std::__detail::_Hashtable_alloc<_NodeAlloc>::__node_base** std::__detail::_Hashtable_alloc<_NodeAlloc>::_M_allocate_buckets(std::size_t) [with _NodeAlloc = std::allocator<std::__detail::_Hash_node<std::pair<const APIDoIP::EDoIPRequest, std::pair<std::variant<EUDSDID, EDynamicDataIndentifierRequestCode>, EECUAddress> >, false> >]	40	static
C:\ST\STM32CubeIDE_1.16.0\STM32CubeIDE\plugins\com.st.stm32cube.ide.mcu.externaltools.gnu-tools-for-stm32.12.3.rel1.win32_1.0.200.202406191623\tools\bin/../lib/gcc/arm-none-eabi/12.3.1/../../../../arm-none-eabi/include/c++/12.3.1/bits/move.h:77:5:constexpr _Tp&& std::forward(typename remove_reference<_Tp>::type&) [with _Tp = const pair<const APIDoIP::EDoIPRequest, pair<variant<EUDSDID, EDynamicDataIndentifierRequestCode>, EECUAddress> >&]	16	static
C:\ST\STM32CubeIDE_1.16.0\STM32CubeIDE\plugins\com.st.stm32cube.ide.mcu.externaltools.gnu-tools-for-stm32.12.3.rel1.win32_1.0.200.202406191623\tools\arm-none-eabi\include\c++\12.3.1\bits\hashtable_policy.h:110:7:typename std::__detail::_Select1st::__1st_type<_Pair>::type&& std::__detail::_Select1st::operator()(_Tp&&) const [with _Tp = const std::pair<const APIDoIP::EDoIPRequest, std::pair<std::variant<EUDSDID, EDynamicDataIndentifierRequestCode>, EECUAddress> >&]	16	static
C:\ST\STM32CubeIDE_1.16.0\STM32CubeIDE\plugins\com.st.stm32cube.ide.mcu.externaltools.gnu-tools-for-stm32.12.3.rel1.win32_1.0.200.202406191623\tools\bin/../lib/gcc/arm-none-eabi/12.3.1/../../../../arm-none-eabi/include/c++/12.3.1/bits/hashtable.h:894:7:static const std::_Hashtable<_Key, _Value, _Alloc, _ExtractKey, _Equal, _Hash, _RangeHash, _Unused, _RehashPolicy, _Traits>::key_type& std::_Hashtable<_Key, _Value, _Alloc, _ExtractKey, _Equal, _Hash, _RangeHash, _Unused, _RehashPolicy, _Traits>::_S_forward_key(const key_type&) [with _Key = APIDoIP::EDoIPRequest; _Value = std::pair<const APIDoIP::EDoIPRequest, std::pair<std::variant<EUDSDID, EDynamicDataIndentifierRequestCode>, EECUAddress> >; _Alloc = std::allocator<std::pair<const APIDoIP::EDoIPRequest, std::pair<std::variant<EUDSDID, EDynamicDataIndentifierRequestCode>, EECUAddress> > >; _ExtractKey = std::__detail::_Select1st; _Equal = std::equal_to<APIDoIP::EDoIPRequest>; _Hash = std::hash<APIDoIP::EDoIPRequest>; _RangeHash = std::__detail::_Mod_range_hashing; _Unused = std::__detail::_Default_ranged_hash; _RehashPolicy = std::__detail::_Prime_rehash_policy; _Traits = std::__detail::_Hashtable_traits<false, false, true>]	16	static
C:\ST\STM32CubeIDE_1.16.0\STM32CubeIDE\plugins\com.st.stm32cube.ide.mcu.externaltools.gnu-tools-for-stm32.12.3.rel1.win32_1.0.200.202406191623\tools\bin/../lib/gcc/arm-none-eabi/12.3.1/../../../../arm-none-eabi/include/c++/12.3.1/bits/hashtable.h:2229:7:std::pair<typename std::__detail::_Insert<_Key, _Value, _Alloc, _ExtractKey, _Equal, _Hash, _RangeHash, _Unused, _RehashPolicy, _Traits>::iterator, bool> std::_Hashtable<_Key, _Value, _Alloc, _ExtractKey, _Equal, _Hash, _RangeHash, _Unused, _RehashPolicy, _Traits>::_M_insert_unique(_Kt&&, _Arg&&, const _NodeGenerator&) [with _Kt = const APIDoIP::EDoIPRequest&; _Arg = const std::pair<const APIDoIP::EDoIPRequest, std::pair<std::variant<EUDSDID, EDynamicDataIndentifierRequestCode>, EECUAddress> >&; _NodeGenerator = std::__detail::_AllocNode<std::allocator<std::__detail::_Hash_node<std::pair<const APIDoIP::EDoIPRequest, std::pair<std::variant<EUDSDID, EDynamicDataIndentifierRequestCode>, EECUAddress> >, false> > >; _Key = APIDoIP::EDoIPRequest; _Value = std::pair<const APIDoIP::EDoIPRequest, std::pair<std::variant<EUDSDID, EDynamicDataIndentifierRequestCode>, EECUAddress> >; _Alloc = std::allocator<std::pair<const APIDoIP::EDoIPRequest, std::pair<std::variant<EUDSDID, EDynamicDataIndentifierRequestCode>, EECUAddress> > >; _ExtractKey = std::__detail::_Select1st; _Equal = std::equal_to<APIDoIP::EDoIPRequest>; _Hash = std::hash<APIDoIP::EDoIPRequest>; _RangeHash = std::__detail::_Mod_range_hashing; _Unused = std::__detail::_Default_ranged_hash; _RehashPolicy = std::__detail::_Prime_rehash_policy; _Traits = std::__detail::_Hashtable_traits<false, false, true>]	88	static
C:\ST\STM32CubeIDE_1.16.0\STM32CubeIDE\plugins\com.st.stm32cube.ide.mcu.externaltools.gnu-tools-for-stm32.12.3.rel1.win32_1.0.200.202406191623\tools\arm-none-eabi\include\c++\12.3.1\bits\hashtable_policy.h:1923:7:std::__detail::_Hashtable_alloc<_NodeAlloc>::__node_alloc_type& std::__detail::_Hashtable_alloc<_NodeAlloc>::_M_node_allocator() [with _NodeAlloc = std::allocator<std::__detail::_Hash_node<std::pair<const APIDoIP::EDoIPRequest, std::pair<std::variant<EUDSDID, EDynamicDataIndentifierRequestCode>, EECUAddress> >, false> >]	16	static
C:\ST\STM32CubeIDE_1.16.0\STM32CubeIDE\plugins\com.st.stm32cube.ide.mcu.externaltools.gnu-tools-for-stm32.12.3.rel1.win32_1.0.200.202406191623\tools\arm-none-eabi\include\c++\12.3.1\bits\hashtable_policy.h:295:7:_Value* std::__detail::_Hash_node_value_base<_Value>::_M_valptr() [with _Value = std::pair<const APIDoIP::EDoIPRequest, std::pair<std::variant<EUDSDID, EDynamicDataIndentifierRequestCode>, EECUAddress> >]	16	static
C:\ST\STM32CubeIDE_1.16.0\STM32CubeIDE\plugins\com.st.stm32cube.ide.mcu.externaltools.gnu-tools-for-stm32.12.3.rel1.win32_1.0.200.202406191623\tools\arm-none-eabi\include\c++\12.3.1\bits\alloc_traits.h:531:2:static constexpr void std::allocator_traits<std::allocator<_Up> >::destroy(allocator_type&, _Up*) [with _Up = std::pair<const APIDoIP::EDoIPRequest, std::pair<std::variant<EUDSDID, EDynamicDataIndentifierRequestCode>, EECUAddress> >; _Tp = std::__detail::_Hash_node<std::pair<const APIDoIP::EDoIPRequest, std::pair<std::variant<EUDSDID, EDynamicDataIndentifierRequestCode>, EECUAddress> >, false>]	16	static
C:\ST\STM32CubeIDE_1.16.0\STM32CubeIDE\plugins\com.st.stm32cube.ide.mcu.externaltools.gnu-tools-for-stm32.12.3.rel1.win32_1.0.200.202406191623\tools\arm-none-eabi\include\c++\12.3.1\bits\hashtable_policy.h:1990:5:void std::__detail::_Hashtable_alloc<_NodeAlloc>::_M_deallocate_node_ptr(__node_ptr) [with _NodeAlloc = std::allocator<std::__detail::_Hash_node<std::pair<const APIDoIP::EDoIPRequest, std::pair<std::variant<EUDSDID, EDynamicDataIndentifierRequestCode>, EECUAddress> >, false> >]	24	static
C:\ST\STM32CubeIDE_1.16.0\STM32CubeIDE\plugins\com.st.stm32cube.ide.mcu.externaltools.gnu-tools-for-stm32.12.3.rel1.win32_1.0.200.202406191623\tools\bin/../lib/gcc/arm-none-eabi/12.3.1/../../../../arm-none-eabi/include/c++/12.3.1/bits/ptr_traits.h:135:7:static constexpr _Tp* std::__ptr_traits_ptr_to<_Tp*, _Tp, false>::pointer_to(element_type&) [with _Tp = std::__detail::_Hash_node_base*]	16	static
C:\ST\STM32CubeIDE_1.16.0\STM32CubeIDE\plugins\com.st.stm32cube.ide.mcu.externaltools.gnu-tools-for-stm32.12.3.rel1.win32_1.0.200.202406191623\tools\bin/../lib/gcc/arm-none-eabi/12.3.1/../../../../arm-none-eabi/include/c++/12.3.1/bits/allocator.h:169:2:constexpr std::allocator< <template-parameter-1-1> >::allocator(const std::allocator<_Tp1>&) [with _Tp1 = std::__detail::_Hash_node<std::pair<const APIDoIP::EDoIPRequest, std::pair<std::variant<EUDSDID, EDynamicDataIndentifierRequestCode>, EECUAddress> >, false>; _Tp = std::__detail::_Hash_node_base*]	16	static
C:\ST\STM32CubeIDE_1.16.0\STM32CubeIDE\plugins\com.st.stm32cube.ide.mcu.externaltools.gnu-tools-for-stm32.12.3.rel1.win32_1.0.200.202406191623\tools\bin/../lib/gcc/arm-none-eabi/12.3.1/../../../../arm-none-eabi/include/c++/12.3.1/bits/allocator.h:174:7:constexpr std::allocator< <template-parameter-1-1> >::~allocator() [with _Tp = std::__detail::_Hash_node_base*]	16	static
C:\ST\STM32CubeIDE_1.16.0\STM32CubeIDE\plugins\com.st.stm32cube.ide.mcu.externaltools.gnu-tools-for-stm32.12.3.rel1.win32_1.0.200.202406191623\tools\arm-none-eabi\include\c++\12.3.1\bits\alloc_traits.h:495:7:static constexpr void std::allocator_traits<std::allocator<_Up> >::deallocate(allocator_type&, pointer, size_type) [with _Tp = std::__detail::_Hash_node_base*]	40	static
C:\ST\STM32CubeIDE_1.16.0\STM32CubeIDE\plugins\com.st.stm32cube.ide.mcu.externaltools.gnu-tools-for-stm32.12.3.rel1.win32_1.0.200.202406191623\tools\bin/../lib/gcc/arm-none-eabi/12.3.1/../../../../arm-none-eabi/include/c++/12.3.1/bits/allocator.h:169:2:constexpr std::allocator< <template-parameter-1-1> >::allocator(const std::allocator<_Tp1>&) [with _Tp1 = std::pair<const APIDoIP::EDoIPRequest, const char*>; _Tp = std::__detail::_Hash_node<std::pair<const APIDoIP::EDoIPRequest, const char*>, false>]	16	static
C:\ST\STM32CubeIDE_1.16.0\STM32CubeIDE\plugins\com.st.stm32cube.ide.mcu.externaltools.gnu-tools-for-stm32.12.3.rel1.win32_1.0.200.202406191623\tools\arm-none-eabi\include\c++\12.3.1\bits\hashtable_policy.h:1676:7:std::__detail::_Hashtable_base<_Key, _Value, _ExtractKey, _Equal, _Hash, _RangeHash, _Unused, _Traits>::_Hashtable_base(const _Hash&, const _Equal&) [with _Key = APIDoIP::EDoIPRequest; _Value = std::pair<const APIDoIP::EDoIPRequest, const char*>; _ExtractKey = std::__detail::_Select1st; _Equal = std::equal_to<APIDoIP::EDoIPRequest>; _Hash = std::hash<APIDoIP::EDoIPRequest>; _RangeHash = std::__detail::_Mod_range_hashing; _Unused = std::__detail::_Default_ranged_hash; _Traits = std::__detail::_Hashtable_traits<false, false, true>]	24	static
C:\ST\STM32CubeIDE_1.16.0\STM32CubeIDE\plugins\com.st.stm32cube.ide.mcu.externaltools.gnu-tools-for-stm32.12.3.rel1.win32_1.0.200.202406191623\tools\arm-none-eabi\include\c++\12.3.1\bits\hashtable_policy.h:1918:2:std::__detail::_Hashtable_alloc<_NodeAlloc>::_Hashtable_alloc(_Alloc&&) [with _Alloc = std::allocator<std::__detail::_Hash_node<std::pair<const APIDoIP::EDoIPRequest, const char*>, false> >; _NodeAlloc = std::allocator<std::__detail::_Hash_node<std::pair<const APIDoIP::EDoIPRequest, const char*>, false> >]	16	static
C:\ST\STM32CubeIDE_1.16.0\STM32CubeIDE\plugins\com.st.stm32cube.ide.mcu.externaltools.gnu-tools-for-stm32.12.3.rel1.win32_1.0.200.202406191623\tools\arm-none-eabi\include\c++\12.3.1\bits\hashtable_policy.h:2012:5:std::__detail::_Hashtable_alloc<_NodeAlloc>::__node_base** std::__detail::_Hashtable_alloc<_NodeAlloc>::_M_allocate_buckets(std::size_t) [with _NodeAlloc = std::allocator<std::__detail::_Hash_node<std::pair<const APIDoIP::EDoIPRequest, const char*>, false> >]	40	static
C:\ST\STM32CubeIDE_1.16.0\STM32CubeIDE\plugins\com.st.stm32cube.ide.mcu.externaltools.gnu-tools-for-stm32.12.3.rel1.win32_1.0.200.202406191623\tools\bin/../lib/gcc/arm-none-eabi/12.3.1/../../../../arm-none-eabi/include/c++/12.3.1/bits/move.h:77:5:constexpr _Tp&& std::forward(typename remove_reference<_Tp>::type&) [with _Tp = const pair<const APIDoIP::EDoIPRequest, const char*>&]	16	static
C:\ST\STM32CubeIDE_1.16.0\STM32CubeIDE\plugins\com.st.stm32cube.ide.mcu.externaltools.gnu-tools-for-stm32.12.3.rel1.win32_1.0.200.202406191623\tools\arm-none-eabi\include\c++\12.3.1\bits\hashtable_policy.h:110:7:typename std::__detail::_Select1st::__1st_type<_Pair>::type&& std::__detail::_Select1st::operator()(_Tp&&) const [with _Tp = const std::pair<const APIDoIP::EDoIPRequest, const char*>&]	16	static
C:\ST\STM32CubeIDE_1.16.0\STM32CubeIDE\plugins\com.st.stm32cube.ide.mcu.externaltools.gnu-tools-for-stm32.12.3.rel1.win32_1.0.200.202406191623\tools\bin/../lib/gcc/arm-none-eabi/12.3.1/../../../../arm-none-eabi/include/c++/12.3.1/bits/hashtable.h:894:7:static const std::_Hashtable<_Key, _Value, _Alloc, _ExtractKey, _Equal, _Hash, _RangeHash, _Unused, _RehashPolicy, _Traits>::key_type& std::_Hashtable<_Key, _Value, _Alloc, _ExtractKey, _Equal, _Hash, _RangeHash, _Unused, _RehashPolicy, _Traits>::_S_forward_key(const key_type&) [with _Key = APIDoIP::EDoIPRequest; _Value = std::pair<const APIDoIP::EDoIPRequest, const char*>; _Alloc = std::allocator<std::pair<const APIDoIP::EDoIPRequest, const char*> >; _ExtractKey = std::__detail::_Select1st; _Equal = std::equal_to<APIDoIP::EDoIPRequest>; _Hash = std::hash<APIDoIP::EDoIPRequest>; _RangeHash = std::__detail::_Mod_range_hashing; _Unused = std::__detail::_Default_ranged_hash; _RehashPolicy = std::__detail::_Prime_rehash_policy; _Traits = std::__detail::_Hashtable_traits<false, false, true>]	16	static
C:\ST\STM32CubeIDE_1.16.0\STM32CubeIDE\plugins\com.st.stm32cube.ide.mcu.externaltools.gnu-tools-for-stm32.12.3.rel1.win32_1.0.200.202406191623\tools\bin/../lib/gcc/arm-none-eabi/12.3.1/../../../../arm-none-eabi/include/c++/12.3.1/bits/hashtable.h:2229:7:std::pair<typename std::__detail::_Insert<_Key, _Value, _Alloc, _ExtractKey, _Equal, _Hash, _RangeHash, _Unused, _RehashPolicy, _Traits>::iterator, bool> std::_Hashtable<_Key, _Value, _Alloc, _ExtractKey, _Equal, _Hash, _RangeHash, _Unused, _RehashPolicy, _Traits>::_M_insert_unique(_Kt&&, _Arg&&, const _NodeGenerator&) [with _Kt = const APIDoIP::EDoIPRequest&; _Arg = const std::pair<const APIDoIP::EDoIPRequest, const char*>&; _NodeGenerator = std::__detail::_AllocNode<std::allocator<std::__detail::_Hash_node<std::pair<const APIDoIP::EDoIPRequest, const char*>, false> > >; _Key = APIDoIP::EDoIPRequest; _Value = std::pair<const APIDoIP::EDoIPRequest, const char*>; _Alloc = std::allocator<std::pair<const APIDoIP::EDoIPRequest, const char*> >; _ExtractKey = std::__detail::_Select1st; _Equal = std::equal_to<APIDoIP::EDoIPRequest>; _Hash = std::hash<APIDoIP::EDoIPRequest>; _RangeHash = std::__detail::_Mod_range_hashing; _Unused = std::__detail::_Default_ranged_hash; _RehashPolicy = std::__detail::_Prime_rehash_policy; _Traits = std::__detail::_Hashtable_traits<false, false, true>]	88	static
C:\ST\STM32CubeIDE_1.16.0\STM32CubeIDE\plugins\com.st.stm32cube.ide.mcu.externaltools.gnu-tools-for-stm32.12.3.rel1.win32_1.0.200.202406191623\tools\arm-none-eabi\include\c++\12.3.1\bits\hashtable_policy.h:1923:7:std::__detail::_Hashtable_alloc<_NodeAlloc>::__node_alloc_type& std::__detail::_Hashtable_alloc<_NodeAlloc>::_M_node_allocator() [with _NodeAlloc = std::allocator<std::__detail::_Hash_node<std::pair<const APIDoIP::EDoIPRequest, const char*>, false> >]	16	static
C:\ST\STM32CubeIDE_1.16.0\STM32CubeIDE\plugins\com.st.stm32cube.ide.mcu.externaltools.gnu-tools-for-stm32.12.3.rel1.win32_1.0.200.202406191623\tools\arm-none-eabi\include\c++\12.3.1\bits\hashtable_policy.h:295:7:_Value* std::__detail::_Hash_node_value_base<_Value>::_M_valptr() [with _Value = std::pair<const APIDoIP::EDoIPRequest, const char*>]	16	static
C:\ST\STM32CubeIDE_1.16.0\STM32CubeIDE\plugins\com.st.stm32cube.ide.mcu.externaltools.gnu-tools-for-stm32.12.3.rel1.win32_1.0.200.202406191623\tools\arm-none-eabi\include\c++\12.3.1\bits\alloc_traits.h:531:2:static constexpr void std::allocator_traits<std::allocator<_Up> >::destroy(allocator_type&, _Up*) [with _Up = std::pair<const APIDoIP::EDoIPRequest, const char*>; _Tp = std::__detail::_Hash_node<std::pair<const APIDoIP::EDoIPRequest, const char*>, false>]	16	static
C:\ST\STM32CubeIDE_1.16.0\STM32CubeIDE\plugins\com.st.stm32cube.ide.mcu.externaltools.gnu-tools-for-stm32.12.3.rel1.win32_1.0.200.202406191623\tools\arm-none-eabi\include\c++\12.3.1\bits\hashtable_policy.h:1990:5:void std::__detail::_Hashtable_alloc<_NodeAlloc>::_M_deallocate_node_ptr(__node_ptr) [with _NodeAlloc = std::allocator<std::__detail::_Hash_node<std::pair<const APIDoIP::EDoIPRequest, const char*>, false> >]	24	static
C:\ST\STM32CubeIDE_1.16.0\STM32CubeIDE\plugins\com.st.stm32cube.ide.mcu.externaltools.gnu-tools-for-stm32.12.3.rel1.win32_1.0.200.202406191623\tools\bin/../lib/gcc/arm-none-eabi/12.3.1/../../../../arm-none-eabi/include/c++/12.3.1/bits/allocator.h:169:2:constexpr std::allocator< <template-parameter-1-1> >::allocator(const std::allocator<_Tp1>&) [with _Tp1 = std::__detail::_Hash_node<std::pair<const APIDoIP::EDoIPRequest, const char*>, false>; _Tp = std::__detail::_Hash_node_base*]	16	static
C:\ST\STM32CubeIDE_1.16.0\STM32CubeIDE\plugins\com.st.stm32cube.ide.mcu.externaltools.gnu-tools-for-stm32.12.3.rel1.win32_1.0.200.202406191623\tools\arm-none-eabi\include\c++\12.3.1\bits\new_allocator.h:80:7:constexpr std::__new_allocator<_Tp>::__new_allocator() [with _Tp = std::__detail::_Hash_node<std::pair<const APIDoIP::EDoIPRequest, std::pair<std::variant<EUDSDID, EDynamicDataIndentifierRequestCode>, EECUAddress> >, false>]	16	static
C:\ST\STM32CubeIDE_1.16.0\STM32CubeIDE\plugins\com.st.stm32cube.ide.mcu.externaltools.gnu-tools-for-stm32.12.3.rel1.win32_1.0.200.202406191623\tools\arm-none-eabi\include\c++\12.3.1\bits\hashtable_policy.h:1263:7:std::__detail::_Hash_code_base<_Key, _Value, _ExtractKey, _Hash, _RangeHash, _Unused, __cache_hash_code>::_Hash_code_base(const _Hash&) [with _Key = APIDoIP::EDoIPRequest; _Value = std::pair<const APIDoIP::EDoIPRequest, std::pair<std::variant<EUDSDID, EDynamicDataIndentifierRequestCode>, EECUAddress> >; _ExtractKey = std::__detail::_Select1st; _Hash = std::hash<APIDoIP::EDoIPRequest>; _RangeHash = std::__detail::_Mod_range_hashing; _Unused = std::__detail::_Default_ranged_hash; bool __cache_hash_code = false]	16	static
C:\ST\STM32CubeIDE_1.16.0\STM32CubeIDE\plugins\com.st.stm32cube.ide.mcu.externaltools.gnu-tools-for-stm32.12.3.rel1.win32_1.0.200.202406191623\tools\arm-none-eabi\include\c++\12.3.1\bits\hashtable_policy.h:1181:2:std::__detail::_Hashtable_ebo_helper<_Nm, _Tp, true>::_Hashtable_ebo_helper(_OtherTp&&) [with _OtherTp = const std::equal_to<APIDoIP::EDoIPRequest>&; int _Nm = 0; _Tp = std::equal_to<APIDoIP::EDoIPRequest>]	16	static
C:\ST\STM32CubeIDE_1.16.0\STM32CubeIDE\plugins\com.st.stm32cube.ide.mcu.externaltools.gnu-tools-for-stm32.12.3.rel1.win32_1.0.200.202406191623\tools\bin/../lib/gcc/arm-none-eabi/12.3.1/../../../../arm-none-eabi/include/c++/12.3.1/bits/move.h:77:5:constexpr _Tp&& std::forward(typename remove_reference<_Tp>::type&) [with _Tp = allocator<__detail::_Hash_node<pair<const APIDoIP::EDoIPRequest, pair<variant<EUDSDID, EDynamicDataIndentifierRequestCode>, EECUAddress> >, false> >]	16	static
C:\ST\STM32CubeIDE_1.16.0\STM32CubeIDE\plugins\com.st.stm32cube.ide.mcu.externaltools.gnu-tools-for-stm32.12.3.rel1.win32_1.0.200.202406191623\tools\arm-none-eabi\include\c++\12.3.1\bits\hashtable_policy.h:1181:2:std::__detail::_Hashtable_ebo_helper<_Nm, _Tp, true>::_Hashtable_ebo_helper(_OtherTp&&) [with _OtherTp = std::allocator<std::__detail::_Hash_node<std::pair<const APIDoIP::EDoIPRequest, std::pair<std::variant<EUDSDID, EDynamicDataIndentifierRequestCode>, EECUAddress> >, false> >; int _Nm = 0; _Tp = std::allocator<std::__detail::_Hash_node<std::pair<const APIDoIP::EDoIPRequest, std::pair<std::variant<EUDSDID, EDynamicDataIndentifierRequestCode>, EECUAddress> >, false> >]	16	static
C:\ST\STM32CubeIDE_1.16.0\STM32CubeIDE\plugins\com.st.stm32cube.ide.mcu.externaltools.gnu-tools-for-stm32.12.3.rel1.win32_1.0.200.202406191623\tools\arm-none-eabi\include\c++\12.3.1\bits\alloc_traits.h:463:7:static constexpr _Tp* std::allocator_traits<std::allocator<_Up> >::allocate(allocator_type&, size_type) [with _Tp = std::__detail::_Hash_node_base*]	24	static
C:\ST\STM32CubeIDE_1.16.0\STM32CubeIDE\plugins\com.st.stm32cube.ide.mcu.externaltools.gnu-tools-for-stm32.12.3.rel1.win32_1.0.200.202406191623\tools\bin/../lib/gcc/arm-none-eabi/12.3.1/../../../../arm-none-eabi/include/c++/12.3.1/bits/ptr_traits.h:228:5:constexpr _Tp* std::__to_address(_Tp*) [with _Tp = __detail::_Hash_node_base*]	16	static
C:\ST\STM32CubeIDE_1.16.0\STM32CubeIDE\plugins\com.st.stm32cube.ide.mcu.externaltools.gnu-tools-for-stm32.12.3.rel1.win32_1.0.200.202406191623\tools\bin/../lib/gcc/arm-none-eabi/12.3.1/../../../../arm-none-eabi/include/c++/12.3.1/bits/hashtable.h:648:7:std::_Hashtable<_Key, _Value, _Alloc, _ExtractKey, _Equal, _Hash, _RangeHash, _Unused, _RehashPolicy, _Traits>::size_type std::_Hashtable<_Key, _Value, _Alloc, _ExtractKey, _Equal, _Hash, _RangeHash, _Unused, _RehashPolicy, _Traits>::size() const [with _Key = APIDoIP::EDoIPRequest; _Value = std::pair<const APIDoIP::EDoIPRequest, std::pair<std::variant<EUDSDID, EDynamicDataIndentifierRequestCode>, EECUAddress> >; _Alloc = std::allocator<std::pair<const APIDoIP::EDoIPRequest, std::pair<std::variant<EUDSDID, EDynamicDataIndentifierRequestCode>, EECUAddress> > >; _ExtractKey = std::__detail::_Select1st; _Equal = std::equal_to<APIDoIP::EDoIPRequest>; _Hash = std::hash<APIDoIP::EDoIPRequest>; _RangeHash = std::__detail::_Mod_range_hashing; _Unused = std::__detail::_Default_ranged_hash; _RehashPolicy = std::__detail::_Prime_rehash_policy; _Traits = std::__detail::_Hashtable_traits<false, false, true>]	16	static
C:\ST\STM32CubeIDE_1.16.0\STM32CubeIDE\plugins\com.st.stm32cube.ide.mcu.externaltools.gnu-tools-for-stm32.12.3.rel1.win32_1.0.200.202406191623\tools\bin/../lib/gcc/arm-none-eabi/12.3.1/../../../../arm-none-eabi/include/c++/12.3.1/bits/hashtable.h:425:7:static constexpr std::size_t std::_Hashtable<_Key, _Value, _Alloc, _ExtractKey, _Equal, _Hash, _RangeHash, _Unused, _RehashPolicy, _Traits>::__small_size_threshold() [with _Key = APIDoIP::EDoIPRequest; _Value = std::pair<const APIDoIP::EDoIPRequest, std::pair<std::variant<EUDSDID, EDynamicDataIndentifierRequestCode>, EECUAddress> >; _Alloc = std::allocator<std::pair<const APIDoIP::EDoIPRequest, std::pair<std::variant<EUDSDID, EDynamicDataIndentifierRequestCode>, EECUAddress> > >; _ExtractKey = std::__detail::_Select1st; _Equal = std::equal_to<APIDoIP::EDoIPRequest>; _Hash = std::hash<APIDoIP::EDoIPRequest>; _RangeHash = std::__detail::_Mod_range_hashing; _Unused = std::__detail::_Default_ranged_hash; _RehashPolicy = std::__detail::_Prime_rehash_policy; _Traits = std::__detail::_Hashtable_traits<false, false, true>]	8	static
C:\ST\STM32CubeIDE_1.16.0\STM32CubeIDE\plugins\com.st.stm32cube.ide.mcu.externaltools.gnu-tools-for-stm32.12.3.rel1.win32_1.0.200.202406191623\tools\bin/../lib/gcc/arm-none-eabi/12.3.1/../../../../arm-none-eabi/include/c++/12.3.1/bits/hashtable.h:624:7:std::_Hashtable<_Key, _Value, _Alloc, _ExtractKey, _Equal, _Hash, _RangeHash, _Unused, _RehashPolicy, _Traits>::iterator std::_Hashtable<_Key, _Value, _Alloc, _ExtractKey, _Equal, _Hash, _RangeHash, _Unused, _RehashPolicy, _Traits>::begin() [with _Key = APIDoIP::EDoIPRequest; _Value = std::pair<const APIDoIP::EDoIPRequest, std::pair<std::variant<EUDSDID, EDynamicDataIndentifierRequestCode>, EECUAddress> >; _Alloc = std::allocator<std::pair<const APIDoIP::EDoIPRequest, std::pair<std::variant<EUDSDID, EDynamicDataIndentifierRequestCode>, EECUAddress> > >; _ExtractKey = std::__detail::_Select1st; _Equal = std::equal_to<APIDoIP::EDoIPRequest>; _Hash = std::hash<APIDoIP::EDoIPRequest>; _RangeHash = std::__detail::_Mod_range_hashing; _Unused = std::__detail::_Default_ranged_hash; _RehashPolicy = std::__detail::_Prime_rehash_policy; _Traits = std::__detail::_Hashtable_traits<false, false, true>]	24	static
C:\ST\STM32CubeIDE_1.16.0\STM32CubeIDE\plugins\com.st.stm32cube.ide.mcu.externaltools.gnu-tools-for-stm32.12.3.rel1.win32_1.0.200.202406191623\tools\bin/../lib/gcc/arm-none-eabi/12.3.1/../../../../arm-none-eabi/include/c++/12.3.1/bits/hashtable.h:632:7:std::_Hashtable<_Key, _Value, _Alloc, _ExtractKey, _Equal, _Hash, _RangeHash, _Unused, _RehashPolicy, _Traits>::iterator std::_Hashtable<_Key, _Value, _Alloc, _ExtractKey, _Equal, _Hash, _RangeHash, _Unused, _RehashPolicy, _Traits>::end() [with _Key = APIDoIP::EDoIPRequest; _Value = std::pair<const APIDoIP::EDoIPRequest, std::pair<std::variant<EUDSDID, EDynamicDataIndentifierRequestCode>, EECUAddress> >; _Alloc = std::allocator<std::pair<const APIDoIP::EDoIPRequest, std::pair<std::variant<EUDSDID, EDynamicDataIndentifierRequestCode>, EECUAddress> > >; _ExtractKey = std::__detail::_Select1st; _Equal = std::equal_to<APIDoIP::EDoIPRequest>; _Hash = std::hash<APIDoIP::EDoIPRequest>; _RangeHash = std::__detail::_Mod_range_hashing; _Unused = std::__detail::_Default_ranged_hash; _RehashPolicy = std::__detail::_Prime_rehash_policy; _Traits = std::__detail::_Hashtable_traits<false, false, true>]	24	static
C:\ST\STM32CubeIDE_1.16.0\STM32CubeIDE\plugins\com.st.stm32cube.ide.mcu.externaltools.gnu-tools-for-stm32.12.3.rel1.win32_1.0.200.202406191623\tools\arm-none-eabi\include\c++\12.3.1\bits\hashtable_policy.h:361:7:bool std::__detail::operator==(const _Node_iterator_base<std::pair<const APIDoIP::EDoIPRequest, std::pair<std::variant<EUDSDID, EDynamicDataIndentifierRequestCode>, EECUAddress> >, false>&, const _Node_iterator_base<std::pair<const APIDoIP::EDoIPRequest, std::pair<std::variant<EUDSDID, EDynamicDataIndentifierRequestCode>, EECUAddress> >, false>&)	16	static
C:\ST\STM32CubeIDE_1.16.0\STM32CubeIDE\plugins\com.st.stm32cube.ide.mcu.externaltools.gnu-tools-for-stm32.12.3.rel1.win32_1.0.200.202406191623\tools\arm-none-eabi\include\c++\12.3.1\bits\hashtable_policy.h:408:7:std::__detail::_Node_iterator<_Value, __constant_iterators, __cache>& std::__detail::_Node_iterator<_Value, __constant_iterators, __cache>::operator++() [with _Value = std::pair<const APIDoIP::EDoIPRequest, std::pair<std::variant<EUDSDID, EDynamicDataIndentifierRequestCode>, EECUAddress> >; bool __constant_iterators = false; bool __cache = false]	16	static
C:\ST\STM32CubeIDE_1.16.0\STM32CubeIDE\plugins\com.st.stm32cube.ide.mcu.externaltools.gnu-tools-for-stm32.12.3.rel1.win32_1.0.200.202406191623\tools\arm-none-eabi\include\c++\12.3.1\bits\hashtable_policy.h:1693:2:bool std::__detail::_Hashtable_base<_Key, _Value, _ExtractKey, _Equal, _Hash, _RangeHash, _Unused, _Traits>::_M_key_equals_tr(const _Kt&, const std::__detail::_Hash_node_value<_Value, typename _Traits::__hash_cached::value>&) const [with _Kt = APIDoIP::EDoIPRequest; _Key = APIDoIP::EDoIPRequest; _Value = std::pair<const APIDoIP::EDoIPRequest, std::pair<std::variant<EUDSDID, EDynamicDataIndentifierRequestCode>, EECUAddress> >; _ExtractKey = std::__detail::_Select1st; _Equal = std::equal_to<APIDoIP::EDoIPRequest>; _Hash = std::hash<APIDoIP::EDoIPRequest>; _RangeHash = std::__detail::_Mod_range_hashing; _Unused = std::__detail::_Default_ranged_hash; _Traits = std::__detail::_Hashtable_traits<false, false, true>]	40	static
C:\ST\STM32CubeIDE_1.16.0\STM32CubeIDE\plugins\com.st.stm32cube.ide.mcu.externaltools.gnu-tools-for-stm32.12.3.rel1.win32_1.0.200.202406191623\tools\bin/../lib/gcc/arm-none-eabi/12.3.1/../../../../arm-none-eabi/include/c++/12.3.1/bits/stl_pair.h:279:2:constexpr std::pair<_T1, _T2>::pair(_U1&&, _U2&&) [with _U1 = std::__detail::_Node_iterator<std::pair<const APIDoIP::EDoIPRequest, std::pair<std::variant<EUDSDID, EDynamicDataIndentifierRequestCode>, EECUAddress> >, false, false>&; _U2 = bool; _T1 = std::__detail::_Node_iterator<std::pair<const APIDoIP::EDoIPRequest, std::pair<std::variant<EUDSDID, EDynamicDataIndentifierRequestCode>, EECUAddress> >, false, false>; _T2 = bool]	24	static
C:\ST\STM32CubeIDE_1.16.0\STM32CubeIDE\plugins\com.st.stm32cube.ide.mcu.externaltools.gnu-tools-for-stm32.12.3.rel1.win32_1.0.200.202406191623\tools\arm-none-eabi\include\c++\12.3.1\bits\hashtable_policy.h:1275:2:std::__detail::_Hash_code_base<_Key, _Value, _ExtractKey, _Hash, _RangeHash, _Unused, __cache_hash_code>::__hash_code std::__detail::_Hash_code_base<_Key, _Value, _ExtractKey, _Hash, _RangeHash, _Unused, __cache_hash_code>::_M_hash_code_tr(const _Kt&) const [with _Kt = APIDoIP::EDoIPRequest; _Key = APIDoIP::EDoIPRequest; _Value = std::pair<const APIDoIP::EDoIPRequest, std::pair<std::variant<EUDSDID, EDynamicDataIndentifierRequestCode>, EECUAddress> >; _ExtractKey = std::__detail::_Select1st; _Hash = std::hash<APIDoIP::EDoIPRequest>; _RangeHash = std::__detail::_Mod_range_hashing; _Unused = std::__detail::_Default_ranged_hash; bool __cache_hash_code = false]	16	static
[...]
C:\ST\STM32CubeIDE_1.16.0\STM32CubeIDE\plugins\com.st.stm32cube.ide.mcu.externaltools.gnu-tools-for-stm32.12.3.rel1.win32_1.0.200.202406191623\tools\bin/../lib/gcc/arm-none-eabi/12.3.1/../../../../arm-none-eabi/include/c++/12.3.1/bits/move.h:49:5:constexpr _Tp* std::__addressof(_Tp&) [with _Tp = __detail::_Hash_node<pair<const APIDoIP::EDoIPRequest, pair<variant<EUDSDID, EDynamicDataIndentifierRequestCode>, EECUAddress> >, false>]	16	static
C:\ST\STM32CubeIDE_1.16.0\STM32CubeIDE\plugins\com.st.stm32cube.ide.mcu.externaltools.gnu-tools-for-stm32.12.3.rel1.win32_1.0.200.202406191623\tools\arm-none-eabi\include\c++\12.3.1\bits\new_allocator.h:142:7:void std::__new_allocator<_Tp>::deallocate(_Tp*, size_type) [with _Tp = std::__detail::_Hash_node<std::pair<const APIDoIP::EDoIPRequest, std::pair<std::variant<EUDSDID, EDynamicDataIndentifierRequestCode>, EECUAddress> >, false>]	24	static
C:\ST\STM32CubeIDE_1.16.0\STM32CubeIDE\plugins\com.st.stm32cube.ide.mcu.externaltools.gnu-tools-for-stm32.12.3.rel1.win32_1.0.200.202406191623\tools\arm-none-eabi\include\c++\12.3.1\bits\new_allocator.h:83:7:constexpr std::__new_allocator<_Tp>::__new_allocator(const std::__new_allocator<_Tp>&) [with _Tp = std::__detail::_Hash_node<std::pair<const APIDoIP::EDoIPRequest, const char*>, false>]	16	static
C:\ST\STM32CubeIDE_1.16.0\STM32CubeIDE\plugins\com.st.stm32cube.ide.mcu.externaltools.gnu-tools-for-stm32.12.3.rel1.win32_1.0.200.202406191623\tools\arm-none-eabi\include\c++\12.3.1\bits\hashtable_policy.h:299:7:const _Value* std::__detail::_Hash_node_value_base<_Value>::_M_valptr() const [with _Value = std::pair<const APIDoIP::EDoIPRequest, const char*>]	16	static
C:\ST\STM32CubeIDE_1.16.0\STM32CubeIDE\plugins\com.st.stm32cube.ide.mcu.externaltools.gnu-tools-for-stm32.12.3.rel1.win32_1.0.200.202406191623\tools\arm-none-eabi\include\c++\12.3.1\bits\hashtable_policy.h:1711:2:bool std::__detail::_Hashtable_base<_Key, _Value, _ExtractKey, _Equal, _Hash, _RangeHash, _Unused, _Traits>::_M_equals_tr(const _Kt&, __hash_code, const std::__detail::_Hash_node_value<_Value, typename _Traits::__hash_cached::value>&) const [with _Kt = APIDoIP::EDoIPRequest; _Key = APIDoIP::EDoIPRequest; _Value = std::pair<const APIDoIP::EDoIPRequest, const char*>; _ExtractKey = std::__detail::_Select1st; _Equal = std::equal_to<APIDoIP::EDoIPRequest>; _Hash = std::hash<APIDoIP::EDoIPRequest>; _RangeHash = std::__detail::_Mod_range_hashing; _Unused = std::__detail::_Default_ranged_hash; _Traits = std::__detail::_Hashtable_traits<false, false, true>]	24	static
C:\ST\STM32CubeIDE_1.16.0\STM32CubeIDE\plugins\com.st.stm32cube.ide.mcu.externaltools.gnu-tools-for-stm32.12.3.rel1.win32_1.0.200.202406191623\tools\bin/../lib/gcc/arm-none-eabi/12.3.1/../../../../arm-none-eabi/include/c++/12.3.1/bits/hashtable.h:793:7:std::_Hashtable<_Key, _Value, _Alloc, _ExtractKey, _Equal, _Hash, _RangeHash, _Unused, _RehashPolicy, _Traits>::size_type std::_Hashtable<_Key, _Value, _Alloc, _ExtractKey, _Equal, _Hash, _RangeHash, _Unused, _RehashPolicy, _Traits>::_M_bucket_index(const __node_value_type&) const [with _Key = APIDoIP::EDoIPRequest; _Value = std::pair<const APIDoIP::EDoIPRequest, const char*>; _Alloc = std::allocator<std::pair<const APIDoIP::EDoIPRequest, const char*> >; _ExtractKey = std::__detail::_Select1st; _Equal = std::equal_to<APIDoIP::EDoIPRequest>; _Hash = std::hash<APIDoIP::EDoIPRequest>; _RangeHash = std::__detail::_Mod_range_hashing; _Unused = std::__detail::_Default_ranged_hash; _RehashPolicy = std::__detail::_Prime_rehash_policy; _Traits = std::__detail::_Hashtable_traits<false, false, true>]	16	static
C:\ST\STM32CubeIDE_1.16.0\STM32CubeIDE\plugins\com.st.stm32cube.ide.mcu.externaltools.gnu-tools-for-stm32.12.3.rel1.win32_1.0.200.202406191623\tools\bin/../lib/gcc/arm-none-eabi/12.3.1/../../../../arm-none-eabi/include/c++/12.3.1/bits/move.h:77:5:constexpr _Tp&& std::forward(typename remove_reference<_Tp>::type&) [with _Tp = const char* const&]	16	static
C:\ST\STM32CubeIDE_1.16.0\STM32CubeIDE\plugins\com.st.stm32cube.ide.mcu.externaltools.gnu-tools-for-stm32.12.3.rel1.win32_1.0.200.202406191623\tools\arm-none-eabi\include\c++\12.3.1\bits\hashtable_policy.h:335:12:std::__detail::_Hash_node<std::pair<const APIDoIP::EDoIPRequest, const char*>, false>::_Hash_node()	16	static
C:\ST\STM32CubeIDE_1.16.0\STM32CubeIDE\plugins\com.st.stm32cube.ide.mcu.externaltools.gnu-tools-for-stm32.12.3.rel1.win32_1.0.200.202406191623\tools\arm-none-eabi\include\c++\12.3.1\bits\hashtable_policy.h:1960:7:) [with _Args = {const APIDoIP::EDoIPRequest&, const char* const&}; _NodeAlloc = std::allocator<std::__detail::_Hash_node<std::pair<const APIDoIP::EDoIPRequest, const char*>, false> >]	48	static
C:\ST\STM32CubeIDE_1.16.0\STM32CubeIDE\plugins\com.st.stm32cube.ide.mcu.externaltools.gnu-tools-for-stm32.12.3.rel1.win32_1.0.200.202406191623\tools\bin/../lib/gcc/arm-none-eabi/12.3.1/../../../../arm-none-eabi/include/c++/12.3.1/bits/hashtable.h:2558:5:void std::_Hashtable<_Key, _Value, _Alloc, _ExtractKey, _Equal, _Hash, _RangeHash, _Unused, _RehashPolicy, _Traits>::_M_rehash_aux(size_type, std::true_type) [with _Key = APIDoIP::EDoIPRequest; _Value = std::pair<const APIDoIP::EDoIPRequest, const char*>; _Alloc = std::allocator<std::pair<const APIDoIP::EDoIPRequest, const char*> >; _ExtractKey = std::__detail::_Select1st; _Equal = std::equal_to<APIDoIP::EDoIPRequest>; _Hash = std::hash<APIDoIP::EDoIPRequest>; _RangeHash = std::__detail::_Mod_range_hashing; _Unused = std::__detail::_Default_ranged_hash; _RehashPolicy = std::__detail::_Prime_rehash_policy; _Traits = std::__detail::_Hashtable_traits<false, false, true>]	48	static
C:\ST\STM32CubeIDE_1.16.0\STM32CubeIDE\plugins\com.st.stm32cube.ide.mcu.externaltools.gnu-tools-for-stm32.12.3.rel1.win32_1.0.200.202406191623\tools\bin/../lib/gcc/arm-none-eabi/12.3.1/../../../../arm-none-eabi/include/c++/12.3.1/bits/move.h:49:5:constexpr _Tp* std::__addressof(_Tp&) [with _Tp = __detail::_Hash_node<pair<const APIDoIP::EDoIPRequest, const char*>, false>]	16	static
C:\ST\STM32CubeIDE_1.16.0\STM32CubeIDE\plugins\com.st.stm32cube.ide.mcu.externaltools.gnu-tools-for-stm32.12.3.rel1.win32_1.0.200.202406191623\tools\arm-none-eabi\include\c++\12.3.1\bits\new_allocator.h:142:7:void std::__new_allocator<_Tp>::deallocate(_Tp*, size_type) [with _Tp = std::__detail::_Hash_node<std::pair<const APIDoIP::EDoIPRequest, const char*>, false>]	24	static
C:\ST\STM32CubeIDE_1.16.0\STM32CubeIDE\plugins\com.st.stm32cube.ide.mcu.externaltools.gnu-tools-for-stm32.12.3.rel1.win32_1.0.200.202406191623\tools\arm-none-eabi\include\c++\12.3.1\bits\new_allocator.h:210:7:constexpr std::__new_allocator<_Tp>::size_type std::__new_allocator<_Tp>::_M_max_size() const [with _Tp = std::__detail::_Hash_node_base*]	16	static
C:\ST\STM32CubeIDE_1.16.0\STM32CubeIDE\plugins\com.st.stm32cube.ide.mcu.externaltools.gnu-tools-for-stm32.12.3.rel1.win32_1.0.200.202406191623\tools\arm-none-eabi\include\c++\12.3.1\ext\aligned_buffer.h:118:7:const _Tp* __gnu_cxx::__aligned_buffer<_Tp>::_M_ptr() const [with _Tp = std::pair<const APIDoIP::EDoIPRequest, std::pair<std::variant<EUDSDID, EDynamicDataIndentifierRequestCode>, EECUAddress> >]	16	static
C:\ST\STM32CubeIDE_1.16.0\STM32CubeIDE\plugins\com.st.stm32cube.ide.mcu.externaltools.gnu-tools-for-stm32.12.3.rel1.win32_1.0.200.202406191623\tools\arm-none-eabi\include\c++\12.3.1\bits\hashtable_policy.h:1656:7:static bool std::__detail::_Hashtable_base<_Key, _Value, _ExtractKey, _Equal, _Hash, _RangeHash, _Unused, _Traits>::_S_equals(__hash_code, const std::__detail::_Hash_node_code_cache<false>&) [with _Key = APIDoIP::EDoIPRequest; _Value = std::pair<const APIDoIP::EDoIPRequest, std::pair<std::variant<EUDSDID, EDynamicDataIndentifierRequestCode>, EECUAddress> >; _ExtractKey = std::__detail::_Select1st; _Equal = std::equal_to<APIDoIP::EDoIPRequest>; _Hash = std::hash<APIDoIP::EDoIPRequest>; _RangeHash = std::__detail::_Mod_range_hashing; _Unused = std::__detail::_Default_ranged_hash; _Traits = std::__detail::_Hashtable_traits<false, false, true>]	16	static
C:\ST\STM32CubeIDE_1.16.0\STM32CubeIDE\plugins\com.st.stm32cube.ide.mcu.externaltools.gnu-tools-for-stm32.12.3.rel1.win32_1.0.200.202406191623\tools\arm-none-eabi\include\c++\12.3.1\bits\hashtable_policy.h:1308:7:std::size_t std::__detail::_Hash_code_base<_Key, _Value, _ExtractKey, _Hash, _RangeHash, _Unused, __cache_hash_code>::_M_bucket_index(const std::__detail::_Hash_node_value<_Value, false>&, std::size_t) const [with _Key = APIDoIP::EDoIPRequest; _Value = std::pair<const APIDoIP::EDoIPRequest, std::pair<std::variant<EUDSDID, EDynamicDataIndentifierRequestCode>, EECUAddress> >; _ExtractKey = std::__detail::_Select1st; _Hash = std::hash<APIDoIP::EDoIPRequest>; _RangeHash = std::__detail::_Mod_range_hashing; _Unused = std::__detail::_Default_ranged_hash; bool __cache_hash_code = false]	32	static
C:\ST\STM32CubeIDE_1.16.0\STM32CubeIDE\plugins\com.st.stm32cube.ide.mcu.externaltools.gnu-tools-for-stm32.12.3.rel1.win32_1.0.200.202406191623\tools\arm-none-eabi\include\c++\12.3.1\bits\alloc_traits.h:463:7:static constexpr _Tp* std::allocator_traits<std::allocator<_Up> >::allocate(allocator_type&, size_type) [with _Tp = std::__detail::_Hash_node<std::pair<const APIDoIP::EDoIPRequest, std::pair<std::variant<EUDSDID, EDynamicDataIndentifierRequestCode>, EECUAddress> >, false>]	32	static
C:\ST\STM32CubeIDE_1.16.0\STM32CubeIDE\plugins\com.st.stm32cube.ide.mcu.externaltools.gnu-tools-for-stm32.12.3.rel1.win32_1.0.200.202406191623\tools\bin/../lib/gcc/arm-none-eabi/12.3.1/../../../../arm-none-eabi/include/c++/12.3.1/bits/ptr_traits.h:228:5:constexpr _Tp* std::__to_address(_Tp*) [with _Tp = __detail::_Hash_node<pair<const APIDoIP::EDoIPRequest, pair<variant<EUDSDID, EDynamicDataIndentifierRequestCode>, EECUAddress> >, false>]	16	static
C:\ST\STM32CubeIDE_1.16.0\STM32CubeIDE\plugins\com.st.stm32cube.ide.mcu.externaltools.gnu-tools-for-stm32.12.3.rel1.win32_1.0.200.202406191623\tools\arm-none-eabi\include\c++\12.3.1\bits\alloc_traits.h:511:2:) [with _Up = std::pair<const APIDoIP::EDoIPRequest, std::pair<std::variant<EUDSDID, EDynamicDataIndentifierRequestCode>, EECUAddress> >; _Args = {const APIDoIP::EDoIPRequest&, const std::pair<std::variant<EUDSDID, EDynamicDataIndentifierRequestCode>, EECUAddress>&}; _Tp = std::__detail::_Hash_node<std::pair<const APIDoIP::EDoIPRequest, std::pair<std::variant<EUDSDID, EDynamicDataIndentifierRequestCode>, EECUAddress> >, false>]	32	static
C:\ST\STM32CubeIDE_1.16.0\STM32CubeIDE\plugins\com.st.stm32cube.ide.mcu.externaltools.gnu-tools-for-stm32.12.3.rel1.win32_1.0.200.202406191623\tools\arm-none-eabi\include\c++\12.3.1\ext\aligned_buffer.h:118:7:const _Tp* __gnu_cxx::__aligned_buffer<_Tp>::_M_ptr() const [with _Tp = std::pair<const APIDoIP::EDoIPRequest, const char*>]	16	static
C:\ST\STM32CubeIDE_1.16.0\STM32CubeIDE\plugins\com.st.stm32cube.ide.mcu.externaltools.gnu-tools-for-stm32.12.3.rel1.win32_1.0.200.202406191623\tools\arm-none-eabi\include\c++\12.3.1\bits\hashtable_policy.h:1656:7:static bool std::__detail::_Hashtable_base<_Key, _Value, _ExtractKey, _Equal, _Hash, _RangeHash, _Unused, _Traits>::_S_equals(__hash_code, const std::__detail::_Hash_node_code_cache<false>&) [with _Key = APIDoIP::EDoIPRequest; _Value = std::pair<const APIDoIP::EDoIPRequest, const char*>; _ExtractKey = std::__detail::_Select1st; _Equal = std::equal_to<APIDoIP::EDoIPRequest>; _Hash = std::hash<APIDoIP::EDoIPRequest>; _RangeHash = std::__detail::_Mod_range_hashing; _Unused = std::__detail::_Default_ranged_hash; _Traits = std::__detail::_Hashtable_traits<false, false, true>]	16	static
C:\ST\STM32CubeIDE_1.16.0\STM32CubeIDE\plugins\com.st.stm32cube.ide.mcu.externaltools.gnu-tools-for-stm32.12.3.rel1.win32_1.0.200.202406191623\tools\arm-none-eabi\include\c++\12.3.1\bits\hashtable_policy.h:1308:7:std::size_t std::__detail::_Hash_code_base<_Key, _Value, _ExtractKey, _Hash, _RangeHash, _Unused, __cache_hash_code>::_M_bucket_index(const std::__detail::_Hash_node_value<_Value, false>&, std::size_t) const [with _Key = APIDoIP::EDoIPRequest; _Value = std::pair<const APIDoIP::EDoIPRequest, const char*>; _ExtractKey = std::__detail::_Select1st; _Hash = std::hash<APIDoIP::EDoIPRequest>; _RangeHash = std::__detail::_Mod_range_hashing; _Unused = std::__detail::_Default_ranged_hash; bool __cache_hash_code = false]	32	static
C:\ST\STM32CubeIDE_1.16.0\STM32CubeIDE\plugins\com.st.stm32cube.ide.mcu.externaltools.gnu-tools-for-stm32.12.3.rel1.win32_1.0.200.202406191623\tools\arm-none-eabi\include\c++\12.3.1\bits\alloc_traits.h:463:7:static constexpr _Tp* std::allocator_traits<std::allocator<_Up> >::allocate(allocator_type&, size_type) [with _Tp = std::__detail::_Hash_node<std::pair<const APIDoIP::EDoIPRequest, const char*>, false>]	32	static
C:\ST\STM32CubeIDE_1.16.0\STM32CubeIDE\plugins\com.st.stm32cube.ide.mcu.externaltools.gnu-tools-for-stm32.12.3.rel1.win32_1.0.200.202406191623\tools\bin/../lib/gcc/arm-none-eabi/12.3.1/../../../../arm-none-eabi/include/c++/12.3.1/bits/ptr_traits.h:228:5:constexpr _Tp* std::__to_address(_Tp*) [with _Tp = __detail::_Hash_node<pair<const APIDoIP::EDoIPRequest, const char*>, false>]	16	static
C:\ST\STM32CubeIDE_1.16.0\STM32CubeIDE\plugins\com.st.stm32cube.ide.mcu.externaltools.gnu-tools-for-stm32.12.3.rel1.win32_1.0.200.202406191623\tools\arm-none-eabi\include\c++\12.3.1\bits\alloc_traits.h:511:2:) [with _Up = std::pair<const APIDoIP::EDoIPRequest, const char*>; _Args = {const APIDoIP::EDoIPRequest&, const char* const&}; _Tp = std::__detail::_Hash_node<std::pair<const APIDoIP::EDoIPRequest, const char*>, false>]	32	static
C:\ST\STM32CubeIDE_1.16.0\STM32CubeIDE\plugins\com.st.stm32cube.ide.mcu.externaltools.gnu-tools-for-stm32.12.3.rel1.win32_1.0.200.202406191623\tools\arm-none-eabi\include\c++\12.3.1\ext\aligned_buffer.h:108:7:const void* __gnu_cxx::__aligned_buffer<_Tp>::_M_addr() const [with _Tp = std::pair<const APIDoIP::EDoIPRequest, std::pair<std::variant<EUDSDID, EDynamicDataIndentifierRequestCode>, EECUAddress> >]	16	static
C:\ST\STM32CubeIDE_1.16.0\STM32CubeIDE\plugins\com.st.stm32cube.ide.mcu.externaltools.gnu-tools-for-stm32.12.3.rel1.win32_1.0.200.202406191623\tools\arm-none-eabi\include\c++\12.3.1\bits\hashtable_policy.h:1266:7:std::__detail::_Hash_code_base<_Key, _Value, _ExtractKey, _Hash, _RangeHash, _Unused, __cache_hash_code>::__hash_code std::__detail::_Hash_code_base<_Key, _Value, _ExtractKey, _Hash, _RangeHash, _Unused, __cache_hash_code>::_M_hash_code(const _Key&) const [with _Key = APIDoIP::EDoIPRequest; _Value = std::pair<const APIDoIP::EDoIPRequest, std::pair<std::variant<EUDSDID, EDynamicDataIndentifierRequestCode>, EECUAddress> >; _ExtractKey = std::__detail::_Select1st; _Hash = std::hash<APIDoIP::EDoIPRequest>; _RangeHash = std::__detail::_Mod_range_hashing; _Unused = std::__detail::_Default_ranged_hash; bool __cache_hash_code = false]	16	static
C:\ST\STM32CubeIDE_1.16.0\STM32CubeIDE\plugins\com.st.stm32cube.ide.mcu.externaltools.gnu-tools-for-stm32.12.3.rel1.win32_1.0.200.202406191623\tools\arm-none-eabi\include\c++\12.3.1\bits\stl_construct.h:94:5:) [with _Tp = pair<const APIDoIP::EDoIPRequest, pair<variant<EUDSDID, EDynamicDataIndentifierRequestCode>, EECUAddress> >; _Args = {const APIDoIP::EDoIPRequest&, const pair<variant<EUDSDID, EDynamicDataIndentifierRequestCode>, EECUAddress>&}]	32	static
C:\ST\STM32CubeIDE_1.16.0\STM32CubeIDE\plugins\com.st.stm32cube.ide.mcu.externaltools.gnu-tools-for-stm32.12.3.rel1.win32_1.0.200.202406191623\tools\arm-none-eabi\include\c++\12.3.1\ext\aligned_buffer.h:108:7:const void* __gnu_cxx::__aligned_buffer<_Tp>::_M_addr() const [with _Tp = std::pair<const APIDoIP::EDoIPRequest, const char*>]	16	static
C:\ST\STM32CubeIDE_1.16.0\STM32CubeIDE\plugins\com.st.stm32cube.ide.mcu.externaltools.gnu-tools-for-stm32.12.3.rel1.win32_1.0.200.202406191623\tools\arm-none-eabi\include\c++\12.3.1\bits\hashtable_policy.h:1266:7:std::__detail::_Hash_code_base<_Key, _Value, _ExtractKey, _Hash, _RangeHash, _Unused, __cache_hash_code>::__hash_code std::__detail::_Hash_code_base<_Key, _Value, _ExtractKey, _Hash, _RangeHash, _Unused, __cache_hash_code>::_M_hash_code(const _Key&) const [with _Key = APIDoIP::EDoIPRequest; _Value = std::pair<const APIDoIP::EDoIPRequest, const char*>; _ExtractKey = std::__detail::_Select1st; _Hash = std::hash<APIDoIP::EDoIPRequest>; _RangeHash = std::__detail::_Mod_range_hashing; _Unused = std::__detail::_Default_ranged_hash; bool __cache_hash_code = false]	16	static
C:\ST\STM32CubeIDE_1.16.0\STM32CubeIDE\plugins\com.st.stm32cube.ide.mcu.externaltools.gnu-tools-for-stm32.12.3.rel1.win32_1.0.200.202406191623\tools\arm-none-eabi\include\c++\12.3.1\bits\stl_construct.h:94:5:) [with _Tp = pair<const APIDoIP::EDoIPRequest, const char*>; _Args = {const APIDoIP::EDoIPRequest&, const char* const&}]	32	static
C:\ST\STM32CubeIDE_1.16.0\STM32CubeIDE\plugins\com.st.stm32cube.ide.mcu.externaltools.gnu-tools-for-stm32.12.3.rel1.win32_1.0.200.202406191623\tools\arm-none-eabi\include\c++\12.3.1\bits\new_allocator.h:112:7:_Tp* std::__new_allocator<_Tp>::allocate(size_type, const void*) [with _Tp = std::__detail::_Hash_node<std::pair<const APIDoIP::EDoIPRequest, std::pair<std::variant<EUDSDID, EDynamicDataIndentifierRequestCode>, EECUAddress> >, false>]	24	static
C:\ST\STM32CubeIDE_1.16.0\STM32CubeIDE\plugins\com.st.stm32cube.ide.mcu.externaltools.gnu-tools-for-stm32.12.3.rel1.win32_1.0.200.202406191623\tools\arm-none-eabi\include\c++\12.3.1\bits\new_allocator.h:112:7:_Tp* std::__new_allocator<_Tp>::allocate(size_type, const void*) [with _Tp = std::__detail::_Hash_node<std::pair<const APIDoIP::EDoIPRequest, const char*>, false>]	24	static
C:\ST\STM32CubeIDE_1.16.0\STM32CubeIDE\plugins\com.st.stm32cube.ide.mcu.externaltools.gnu-tools-for-stm32.12.3.rel1.win32_1.0.200.202406191623\tools\bin/../lib/gcc/arm-none-eabi/12.3.1/../../../../arm-none-eabi/include/c++/12.3.1/bits/stl_pair.h:269:7:constexpr std::pair<_T1, _T2>::pair(const _T1&, const _T2&) requires  _S_constructible<const _T1&, const _T2&>() [with _T1 = const APIDoIP::EDoIPRequest; _T2 = const char*]	24	static
C:\ST\STM32CubeIDE_1.16.0\STM32CubeIDE\plugins\com.st.stm32cube.ide.mcu.externaltools.gnu-tools-for-stm32.12.3.rel1.win32_1.0.200.202406191623\tools\arm-none-eabi\include\c++\12.3.1\bits\new_allocator.h:210:7:constexpr std::__new_allocator<_Tp>::size_type std::__new_allocator<_Tp>::_M_max_size() const [with _Tp = std::__detail::_Hash_node<std::pair<const APIDoIP::EDoIPRequest, std::pair<std::variant<EUDSDID, EDynamicDataIndentifierRequestCode>, EECUAddress> >, false>]	16	static
C:\ST\STM32CubeIDE_1.16.0\STM32CubeIDE\plugins\com.st.stm32cube.ide.mcu.externaltools.gnu-tools-for-stm32.12.3.rel1.win32_1.0.200.202406191623\tools\arm-none-eabi\include\c++\12.3.1\bits\new_allocator.h:210:7:constexpr std::__new_allocator<_Tp>::size_type std::__new_allocator<_Tp>::_M_max_size() const [with _Tp = std::__detail::_Hash_node<std::pair<const APIDoIP::EDoIPRequest, const char*>, false>]	16	static
C:\ST\STM32CubeIDE_1.16.0\STM32CubeIDE\plugins\com.st.stm32cube.ide.mcu.externaltools.gnu-tools-for-stm32.12.3.rel1.win32_1.0.200.202406191623\tools\arm-none-eabi\include\c++\12.3.1\bits\unordered_map.h:102:11:std::unordered_map<APIDoIP::EDoIPRequest, const char*>::~unordered_map()	16	static
C:\ST\STM32CubeIDE_1.16.0\STM32CubeIDE\plugins\com.st.stm32cube.ide.mcu.externaltools.gnu-tools-for-stm32.12.3.rel1.win32_1.0.200.202406191623\tools\arm-none-eabi\include\c++\12.3.1\bits\unordered_map.h:102:11:std::unordered_map<APIDoIP::EDoIPRequest, std::pair<std::variant<EUDSDID, EDynamicDataIndentifierRequestCode>, EECUAddress> >::~unordered_map()	16	static
../Application/User/Core/main.cpp:439:1:void __static_initialization_and_destruction_0(int, int)	432	static
../Application/User/Core/main.cpp:439:1:cpp)	8	static
../Application/User/Core/main.cpp:439:1:cpp)	8	static
