C:/Users/jakub/Desktop/Praca_inz/stm32_workspace/ediabasdiagnoser/CM4/Core/Src/stm32h7xx_it.c:71:6:NMI_Handler	4	static
C:/Users/jakub/Desktop/Praca_inz/stm32_workspace/ediabasdiagnoser/CM4/Core/Src/stm32h7xx_it.c:86:6:HardFault_Handler	4	static
C:/Users/jakub/Desktop/Praca_inz/stm32_workspace/ediabasdiagnoser/CM4/Core/Src/stm32h7xx_it.c:101:6:MemManage_Handler	4	static
C:/Users/jakub/Desktop/Praca_inz/stm32_workspace/ediabasdiagnoser/CM4/Core/Src/stm32h7xx_it.c:116:6:BusFault_Handler	4	static
C:/Users/jakub/Desktop/Praca_inz/stm32_workspace/ediabasdiagnoser/CM4/Core/Src/stm32h7xx_it.c:131:6:UsageFault_Handler	4	static
C:/Users/jakub/Desktop/Praca_inz/stm32_workspace/ediabasdiagnoser/CM4/Core/Src/stm32h7xx_it.c:146:6:DebugMon_Handler	4	static
C:/Users/jakub/Desktop/Praca_inz/stm32_workspace/ediabasdiagnoser/CM4/Core/Src/stm32h7xx_it.c:166:6:TIM6_DAC_IRQHandler	8	static
C:/Users/jakub/Desktop/Praca_inz/stm32_workspace/ediabasdiagnoser/CM4/Core/Src/stm32h7xx_it.c:180:6:HSEM2_IRQHandler	8	static
