C:\ST\STM32CubeIDE_1.16.0\STM32CubeIDE\plugins\com.st.stm32cube.ide.mcu.externaltools.gnu-tools-for-stm32.12.3.rel1.win32_1.0.200.202406191623\tools\arm-none-eabi\include\c++\12.3.1\bits\std_function.h:267:7:), _Functor>::_M_manager(std::_Any_data&, const std::_Any_data&, std::_Manager_operation) [with _Res = void; _Functor = EdiabasDaemonProxyTask::process()::<lambda(EEventType, UMessageData, EEventClient)>; _ArgTypes = {EEventType, UMessageData, EEventClient}]	0	static
../Application/User/EdiabasDaemonProxy/src/EdiabasDaemonProxyTask.cpp:19:1:EdiabasDaemonProxyTask::EdiabasDaemonProxyTask()	8	static
../Application/User/EdiabasDaemonProxy/src/EdiabasDaemonProxyTask.cpp:21:6:void EdiabasDaemonProxyTask::OnEvent(EEventType, UMessageData, EEventClient)	8	static
C:\ST\STM32CubeIDE_1.16.0\STM32CubeIDE\plugins\com.st.stm32cube.ide.mcu.externaltools.gnu-tools-for-stm32.12.3.rel1.win32_1.0.200.202406191623\tools\arm-none-eabi\include\c++\12.3.1\bits\std_function.h:288:7:) [with _Res = void; _Functor = EdiabasDaemonProxyTask::process()::<lambda(EEventType, UMessageData, EEventClient)>; _ArgTypes = {EEventType, UMessageData, EEventClient}]	56	static
../Application/User/EdiabasDaemonProxy/src/EdiabasDaemonProxyTask.cpp:41:6:void EdiabasDaemonProxyTask::process()	48	static
../Application/User/EdiabasDaemonProxy/src/EdiabasDaemonProxyTask.cpp:7:6:void StartTask_EDaemonP(void*)	24	static
