../Application/User/Calc/tinyexpr/tinyexpr.c:125:15:pi	0	static
../Application/User/Calc/tinyexpr/tinyexpr.c:126:15:e	0	static
../Application/User/Calc/tinyexpr/tinyexpr.c:231:15:add	0	static
../Application/User/Calc/tinyexpr/tinyexpr.c:232:15:sub	0	static
../Application/User/Calc/tinyexpr/tinyexpr.c:233:15:mul	0	static
../Application/User/Calc/tinyexpr/tinyexpr.c:234:15:divide	0	static
../Application/User/Calc/tinyexpr/tinyexpr.c:235:15:negate	0	static
../Application/User/Calc/tinyexpr/tinyexpr.c:236:15:comma	0	static
../Application/User/Calc/tinyexpr/tinyexpr.c:87:17:new_expr	32	static
../Application/User/Calc/tinyexpr/tinyexpr.c:706:13:pn	24	static
../Application/User/Calc/tinyexpr/tinyexpr.c:127:15:fac	0	static
../Application/User/Calc/tinyexpr/tinyexpr.c:141:15:ncr	16	static
../Application/User/Calc/tinyexpr/tinyexpr.c:155:15:npr	8	static
../Application/User/Calc/tinyexpr/tinyexpr.c:118:6:te_free	8	static
../Application/User/Calc/tinyexpr/tinyexpr.c:104:6:te_free_parameters	8	static
../Application/User/Calc/tinyexpr/tinyexpr.c:239:6:next_token	48	static
../Application/User/Calc/tinyexpr/tinyexpr.c:549:17:expr	40	static
../Application/User/Calc/tinyexpr/tinyexpr.c:571:17:list	32	static
../Application/User/Calc/tinyexpr/tinyexpr.c:310:17:base	24	static
../Application/User/Calc/tinyexpr/tinyexpr.c:422:17:power	32	static
../Application/User/Calc/tinyexpr/tinyexpr.c:503:17:factor	32	static
../Application/User/Calc/tinyexpr/tinyexpr.c:527:17:term	40	static
../Application/User/Calc/tinyexpr/tinyexpr.c:596:8:te_eval	64	static
../Application/User/Calc/tinyexpr/tinyexpr.c:639:13:optimize	32	static
../Application/User/Calc/tinyexpr/tinyexpr.c:665:10:te_compile	56	static
../Application/User/Calc/tinyexpr/tinyexpr.c:693:8:te_interp	16	static
../Application/User/Calc/tinyexpr/tinyexpr.c:732:6:te_print	0	static
