Archive member included to satisfy reference by file (symbol)

C:/ST/STM32CubeIDE_1.16.0/STM32CubeIDE/plugins/com.st.stm32cube.ide.mcu.externaltools.gnu-tools-for-stm32.12.3.rel1.win32_1.0.200.202406191623/tools/bin/../lib/gcc/arm-none-eabi/12.3.1/../../../../arm-none-eabi/lib/thumb/v7e-m+fp/hard\libstdc++_nano.a(del_ops.o)
                              ./Application/User/EventManagerCM4/src/EventManagerCM4Task.o (operator delete(void*, unsigned int))
C:/ST/STM32CubeIDE_1.16.0/STM32CubeIDE/plugins/com.st.stm32cube.ide.mcu.externaltools.gnu-tools-for-stm32.12.3.rel1.win32_1.0.200.202406191623/tools/bin/../lib/gcc/arm-none-eabi/12.3.1/../../../../arm-none-eabi/lib/thumb/v7e-m+fp/hard\libstdc++_nano.a(new_op.o)
                              ./Application/User/EventManagerCM4/src/EventManagerCM4Task.o (operator new(unsigned int))
C:/ST/STM32CubeIDE_1.16.0/STM32CubeIDE/plugins/com.st.stm32cube.ide.mcu.externaltools.gnu-tools-for-stm32.12.3.rel1.win32_1.0.200.202406191623/tools/bin/../lib/gcc/arm-none-eabi/12.3.1/../../../../arm-none-eabi/lib/thumb/v7e-m+fp/hard\libstdc++_nano.a(tree.o)
                              ./Application/User/EventManagerCM4/src/EventManagerCM4Task.o (std::_Rb_tree_increment(std::_Rb_tree_node_base*))
C:/ST/STM32CubeIDE_1.16.0/STM32CubeIDE/plugins/com.st.stm32cube.ide.mcu.externaltools.gnu-tools-for-stm32.12.3.rel1.win32_1.0.200.202406191623/tools/bin/../lib/gcc/arm-none-eabi/12.3.1/../../../../arm-none-eabi/lib/thumb/v7e-m+fp/hard\libstdc++_nano.a(functexcept.o)
                              ./Application/User/EventManagerCM4/src/EventManagerCM4Task.o (std::__throw_bad_alloc())
C:/ST/STM32CubeIDE_1.16.0/STM32CubeIDE/plugins/com.st.stm32cube.ide.mcu.externaltools.gnu-tools-for-stm32.12.3.rel1.win32_1.0.200.202406191623/tools/bin/../lib/gcc/arm-none-eabi/12.3.1/../../../../arm-none-eabi/lib/thumb/v7e-m+fp/hard\libstdc++_nano.a(functional.o)
                              ./Application/User/EventManagerCM4/src/EventBusManager.o (std::__throw_bad_function_call())
C:/ST/STM32CubeIDE_1.16.0/STM32CubeIDE/plugins/com.st.stm32cube.ide.mcu.externaltools.gnu-tools-for-stm32.12.3.rel1.win32_1.0.200.202406191623/tools/bin/../lib/gcc/arm-none-eabi/12.3.1/../../../../arm-none-eabi/lib/thumb/v7e-m+fp/hard\libstdc++_nano.a(del_op.o)
                              C:/ST/STM32CubeIDE_1.16.0/STM32CubeIDE/plugins/com.st.stm32cube.ide.mcu.externaltools.gnu-tools-for-stm32.12.3.rel1.win32_1.0.200.202406191623/tools/bin/../lib/gcc/arm-none-eabi/12.3.1/../../../../arm-none-eabi/lib/thumb/v7e-m+fp/hard\libstdc++_nano.a(del_ops.o) (operator delete(void*))
C:/ST/STM32CubeIDE_1.16.0/STM32CubeIDE/plugins/com.st.stm32cube.ide.mcu.externaltools.gnu-tools-for-stm32.12.3.rel1.win32_1.0.200.202406191623/tools/bin/../lib/gcc/arm-none-eabi/12.3.1/../../../../arm-none-eabi/lib/thumb/v7e-m+fp/hard\libstdc++_nano.a(eh_exception.o)
                              C:/ST/STM32CubeIDE_1.16.0/STM32CubeIDE/plugins/com.st.stm32cube.ide.mcu.externaltools.gnu-tools-for-stm32.12.3.rel1.win32_1.0.200.202406191623/tools/bin/../lib/gcc/arm-none-eabi/12.3.1/../../../../arm-none-eabi/lib/thumb/v7e-m+fp/hard\libstdc++_nano.a(functional.o) (std::exception::~exception())
C:/ST/STM32CubeIDE_1.16.0/STM32CubeIDE/plugins/com.st.stm32cube.ide.mcu.externaltools.gnu-tools-for-stm32.12.3.rel1.win32_1.0.200.202406191623/tools/bin/../lib/gcc/arm-none-eabi/12.3.1/../../../../arm-none-eabi/lib/thumb/v7e-m+fp/hard\libstdc++_nano.a(new_handler.o)
                              C:/ST/STM32CubeIDE_1.16.0/STM32CubeIDE/plugins/com.st.stm32cube.ide.mcu.externaltools.gnu-tools-for-stm32.12.3.rel1.win32_1.0.200.202406191623/tools/bin/../lib/gcc/arm-none-eabi/12.3.1/../../../../arm-none-eabi/lib/thumb/v7e-m+fp/hard\libstdc++_nano.a(new_op.o) (std::get_new_handler())
C:/ST/STM32CubeIDE_1.16.0/STM32CubeIDE/plugins/com.st.stm32cube.ide.mcu.externaltools.gnu-tools-for-stm32.12.3.rel1.win32_1.0.200.202406191623/tools/bin/../lib/gcc/arm-none-eabi/12.3.1/../../../../arm-none-eabi/lib/thumb/v7e-m+fp/hard\libstdc++_nano.a(si_class_type_info.o)
                              C:/ST/STM32CubeIDE_1.16.0/STM32CubeIDE/plugins/com.st.stm32cube.ide.mcu.externaltools.gnu-tools-for-stm32.12.3.rel1.win32_1.0.200.202406191623/tools/bin/../lib/gcc/arm-none-eabi/12.3.1/../../../../arm-none-eabi/lib/thumb/v7e-m+fp/hard\libstdc++_nano.a(functional.o) (vtable for __cxxabiv1::__si_class_type_info)
C:/ST/STM32CubeIDE_1.16.0/STM32CubeIDE/plugins/com.st.stm32cube.ide.mcu.externaltools.gnu-tools-for-stm32.12.3.rel1.win32_1.0.200.202406191623/tools/bin/../lib/gcc/arm-none-eabi/12.3.1/../../../../arm-none-eabi/lib/thumb/v7e-m+fp/hard\libstdc++_nano.a(tinfo.o)
                              C:/ST/STM32CubeIDE_1.16.0/STM32CubeIDE/plugins/com.st.stm32cube.ide.mcu.externaltools.gnu-tools-for-stm32.12.3.rel1.win32_1.0.200.202406191623/tools/bin/../lib/gcc/arm-none-eabi/12.3.1/../../../../arm-none-eabi/lib/thumb/v7e-m+fp/hard\libstdc++_nano.a(si_class_type_info.o) (std::type_info::__is_pointer_p() const)
[...]
Memory Configuration

Name             Origin             Length             Attributes
FLASH            0x08100000         0x00100000         xr
RAM              0x10000000         0x00048000         xrw
RAM_D3           0x38000000         0x00010000         xrw
*default*        0x00000000         0xffffffff

Linker script and memory map

LOAD C:/ST/STM32CubeIDE_1.16.0/STM32CubeIDE/plugins/com.st.stm32cube.ide.mcu.externaltools.gnu-tools-for-stm32.12.3.rel1.win32_1.0.200.202406191623/tools/bin/../lib/gcc/arm-none-eabi/12.3.1/thumb/v7e-m+fp/hard/crti.o
LOAD C:/ST/STM32CubeIDE_1.16.0/STM32CubeIDE/plugins/com.st.stm32cube.ide.mcu.externaltools.gnu-tools-for-stm32.12.3.rel1.win32_1.0.200.202406191623/tools/bin/../lib/gcc/arm-none-eabi/12.3.1/thumb/v7e-m+fp/hard/crtbegin.o
LOAD C:/ST/STM32CubeIDE_1.16.0/STM32CubeIDE/plugins/com.st.stm32cube.ide.mcu.externaltools.gnu-tools-for-stm32.12.3.rel1.win32_1.0.200.202406191623/tools/bin/../lib/gcc/arm-none-eabi/12.3.1/../../../../arm-none-eabi/lib/thumb/v7e-m+fp/hard/crt0.o
LOAD ./Application/User/Core/cm_ipc.o
LOAD ./Application/User/Core/freertos.o
LOAD ./Application/User/Core/main.o
LOAD ./Application/User/Core/stm32h7xx_hal_msp.o
LOAD ./Application/User/Core/stm32h7xx_hal_timebase_tim.o
LOAD ./Application/User/Core/stm32h7xx_it.o
LOAD ./Application/User/Core/syscalls.o
LOAD ./Application/User/Core/sysmem.o
LOAD ./Application/User/EdiabasDaemonNative/src/EdiabasDaemonNativeTask.o
LOAD ./Application/User/EventManagerCM4/src/EventBusManager.o
LOAD ./Application/User/EventManagerCM4/src/EventManagerCM4Task.o
LOAD ./Application/User/Startup/startup_stm32h747xihx.o
LOAD ./Drivers/CMSIS/system_stm32h7xx_dualcore_boot_cm4_cm7.o
LOAD ./Drivers/STM32H7xx_HAL_Driver/stm32h7xx_hal.o
LOAD ./Drivers/STM32H7xx_HAL_Driver/stm32h7xx_hal_cortex.o
LOAD ./Drivers/STM32H7xx_HAL_Driver/stm32h7xx_hal_dma.o
LOAD ./Drivers/STM32H7xx_HAL_Driver/stm32h7xx_hal_dma_ex.o
LOAD ./Drivers/STM32H7xx_HAL_Driver/stm32h7xx_hal_exti.o
LOAD ./Drivers/STM32H7xx_HAL_Driver/stm32h7xx_hal_flash.o
LOAD ./Drivers/STM32H7xx_HAL_Driver/stm32h7xx_hal_flash_ex.o
LOAD ./Drivers/STM32H7xx_HAL_Driver/stm32h7xx_hal_gpio.o
LOAD ./Drivers/STM32H7xx_HAL_Driver/stm32h7xx_hal_hsem.o
LOAD ./Drivers/STM32H7xx_HAL_Driver/stm32h7xx_hal_i2c.o
LOAD ./Drivers/STM32H7xx_HAL_Driver/stm32h7xx_hal_i2c_ex.o
LOAD ./Drivers/STM32H7xx_HAL_Driver/stm32h7xx_hal_mdma.o
LOAD ./Drivers/STM32H7xx_HAL_Driver/stm32h7xx_hal_pwr.o
LOAD ./Drivers/STM32H7xx_HAL_Driver/stm32h7xx_hal_pwr_ex.o
LOAD ./Drivers/STM32H7xx_HAL_Driver/stm32h7xx_hal_rcc.o
LOAD ./Drivers/STM32H7xx_HAL_Driver/stm32h7xx_hal_rcc_ex.o
LOAD ./Drivers/STM32H7xx_HAL_Driver/stm32h7xx_hal_tim.o
LOAD ./Drivers/STM32H7xx_HAL_Driver/stm32h7xx_hal_tim_ex.o
LOAD ./Drivers/STM32H7xx_HAL_Driver/stm32h7xx_hal_uart.o
LOAD ./Drivers/STM32H7xx_HAL_Driver/stm32h7xx_hal_uart_ex.o
LOAD ./Middlewares/FreeRTOS/cmsis_os2.o
LOAD ./Middlewares/FreeRTOS/croutine.o
LOAD ./Middlewares/FreeRTOS/event_groups.o
LOAD ./Middlewares/FreeRTOS/heap_4.o
LOAD ./Middlewares/FreeRTOS/list.o
LOAD ./Middlewares/FreeRTOS/port.o
LOAD ./Middlewares/FreeRTOS/queue.o
LOAD ./Middlewares/FreeRTOS/stream_buffer.o
LOAD ./Middlewares/FreeRTOS/tasks.o
LOAD ./Middlewares/FreeRTOS/timers.o
START GROUP
LOAD C:/ST/STM32CubeIDE_1.16.0/STM32CubeIDE/plugins/com.st.stm32cube.ide.mcu.externaltools.gnu-tools-for-stm32.12.3.rel1.win32_1.0.200.202406191623/tools/bin/../lib/gcc/arm-none-eabi/12.3.1/../../../../arm-none-eabi/lib/thumb/v7e-m+fp/hard\libstdc++_nano.a
LOAD C:/ST/STM32CubeIDE_1.16.0/STM32CubeIDE/plugins/com.st.stm32cube.ide.mcu.externaltools.gnu-tools-for-stm32.12.3.rel1.win32_1.0.200.202406191623/tools/bin/../lib/gcc/arm-none-eabi/12.3.1/../../../../arm-none-eabi/lib/thumb/v7e-m+fp/hard\libsupc++_nano.a
END GROUP
LOAD C:/ST/STM32CubeIDE_1.16.0/STM32CubeIDE/plugins/com.st.stm32cube.ide.mcu.externaltools.gnu-tools-for-stm32.12.3.rel1.win32_1.0.200.202406191623/tools/bin/../lib/gcc/arm-none-eabi/12.3.1/../../../../arm-none-eabi/lib/thumb/v7e-m+fp/hard\libstdc++_nano.a
LOAD C:/ST/STM32CubeIDE_1.16.0/STM32CubeIDE/plugins/com.st.stm32cube.ide.mcu.externaltools.gnu-tools-for-stm32.12.3.rel1.win32_1.0.200.202406191623/tools/bin/../lib/gcc/arm-none-eabi/12.3.1/../../../../arm-none-eabi/lib/thumb/v7e-m+fp/hard\libm.a
LOAD C:/ST/STM32CubeIDE_1.16.0/STM32CubeIDE/plugins/com.st.stm32cube.ide.mcu.externaltools.gnu-tools-for-stm32.12.3.rel1.win32_1.0.200.202406191623/tools/bin/../lib/gcc/arm-none-eabi/12.3.1/../../../../arm-none-eabi/lib/thumb/v7e-m+fp/hard\libc_nano.a
START GROUP
LOAD C:/ST/STM32CubeIDE_1.16.0/STM32CubeIDE/plugins/com.st.stm32cube.ide.mcu.externaltools.gnu-tools-for-stm32.12.3.rel1.win32_1.0.200.202406191623/tools/bin/../lib/gcc/arm-none-eabi/12.3.1/thumb/v7e-m+fp/hard\libgcc.a
LOAD C:/ST/STM32CubeIDE_1.16.0/STM32CubeIDE/plugins/com.st.stm32cube.ide.mcu.externaltools.gnu-tools-for-stm32.12.3.rel1.win32_1.0.200.202406191623/tools/bin/../lib/gcc/arm-none-eabi/12.3.1/../../../../arm-none-eabi/lib/thumb/v7e-m+fp/hard\libc_nano.a
END GROUP
START GROUP
LOAD C:/ST/STM32CubeIDE_1.16.0/STM32CubeIDE/plugins/com.st.stm32cube.ide.mcu.externaltools.gnu-tools-for-stm32.12.3.rel1.win32_1.0.200.202406191623/tools/bin/../lib/gcc/arm-none-eabi/12.3.1/thumb/v7e-m+fp/hard\libgcc.a
LOAD C:/ST/STM32CubeIDE_1.16.0/STM32CubeIDE/plugins/com.st.stm32cube.ide.mcu.externaltools.gnu-tools-for-stm32.12.3.rel1.win32_1.0.200.202406191623/tools/bin/../lib/gcc/arm-none-eabi/12.3.1/../../../../arm-none-eabi/lib/thumb/v7e-m+fp/hard\libc_nano.a
LOAD C:/ST/STM32CubeIDE_1.16.0/STM32CubeIDE/plugins/com.st.stm32cube.ide.mcu.externaltools.gnu-tools-for-stm32.12.3.rel1.win32_1.0.200.202406191623/tools/bin/../lib/gcc/arm-none-eabi/12.3.1/../../../../arm-none-eabi/lib/thumb/v7e-m+fp/hard\libnosys.a
END GROUP
START GROUP
LOAD C:/ST/STM32CubeIDE_1.16.0/STM32CubeIDE/plugins/com.st.stm32cube.ide.mcu.externaltools.gnu-tools-for-stm32.12.3.rel1.win32_1.0.200.202406191623/tools/bin/../lib/gcc/arm-none-eabi/12.3.1/thumb/v7e-m+fp/hard\libgcc.a
LOAD C:/ST/STM32CubeIDE_1.16.0/STM32CubeIDE/plugins/com.st.stm32cube.ide.mcu.externaltools.gnu-tools-for-stm32.12.3.rel1.win32_1.0.200.202406191623/tools/bin/../lib/gcc/arm-none-eabi/12.3.1/../../../../arm-none-eabi/lib/thumb/v7e-m+fp/hard\libc_nano.a
LOAD C:/ST/STM32CubeIDE_1.16.0/STM32CubeIDE/plugins/com.st.stm32cube.ide.mcu.externaltools.gnu-tools-for-stm32.12.3.rel1.win32_1.0.200.202406191623/tools/bin/../lib/gcc/arm-none-eabi/12.3.1/../../../../arm-none-eabi/lib/thumb/v7e-m+fp/hard\libnosys.a
END GROUP
LOAD C:/ST/STM32CubeIDE_1.16.0/STM32CubeIDE/plugins/com.st.stm32cube.ide.mcu.externaltools.gnu-tools-for-stm32.12.3.rel1.win32_1.0.200.202406191623/tools/bin/../lib/gcc/arm-none-eabi/12.3.1/thumb/v7e-m+fp/hard/crtend.o
LOAD C:/ST/STM32CubeIDE_1.16.0/STM32CubeIDE/plugins/com.st.stm32cube.ide.mcu.externaltools.gnu-tools-for-stm32.12.3.rel1.win32_1.0.200.202406191623/tools/bin/../lib/gcc/arm-none-eabi/12.3.1/thumb/v7e-m+fp/hard/crtn.o
                0x10048000                        _estack = (ORIGIN (RAM) + LENGTH (RAM))
                0x00001000                        _Min_Heap_Size = 0x1000
                0x00001000                        _Min_Stack_Size = 0x1000

.isr_vector     0x08100000      0x298
                0x08100000                        . = ALIGN (0x4)
 *(.isr_vector)
 .isr_vector    0x08100000      0x298 ./Application/User/Startup/startup_stm32h747xihx.o
                0x08100000                g_pfnVectors
                0x08100298                        . = ALIGN (0x4)

.shared_ram     0x38000000      0xbf0
 *(.shared_ram)
 .shared_ram    0x38000000      0xbf0 ./Application/User/Core/cm_ipc.o

.text           0x081002a0     0x7b5c
                0x081002a0                        . = ALIGN (0x4)
 *(.text)
 .text          0x081002a0       0x40 C:/ST/STM32CubeIDE_1.16.0/STM32CubeIDE/plugins/com.st.stm32cube.ide.mcu.externaltools.gnu-tools-for-stm32.12.3.rel1.win32_1.0.200.202406191623/tools/bin/../lib/gcc/arm-none-eabi/12.3.1/thumb/v7e-m+fp/hard/crtbegin.o
 *(.text*)
 .text.HAL_HSEM_FreeCallback
                0x081002e0       0x28 ./Application/User/Core/cm_ipc.o
                0x081002e0                HAL_HSEM_FreeCallback
 .text.ipc_init
                0x08100308       0x38 ./Application/User/Core/cm_ipc.o
                0x08100308                ipc_init
 .text.ipc_start
                0x08100340       0x22 ./Application/User/Core/cm_ipc.o
                0x08100340                ipc_start
 *fill*         0x08100362        0x2 
 .text.prvCoreInterruptHandler
                0x08100364       0x7c ./Application/User/Core/cm_ipc.o
 .text.vGenerateRemoteInterrupt
                0x081003e0       0x6c ./Application/User/Core/cm_ipc.o
                0x081003e0                vGenerateRemoteInterrupt
 .text.ipc_sendmsg
                0x0810044c       0x7c ./Application/User/Core/cm_ipc.o
                0x0810044c                ipc_sendmsg
 .text.ipc_recvmsg
                0x081004c8       0x70 ./Application/User/Core/cm_ipc.o
                0x081004c8                ipc_recvmsg
 .text.main     0x08100538       0xc4 ./Application/User/Core/main.o
                0x08100538                main
 .text._ZL12MX_MDMA_Initv
                0x081005fc       0x34 ./Application/User/Core/main.o
 .text.HAL_TIM_PeriodElapsedCallback
                0x08100630       0x24 ./Application/User/Core/main.o
                0x08100630                HAL_TIM_PeriodElapsedCallback
 .text.Error_Handler
                0x08100654        0xc ./Application/User/Core/main.o
                0x08100654                Error_Handler
 .text._Z41__static_initialization_and_destruction_0ii
                0x08100660       0x4c ./Application/User/Core/main.o
 .text._GLOBAL__sub_I_huart1
                0x081006ac       0x10 ./Application/User/Core/main.o
 .text.HAL_MspInit
                0x081006bc       0x4c ./Application/User/Core/stm32h7xx_hal_msp.o
                0x081006bc                HAL_MspInit
 .text.HAL_InitTick
                0x08100708       0xd8 ./Application/User/Core/stm32h7xx_hal_timebase_tim.o
                0x08100708                HAL_InitTick
 .text.NMI_Handler
                0x081007e0        0x8 ./Application/User/Core/stm32h7xx_it.o
                0x081007e0                NMI_Handler
 .text.HardFault_Handler
                0x081007e8        0x8 ./Application/User/Core/stm32h7xx_it.o
                0x081007e8                HardFault_Handler
 .text.MemManage_Handler
                0x081007f0        0x8 ./Application/User/Core/stm32h7xx_it.o
                0x081007f0                MemManage_Handler
 .text.BusFault_Handler
                0x081007f8        0x8 ./Application/User/Core/stm32h7xx_it.o
                0x081007f8                BusFault_Handler
 .text.UsageFault_Handler
                0x08100800        0x8 ./Application/User/Core/stm32h7xx_it.o
                0x08100800                UsageFault_Handler
 .text.DebugMon_Handler
                0x08100808        0xe ./Application/User/Core/stm32h7xx_it.o
                0x08100808                DebugMon_Handler
 *fill*         0x08100816        0x2 
 .text.TIM6_DAC_IRQHandler
                0x08100818       0x14 ./Application/User/Core/stm32h7xx_it.o
                0x08100818                TIM6_DAC_IRQHandler
 .text.HSEM2_IRQHandler
                0x0810082c        0xc ./Application/User/Core/stm32h7xx_it.o
                0x0810082c                HSEM2_IRQHandler
 .text._getpid  0x08100838       0x10 ./Application/User/Core/syscalls.o
                0x08100838                _getpid
 .text._kill    0x08100848       0x20 ./Application/User/Core/syscalls.o
                0x08100848                _kill
 .text._exit    0x08100868       0x16 ./Application/User/Core/syscalls.o
                0x08100868                _exit
 *fill*         0x0810087e        0x2 
 .text._sbrk    0x08100880       0x6c ./Application/User/Core/sysmem.o
                0x08100880                _sbrk
 .text._ZnwjPv  0x081008ec       0x18 ./Application/User/EdiabasDaemonNative/src/EdiabasDaemonNativeTask.o
                0x081008ec                operator new(unsigned int, void*)
 .text._ZNSt9_Any_data9_M_accessEv
                0x08100904       0x16 ./Application/User/EdiabasDaemonNative/src/EdiabasDaemonNativeTask.o
                0x08100904                std::_Any_data::_M_access()
 .text._ZNKSt9_Any_data9_M_accessEv
                0x0810091a       0x16 ./Application/User/EdiabasDaemonNative/src/EdiabasDaemonNativeTask.o
                0x0810091a                std::_Any_data::_M_access() const
 .text._ZNSt14_Function_baseD2Ev
                0x08100930       0x26 ./Application/User/EdiabasDaemonNative/src/EdiabasDaemonNativeTask.o
                0x08100930                std::_Function_base::~_Function_base()
                0x08100930                std::_Function_base::~_Function_base()
 .text.StartTask_EDaemonN
                0x08100956       0x2a ./Application/User/EdiabasDaemonNative/src/EdiabasDaemonNativeTask.o
                0x08100956                StartTask_EDaemonN
 .text._ZN23EdiabasDaemonNativeTaskC2Ev
                0x08100980       0x24 ./Application/User/EdiabasDaemonNative/src/EdiabasDaemonNativeTask.o
                0x08100980                EdiabasDaemonNativeTask::EdiabasDaemonNativeTask()
                0x08100980                EdiabasDaemonNativeTask::EdiabasDaemonNativeTask()
 .text._ZN23EdiabasDaemonNativeTask7OnEventE10EEventType12UMessageData12EEventClient
                0x081009a4       0x26 ./Application/User/EdiabasDaemonNative/src/EdiabasDaemonNativeTask.o
                0x081009a4                EdiabasDaemonNativeTask::OnEvent(EEventType, UMessageData, EEventClient)
 .text._ZZN23EdiabasDaemonNativeTask7processEvENKUl10EEventType12UMessageData12EEventClientE_clES0_S1_S2_
                0x081009ca       0x4c ./Application/User/EdiabasDaemonNative/src/EdiabasDaemonNativeTask.o
 .text._ZNSt8functionIFv10EEventType12UMessageData12EEventClientEED2Ev
                0x08100a16       0x1a ./Application/User/EdiabasDaemonNative/src/EdiabasDaemonNativeTask.o
                0x08100a16                std::function<void (EEventType, UMessageData, EEventClient)>::~function()
                0x08100a16                std::function<void (EEventType, UMessageData, EEventClient)>::~function()
 .text._ZN23EdiabasDaemonNativeTask7processEv
                0x08100a30       0x66 ./Application/User/EdiabasDaemonNative/src/EdiabasDaemonNativeTask.o
                0x08100a30                EdiabasDaemonNativeTask::process()
 .text._ZNSt14_Function_baseC2Ev
                0x08100a96       0x26 ./Application/User/EdiabasDaemonNative/src/EdiabasDaemonNativeTask.o
                0x08100a96                std::_Function_base::_Function_base()
                0x08100a96                std::_Function_base::_Function_base()
 .text._ZNSt8functionIFv10EEventType12UMessageData12EEventClientEEC2IZN23EdiabasDaemonNativeTask7processEvEUlS0_S1_S2_E_vEEOT_
                0x08100abc       0x60 ./Application/User/EdiabasDaemonNative/src/EdiabasDaemonNativeTask.o
 .text._ZNSt14_Function_base13_Base_managerIZN23EdiabasDaemonNativeTask7processEvEUl10EEventType12UMessageData12EEventClientE_E21_M_not_empty_functionIS5_EEbRKT_
                0x08100b1c       0x16 ./Application/User/EdiabasDaemonNative/src/EdiabasDaemonNativeTask.o
 .text._ZSt7forwardIZN23EdiabasDaemonNativeTask7processEvEUl10EEventType12UMessageData12EEventClientE_EOT_RNSt16remove_referenceIS5_E4typeE
                0x08100b32       0x16 ./Application/User/EdiabasDaemonNative/src/EdiabasDaemonNativeTask.o
 .text._ZNSt14_Function_base13_Base_managerIZN23EdiabasDaemonNativeTask7processEvEUl10EEventType12UMessageData12EEventClientE_E15_M_init_functorIS5_EEvRSt9_Any_dataOT_
                0x08100b48       0x24 ./Application/User/EdiabasDaemonNative/src/EdiabasDaemonNativeTask.o
 .text._ZNSt17_Function_handlerIFv10EEventType12UMessageData12EEventClientEZN23EdiabasDaemonNativeTask7processEvEUlS0_S1_S2_E_E9_M_invokeERKSt9_Any_dataOS0_OS1_OS2_
                0x08100b6c       0x40 ./Application/User/EdiabasDaemonNative/src/EdiabasDaemonNativeTask.o
 .text._ZNSt17_Function_handlerIFv10EEventType12UMessageData12EEventClientEZN23EdiabasDaemonNativeTask7processEvEUlS0_S1_S2_E_E10_M_managerERSt9_Any_dataRKS7_St18_Manager_operation
                0x08100bac       0x3e ./Application/User/EdiabasDaemonNative/src/EdiabasDaemonNativeTask.o
 .text._ZNSt14_Function_base13_Base_managerIZN23EdiabasDaemonNativeTask7processEvEUl10EEventType12UMessageData12EEventClientE_E9_M_createIS5_EEvRSt9_Any_dataOT_St17integral_constantIbLb1EE
                0x08100bea       0x32 ./Application/User/EdiabasDaemonNative/src/EdiabasDaemonNativeTask.o
 .text._ZNSt14_Function_base13_Base_managerIZN23EdiabasDaemonNativeTask7processEvEUl10EEventType12UMessageData12EEventClientE_E14_M_get_pointerERKSt9_Any_data
                0x08100c1c       0x22 ./Application/User/EdiabasDaemonNative/src/EdiabasDaemonNativeTask.o
 .text._ZSt7forwardI10EEventTypeEOT_RNSt16remove_referenceIS1_E4typeE
                0x08100c3e       0x16 ./Application/User/EdiabasDaemonNative/src/EdiabasDaemonNativeTask.o
                0x08100c3e                EEventType&& std::forward<EEventType>(std::remove_reference<EEventType>::type&)
 .text._ZSt7forwardI12UMessageDataEOT_RNSt16remove_referenceIS1_E4typeE
                0x08100c54       0x16 ./Application/User/EdiabasDaemonNative/src/EdiabasDaemonNativeTask.o
                0x08100c54                UMessageData&& std::forward<UMessageData>(std::remove_reference<UMessageData>::type&)
 .text._ZSt7forwardI12EEventClientEOT_RNSt16remove_referenceIS1_E4typeE
                0x08100c6a       0x16 ./Application/User/EdiabasDaemonNative/src/EdiabasDaemonNativeTask.o
                0x08100c6a                EEventClient&& std::forward<EEventClient>(std::remove_reference<EEventClient>::type&)
 .text._ZSt10__invoke_rIvRZN23EdiabasDaemonNativeTask7processEvEUl10EEventType12UMessageData12EEventClientE_JS1_S2_S3_EENSt9enable_ifIXsrSt6__and_IJSt7is_voidIT_ESt14__is_invocableIT0_JDpT1_EEEE5valueES9_E4typeEOSC_DpOSD_
                0x08100c80       0x48 ./Application/User/EdiabasDaemonNative/src/EdiabasDaemonNativeTask.o
 .text._ZNSt9_Any_data9_M_accessIPZN23EdiabasDaemonNativeTask7processEvEUl10EEventType12UMessageData12EEventClientE_EERT_v
                0x08100cc8       0x18 ./Application/User/EdiabasDaemonNative/src/EdiabasDaemonNativeTask.o
 .text._ZNSt14_Function_base13_Base_managerIZN23EdiabasDaemonNativeTask7processEvEUl10EEventType12UMessageData12EEventClientE_E10_M_managerERSt9_Any_dataRKS7_St18_Manager_operation
                0x08100ce0       0x74 ./Application/User/EdiabasDaemonNative/src/EdiabasDaemonNativeTask.o
 .text._ZNKSt9_Any_data9_M_accessIZN23EdiabasDaemonNativeTask7processEvEUl10EEventType12UMessageData12EEventClientE_EERKT_v
                0x08100d54       0x18 ./Application/User/EdiabasDaemonNative/src/EdiabasDaemonNativeTask.o
 .text._ZSt11__addressofIKZN23EdiabasDaemonNativeTask7processEvEUl10EEventType12UMessageData12EEventClientE_EPT_RS6_
                0x08100d6c       0x16 ./Application/User/EdiabasDaemonNative/src/EdiabasDaemonNativeTask.o
 .text._ZSt7forwardIRZN23EdiabasDaemonNativeTask7processEvEUl10EEventType12UMessageData12EEventClientE_EOT_RNSt16remove_referenceIS6_E4typeE
                0x08100d82       0x16 ./Application/User/EdiabasDaemonNative/src/EdiabasDaemonNativeTask.o
 .text._ZSt13__invoke_implIvRZN23EdiabasDaemonNativeTask7processEvEUl10EEventType12UMessageData12EEventClientE_JS1_S2_S3_EET_St14__invoke_otherOT0_DpOT1_
                0x08100d98       0x56 ./Application/User/EdiabasDaemonNative/src/EdiabasDaemonNativeTask.o
 .text._ZNSt9_Any_data9_M_accessIPKSt9type_infoEERT_v
                0x08100dee       0x18 ./Application/User/EdiabasDaemonNative/src/EdiabasDaemonNativeTask.o
                0x08100dee                std::type_info const*& std::_Any_data::_M_access<std::type_info const*>()
 .text._ZNSt14_Function_base13_Base_managerIZN23EdiabasDaemonNativeTask7processEvEUl10EEventType12UMessageData12EEventClientE_E15_M_init_functorIRKS5_EEvRSt9_Any_dataOT_
                0x08100e06       0x24 ./Application/User/EdiabasDaemonNative/src/EdiabasDaemonNativeTask.o
 .text._ZNSt14_Function_base13_Base_managerIZN23EdiabasDaemonNativeTask7processEvEUl10EEventType12UMessageData12EEventClientE_E10_M_destroyERSt9_Any_dataSt17integral_constantIbLb1EE
                0x08100e2a       0x18 ./Application/User/EdiabasDaemonNative/src/EdiabasDaemonNativeTask.o
 .text._ZSt7forwardIRKZN23EdiabasDaemonNativeTask7processEvEUl10EEventType12UMessageData12EEventClientE_EOT_RNSt16remove_referenceIS7_E4typeE
                0x08100e42       0x16 ./Application/User/EdiabasDaemonNative/src/EdiabasDaemonNativeTask.o
 .text._ZNSt14_Function_base13_Base_managerIZN23EdiabasDaemonNativeTask7processEvEUl10EEventType12UMessageData12EEventClientE_E9_M_createIRKS5_EEvRSt9_Any_dataOT_St17integral_constantIbLb1EE
                0x08100e58       0x32 ./Application/User/EdiabasDaemonNative/src/EdiabasDaemonNativeTask.o
 .text._ZNSt9_Any_data9_M_accessIZN23EdiabasDaemonNativeTask7processEvEUl10EEventType12UMessageData12EEventClientE_EERT_v
                0x08100e8a       0x18 ./Application/User/EdiabasDaemonNative/src/EdiabasDaemonNativeTask.o
 .text._ZNKSt14_Function_base8_M_emptyEv
                0x08100ea2       0x22 ./Application/User/EventManagerCM4/src/EventBusManager.o
                0x08100ea2                std::_Function_base::_M_empty() const
 .text._ZN15EventBusManagerC2EP15QueueDefinition12EEventClient
                0x08100ec4       0x34 ./Application/User/EventManagerCM4/src/EventBusManager.o
                0x08100ec4                EventBusManager::EventBusManager(QueueDefinition*, EEventClient)
                0x08100ec4                EventBusManager::EventBusManager(QueueDefinition*, EEventClient)
 .text._ZN15EventBusManager7receiveESt8functionIFv10EEventType12UMessageData12EEventClientEE
                0x08100ef8       0x64 ./Application/User/EventManagerCM4/src/EventBusManager.o
                0x08100ef8                EventBusManager::receive(std::function<void (EEventType, UMessageData, EEventClient)>)
 .text._ZNKSt8functionIFv10EEventType12UMessageData12EEventClientEEclES0_S1_S2_
                0x08100f5c       0x66 ./Application/User/EventManagerCM4/src/EventBusManager.o
                0x08100f5c                std::function<void (EEventType, UMessageData, EEventClient)>::operator()(EEventType, UMessageData, EEventClient) const
 .text._ZNSt15_Rb_tree_headerC2Ev
                0x08100fc2       0x1e ./Application/User/EventManagerCM4/src/EventManagerCM4Task.o
                0x08100fc2                std::_Rb_tree_header::_Rb_tree_header()
                0x08100fc2                std::_Rb_tree_header::_Rb_tree_header()
 .text._ZNSt15_Rb_tree_header8_M_resetEv
                0x08100fe0       0x2c ./Application/User/EventManagerCM4/src/EventManagerCM4Task.o
                0x08100fe0                std::_Rb_tree_header::_M_reset()
 .text._ZNSt8_Rb_treeIN19EventManagerCM4Task11EEventQueueESt4pairIKS1_P15QueueDefinitionESt10_Select1stIS6_ESt4lessIS1_ESaIS6_EEC2Ev
                0x0810100c       0x1a ./Application/User/EventManagerCM4/src/EventManagerCM4Task.o
                0x0810100c                std::_Rb_tree<EventManagerCM4Task::EEventQueue, std::pair<EventManagerCM4Task::EEventQueue const, QueueDefinition*>, std::_Select1st<std::pair<EventManagerCM4Task::EEventQueue const, QueueDefinition*> >, std::less<EventManagerCM4Task::EEventQueue>, std::allocator<std::pair<EventManagerCM4Task::EEventQueue const, QueueDefinition*> > >::_Rb_tree()
                0x0810100c                std::_Rb_tree<EventManagerCM4Task::EEventQueue, std::pair<EventManagerCM4Task::EEventQueue const, QueueDefinition*>, std::_Select1st<std::pair<EventManagerCM4Task::EEventQueue const, QueueDefinition*> >, std::less<EventManagerCM4Task::EEventQueue>, std::allocator<std::pair<EventManagerCM4Task::EEventQueue const, QueueDefinition*> > >::_Rb_tree()
 .text._ZNSt3mapIN19EventManagerCM4Task11EEventQueueEP15QueueDefinitionSt4lessIS1_ESaISt4pairIKS1_S3_EEEC2Ev
                0x08101026       0x1a ./Application/User/EventManagerCM4/src/EventManagerCM4Task.o
                0x08101026                std::map<EventManagerCM4Task::EEventQueue, QueueDefinition*, std::less<EventManagerCM4Task::EEventQueue>, std::allocator<std::pair<EventManagerCM4Task::EEventQueue const, QueueDefinition*> > >::map()
                0x08101026                std::map<EventManagerCM4Task::EEventQueue, QueueDefinition*, std::less<EventManagerCM4Task::EEventQueue>, std::allocator<std::pair<EventManagerCM4Task::EEventQueue const, QueueDefinition*> > >::map()
 .text._ZN19EventManagerCM4TaskC2Ev
                0x08101040       0x1a ./Application/User/EventManagerCM4/src/EventManagerCM4Task.o
                0x08101040                EventManagerCM4Task::EventManagerCM4Task()
                0x08101040                EventManagerCM4Task::EventManagerCM4Task()
 *fill*         0x0810105a        0x2 
 .text.StartTask_EventMgrM4
                0x0810105c       0x3c ./Application/User/EventManagerCM4/src/EventManagerCM4Task.o
                0x0810105c                StartTask_EventMgrM4
 .text._ZN19EventManagerCM4Task8addQueueENS_11EEventQueueEP15QueueDefinition
                0x08101098       0x26 ./Application/User/EventManagerCM4/src/EventManagerCM4Task.o
                0x08101098                EventManagerCM4Task::addQueue(EventManagerCM4Task::EEventQueue, QueueDefinition*)
 .text._ZN19EventManagerCM4Task7processEv
                0x081010be       0x32 ./Application/User/EventManagerCM4/src/EventManagerCM4Task.o
                0x081010be                EventManagerCM4Task::process()
 .text._ZNSt12_Vector_baseI8SMessageSaIS0_EE12_Vector_implD2Ev
                0x081010f0       0x18 ./Application/User/EventManagerCM4/src/EventManagerCM4Task.o
                0x081010f0                std::_Vector_base<SMessage, std::allocator<SMessage> >::_Vector_impl::~_Vector_impl()
                0x081010f0                std::_Vector_base<SMessage, std::allocator<SMessage> >::_Vector_impl::~_Vector_impl()
 .text._ZNSt12_Vector_baseI8SMessageSaIS0_EEC2Ev
                0x08101108       0x1a ./Application/User/EventManagerCM4/src/EventManagerCM4Task.o
                0x08101108                std::_Vector_base<SMessage, std::allocator<SMessage> >::_Vector_base()
                0x08101108                std::_Vector_base<SMessage, std::allocator<SMessage> >::_Vector_base()
 .text._ZNSt6vectorI8SMessageSaIS0_EEC2Ev
                0x08101122       0x1a ./Application/User/EventManagerCM4/src/EventManagerCM4Task.o
                0x08101122                std::vector<SMessage, std::allocator<SMessage> >::vector()
                0x08101122                std::vector<SMessage, std::allocator<SMessage> >::vector()
 .text._ZN19EventManagerCM4Task7receiveEv
                0x0810113c       0xbc ./Application/User/EventManagerCM4/src/EventManagerCM4Task.o
                0x0810113c                EventManagerCM4Task::receive()
 .text._ZN19EventManagerCM4Task4sendERKSt6vectorI8SMessageSaIS1_EE
                0x081011f8       0xd2 ./Application/User/EventManagerCM4/src/EventManagerCM4Task.o
                0x081011f8                EventManagerCM4Task::send(std::vector<SMessage, std::allocator<SMessage> > const&)
 .text._ZNSt8_Rb_treeIN19EventManagerCM4Task11EEventQueueESt4pairIKS1_P15QueueDefinitionESt10_Select1stIS6_ESt4lessIS1_ESaIS6_EE13_Rb_tree_implISA_Lb1EEC2Ev
                0x081012ca       0x2a ./Application/User/EventManagerCM4/src/EventManagerCM4Task.o
                0x081012ca                std::_Rb_tree<EventManagerCM4Task::EEventQueue, std::pair<EventManagerCM4Task::EEventQueue const, QueueDefinition*>, std::_Select1st<std::pair<EventManagerCM4Task::EEventQueue const, QueueDefinition*> >, std::less<EventManagerCM4Task::EEventQueue>, std::allocator<std::pair<EventManagerCM4Task::EEventQueue const, QueueDefinition*> > >::_Rb_tree_impl<std::less<EventManagerCM4Task::EEventQueue>, true>::_Rb_tree_impl()
                0x081012ca                std::_Rb_tree<EventManagerCM4Task::EEventQueue, std::pair<EventManagerCM4Task::EEventQueue const, QueueDefinition*>, std::_Select1st<std::pair<EventManagerCM4Task::EEventQueue const, QueueDefinition*> >, std::less<EventManagerCM4Task::EEventQueue>, std::allocator<std::pair<EventManagerCM4Task::EEventQueue const, QueueDefinition*> > >::_Rb_tree_impl<std::less<EventManagerCM4Task::EEventQueue>, true>::_Rb_tree_impl()
 .text._ZNSt3mapIN19EventManagerCM4Task11EEventQueueEP15QueueDefinitionSt4lessIS1_ESaISt4pairIKS1_S3_EEE7emplaceIJRS1_RS3_EEES6_ISt17_Rb_tree_iteratorIS8_EbEDpOT_
                0x081012f4       0x34 ./Application/User/EventManagerCM4/src/EventManagerCM4Task.o
                0x081012f4                std::pair<std::_Rb_tree_iterator<std::pair<EventManagerCM4Task::EEventQueue const, QueueDefinition*> >, bool> std::map<EventManagerCM4Task::EEventQueue, QueueDefinition*, std::less<EventManagerCM4Task::EEventQueue>, std::allocator<std::pair<EventManagerCM4Task::EEventQueue const, QueueDefinition*> > >::emplace<EventManagerCM4Task::EEventQueue&, QueueDefinition*&>(EventManagerCM4Task::EEventQueue&, QueueDefinition*&)
 .text._ZNSt6vectorI8SMessageSaIS0_EED2Ev
                0x08101328       0x36 ./Application/User/EventManagerCM4/src/EventManagerCM4Task.o
                0x08101328                std::vector<SMessage, std::allocator<SMessage> >::~vector()
                0x08101328                std::vector<SMessage, std::allocator<SMessage> >::~vector()
 .text._ZNSt12_Vector_baseI8SMessageSaIS0_EE12_Vector_implC2Ev
                0x0810135e       0x20 ./Application/User/EventManagerCM4/src/EventManagerCM4Task.o
                0x0810135e                std::_Vector_base<SMessage, std::allocator<SMessage> >::_Vector_impl::_Vector_impl()
                0x0810135e                std::_Vector_base<SMessage, std::allocator<SMessage> >::_Vector_impl::_Vector_impl()
 .text._ZNSaI8SMessageED2Ev
                0x0810137e       0x18 ./Application/User/EventManagerCM4/src/EventManagerCM4Task.o
                0x0810137e                std::allocator<SMessage>::~allocator()
                0x0810137e                std::allocator<SMessage>::~allocator()
 *fill*         0x08101396        0x2 
 .text._ZNSt12_Vector_baseI8SMessageSaIS0_EED2Ev
                0x08101398       0x3c ./Application/User/EventManagerCM4/src/EventManagerCM4Task.o
                0x08101398                std::_Vector_base<SMessage, std::allocator<SMessage> >::~_Vector_base()
                0x08101398                std::_Vector_base<SMessage, std::allocator<SMessage> >::~_Vector_base()
 .text._ZNSt6vectorI8SMessageSaIS0_EE9push_backERKS0_
                0x081013d4       0x4c ./Application/User/EventManagerCM4/src/EventManagerCM4Task.o
                0x081013d4                std::vector<SMessage, std::allocator<SMessage> >::push_back(SMessage const&)
 .text._ZNKSt6vectorI8SMessageSaIS0_EE4sizeEv
                0x08101420       0x2c ./Application/User/EventManagerCM4/src/EventManagerCM4Task.o
                0x08101420                std::vector<SMessage, std::allocator<SMessage> >::size() const
 .text._ZNSt6vectorI8SMessageSaIS0_EE5beginEv
                0x0810144c       0x20 ./Application/User/EventManagerCM4/src/EventManagerCM4Task.o
                0x0810144c                std::vector<SMessage, std::allocator<SMessage> >::begin()
 .text._ZNSt6vectorI8SMessageSaIS0_EE3endEv
                0x0810146c       0x22 ./Application/User/EventManagerCM4/src/EventManagerCM4Task.o
                0x0810146c                std::vector<SMessage, std::allocator<SMessage> >::end()
 .text._ZN9__gnu_cxxneIP8SMessageSt6vectorIS1_SaIS1_EEEEbRKNS_17__normal_iteratorIT_T0_EESB_
                0x0810148e       0x30 ./Application/User/EventManagerCM4/src/EventManagerCM4Task.o
                0x0810148e                bool __gnu_cxx::operator!=<SMessage*, std::vector<SMessage, std::allocator<SMessage> > >(__gnu_cxx::__normal_iterator<SMessage*, std::vector<SMessage, std::allocator<SMessage> > > const&, __gnu_cxx::__normal_iterator<SMessage*, std::vector<SMessage, std::allocator<SMessage> > > const&)
 .text._ZN9__gnu_cxx17__normal_iteratorIP8SMessageSt6vectorIS1_SaIS1_EEEppEv
                0x081014be       0x22 ./Application/User/EventManagerCM4/src/EventManagerCM4Task.o
                0x081014be                __gnu_cxx::__normal_iterator<SMessage*, std::vector<SMessage, std::allocator<SMessage> > >::operator++()
 .text._ZNK9__gnu_cxx17__normal_iteratorIP8SMessageSt6vectorIS1_SaIS1_EEEdeEv
                0x081014e0       0x18 ./Application/User/EventManagerCM4/src/EventManagerCM4Task.o
                0x081014e0                __gnu_cxx::__normal_iterator<SMessage*, std::vector<SMessage, std::allocator<SMessage> > >::operator*() const
 .text._ZNKSt6vectorI8SMessageSaIS0_EE5beginEv
                0x081014f8       0x20 ./Application/User/EventManagerCM4/src/EventManagerCM4Task.o
                0x081014f8                std::vector<SMessage, std::allocator<SMessage> >::begin() const
 .text._ZNKSt6vectorI8SMessageSaIS0_EE3endEv
                0x08101518       0x22 ./Application/User/EventManagerCM4/src/EventManagerCM4Task.o
                0x08101518                std::vector<SMessage, std::allocator<SMessage> >::end() const
 .text._ZN9__gnu_cxxneIPK8SMessageSt6vectorIS1_SaIS1_EEEEbRKNS_17__normal_iteratorIT_T0_EESC_
                0x0810153a       0x30 ./Application/User/EventManagerCM4/src/EventManagerCM4Task.o
                0x0810153a                bool __gnu_cxx::operator!=<SMessage const*, std::vector<SMessage, std::allocator<SMessage> > >(__gnu_cxx::__normal_iterator<SMessage const*, std::vector<SMessage, std::allocator<SMessage> > > const&, __gnu_cxx::__normal_iterator<SMessage const*, std::vector<SMessage, std::allocator<SMessage> > > const&)
 .text._ZN9__gnu_cxx17__normal_iteratorIPK8SMessageSt6vectorIS1_SaIS1_EEEppEv
                0x0810156a       0x22 ./Application/User/EventManagerCM4/src/EventManagerCM4Task.o
                0x0810156a                __gnu_cxx::__normal_iterator<SMessage const*, std::vector<SMessage, std::allocator<SMessage> > >::operator++()
 .text._ZNK9__gnu_cxx17__normal_iteratorIPK8SMessageSt6vectorIS1_SaIS1_EEEdeEv
                0x0810158c       0x18 ./Application/User/EventManagerCM4/src/EventManagerCM4Task.o
                0x0810158c                __gnu_cxx::__normal_iterator<SMessage const*, std::vector<SMessage, std::allocator<SMessage> > >::operator*() const
 .text._ZNSt3mapIN19EventManagerCM4Task11EEventQueueEP15QueueDefinitionSt4lessIS1_ESaISt4pairIKS1_S3_EEE4findERS7_
                0x081015a4       0x1e ./Application/User/EventManagerCM4/src/EventManagerCM4Task.o
                0x081015a4                std::map<EventManagerCM4Task::EEventQueue, QueueDefinition*, std::less<EventManagerCM4Task::EEventQueue>, std::allocator<std::pair<EventManagerCM4Task::EEventQueue const, QueueDefinition*> > >::find(EventManagerCM4Task::EEventQueue const&)
 .text._ZNSt3mapIN19EventManagerCM4Task11EEventQueueEP15QueueDefinitionSt4lessIS1_ESaISt4pairIKS1_S3_EEE3endEv
                0x081015c2       0x1a ./Application/User/EventManagerCM4/src/EventManagerCM4Task.o
                0x081015c2                std::map<EventManagerCM4Task::EEventQueue, QueueDefinition*, std::less<EventManagerCM4Task::EEventQueue>, std::allocator<std::pair<EventManagerCM4Task::EEventQueue const, QueueDefinition*> > >::end()
 .text._ZStneRKSt17_Rb_tree_iteratorISt4pairIKN19EventManagerCM4Task11EEventQueueEP15QueueDefinitionEES9_
                0x081015dc       0x28 ./Application/User/EventManagerCM4/src/EventManagerCM4Task.o
                0x081015dc                std::operator!=(std::_Rb_tree_iterator<std::pair<EventManagerCM4Task::EEventQueue const, QueueDefinition*> > const&, std::_Rb_tree_iterator<std::pair<EventManagerCM4Task::EEventQueue const, QueueDefinition*> > const&)
 .text._ZNSt3mapIN19EventManagerCM4Task11EEventQueueEP15QueueDefinitionSt4lessIS1_ESaISt4pairIKS1_S3_EEEixERS7_
                0x08101604       0xb8 ./Application/User/EventManagerCM4/src/EventManagerCM4Task.o
                0x08101604                std::map<EventManagerCM4Task::EEventQueue, QueueDefinition*, std::less<EventManagerCM4Task::EEventQueue>, std::allocator<std::pair<EventManagerCM4Task::EEventQueue const, QueueDefinition*> > >::operator[](EventManagerCM4Task::EEventQueue const&)
 .text._ZNSaISt13_Rb_tree_nodeISt4pairIKN19EventManagerCM4Task11EEventQueueEP15QueueDefinitionEEEC2Ev
                0x081016bc       0x18 ./Application/User/EventManagerCM4/src/EventManagerCM4Task.o
                0x081016bc                std::allocator<std::_Rb_tree_node<std::pair<EventManagerCM4Task::EEventQueue const, QueueDefinition*> > >::allocator()
                0x081016bc                std::allocator<std::_Rb_tree_node<std::pair<EventManagerCM4Task::EEventQueue const, QueueDefinition*> > >::allocator()
 .text._ZNSt20_Rb_tree_key_compareISt4lessIN19EventManagerCM4Task11EEventQueueEEEC2Ev
                0x081016d4       0x16 ./Application/User/EventManagerCM4/src/EventManagerCM4Task.o
                0x081016d4                std::_Rb_tree_key_compare<std::less<EventManagerCM4Task::EEventQueue> >::_Rb_tree_key_compare()
                0x081016d4                std::_Rb_tree_key_compare<std::less<EventManagerCM4Task::EEventQueue> >::_Rb_tree_key_compare()
 .text._ZNSt8_Rb_treeIN19EventManagerCM4Task11EEventQueueESt4pairIKS1_P15QueueDefinitionESt10_Select1stIS6_ESt4lessIS1_ESaIS6_EE8_M_beginEv
                0x081016ea       0x18 ./Application/User/EventManagerCM4/src/EventManagerCM4Task.o
                0x081016ea                std::_Rb_tree<EventManagerCM4Task::EEventQueue, std::pair<EventManagerCM4Task::EEventQueue const, QueueDefinition*>, std::_Select1st<std::pair<EventManagerCM4Task::EEventQueue const, QueueDefinition*> >, std::less<EventManagerCM4Task::EEventQueue>, std::allocator<std::pair<EventManagerCM4Task::EEventQueue const, QueueDefinition*> > >::_M_begin()
 .text._ZSt7forwardIRN19EventManagerCM4Task11EEventQueueEEOT_RNSt16remove_referenceIS3_E4typeE
                0x08101702       0x16 ./Application/User/EventManagerCM4/src/EventManagerCM4Task.o
                0x08101702                EventManagerCM4Task::EEventQueue& std::forward<EventManagerCM4Task::EEventQueue&>(std::remove_reference<EventManagerCM4Task::EEventQueue&>::type&)
 .text._ZSt7forwardIRP15QueueDefinitionEOT_RNSt16remove_referenceIS3_E4typeE
                0x08101718       0x16 ./Application/User/EventManagerCM4/src/EventManagerCM4Task.o
                0x08101718                QueueDefinition*& std::forward<QueueDefinition*&>(std::remove_reference<QueueDefinition*&>::type&)
 .text._ZNSt8_Rb_treeIN19EventManagerCM4Task11EEventQueueESt4pairIKS1_P15QueueDefinitionESt10_Select1stIS6_ESt4lessIS1_ESaIS6_EE17_M_emplace_uniqueIJRS1_RS5_EEES2_ISt17_Rb_tree_iteratorIS6_EbEDpOT_
                0x0810172e       0xaa ./Application/User/EventManagerCM4/src/EventManagerCM4Task.o
                0x0810172e                std::pair<std::_Rb_tree_iterator<std::pair<EventManagerCM4Task::EEventQueue const, QueueDefinition*> >, bool> std::_Rb_tree<EventManagerCM4Task::EEventQueue, std::pair<EventManagerCM4Task::EEventQueue const, QueueDefinition*>, std::_Select1st<std::pair<EventManagerCM4Task::EEventQueue const, QueueDefinition*> >, std::less<EventManagerCM4Task::EEventQueue>, std::allocator<std::pair<EventManagerCM4Task::EEventQueue const, QueueDefinition*> > >::_M_emplace_unique<EventManagerCM4Task::EEventQueue&, QueueDefinition*&>(EventManagerCM4Task::EEventQueue&, QueueDefinition*&)
 .text._ZNSt12_Vector_baseI8SMessageSaIS0_EE19_M_get_Tp_allocatorEv
                0x081017d8       0x16 ./Application/User/EventManagerCM4/src/EventManagerCM4Task.o
                0x081017d8                std::_Vector_base<SMessage, std::allocator<SMessage> >::_M_get_Tp_allocator()
 .text._ZSt8_DestroyIP8SMessageS0_EvT_S2_RSaIT0_E
                0x081017ee       0x1c ./Application/User/EventManagerCM4/src/EventManagerCM4Task.o
                0x081017ee                void std::_Destroy<SMessage*, SMessage>(SMessage*, SMessage*, std::allocator<SMessage>&)
 .text._ZNSaI8SMessageEC2Ev
                0x0810180a       0x18 ./Application/User/EventManagerCM4/src/EventManagerCM4Task.o
                0x0810180a                std::allocator<SMessage>::allocator()
                0x0810180a                std::allocator<SMessage>::allocator()
 .text._ZNSt12_Vector_baseI8SMessageSaIS0_EE17_Vector_impl_dataC2Ev
                0x08101822       0x28 ./Application/User/EventManagerCM4/src/EventManagerCM4Task.o
                0x08101822                std::_Vector_base<SMessage, std::allocator<SMessage> >::_Vector_impl_data::_Vector_impl_data()
                0x08101822                std::_Vector_base<SMessage, std::allocator<SMessage> >::_Vector_impl_data::_Vector_impl_data()
 .text._ZNSt15__new_allocatorI8SMessageED2Ev
                0x0810184a       0x16 ./Application/User/EventManagerCM4/src/EventManagerCM4Task.o
                0x0810184a                std::__new_allocator<SMessage>::~__new_allocator()
                0x0810184a                std::__new_allocator<SMessage>::~__new_allocator()
 .text._ZNSt12_Vector_baseI8SMessageSaIS0_EE13_M_deallocateEPS0_j
                0x08101860       0x26 ./Application/User/EventManagerCM4/src/EventManagerCM4Task.o
                0x08101860                std::_Vector_base<SMessage, std::allocator<SMessage> >::_M_deallocate(SMessage*, unsigned int)
 .text._ZNSt16allocator_traitsISaI8SMessageEE9constructIS0_JRKS0_EEEvRS1_PT_DpOT0_
                0x08101886       0x26 ./Application/User/EventManagerCM4/src/EventManagerCM4Task.o
                0x08101886                void std::allocator_traits<std::allocator<SMessage> >::construct<SMessage, SMessage const&>(std::allocator<SMessage>&, SMessage*, SMessage const&)
 .text._ZNSt6vectorI8SMessageSaIS0_EE15_S_use_relocateEv
                0x081018ac       0x16 ./Application/User/EventManagerCM4/src/EventManagerCM4Task.o
                0x081018ac                std::vector<SMessage, std::allocator<SMessage> >::_S_use_relocate()
 .text._ZNSt6vectorI8SMessageSaIS0_EE19_S_nothrow_relocateESt17integral_constantIbLb1EE
                0x081018c2       0x16 ./Application/User/EventManagerCM4/src/EventManagerCM4Task.o
                0x081018c2                std::vector<SMessage, std::allocator<SMessage> >::_S_nothrow_relocate(std::integral_constant<bool, true>)
 .text._ZNSt6vectorI8SMessageSaIS0_EE17_M_realloc_insertIJRKS0_EEEvN9__gnu_cxx17__normal_iteratorIPS0_S2_EEDpOT_
                0x081018d8      0x190 ./Application/User/EventManagerCM4/src/EventManagerCM4Task.o
                0x081018d8                void std::vector<SMessage, std::allocator<SMessage> >::_M_realloc_insert<SMessage const&>(__gnu_cxx::__normal_iterator<SMessage*, std::vector<SMessage, std::allocator<SMessage> > >, SMessage const&)
 .text._ZN9__gnu_cxx17__normal_iteratorIP8SMessageSt6vectorIS1_SaIS1_EEEC2ERKS2_
                0x08101a68       0x20 ./Application/User/EventManagerCM4/src/EventManagerCM4Task.o
                0x08101a68                __gnu_cxx::__normal_iterator<SMessage*, std::vector<SMessage, std::allocator<SMessage> > >::__normal_iterator(SMessage* const&)
                0x08101a68                __gnu_cxx::__normal_iterator<SMessage*, std::vector<SMessage, std::allocator<SMessage> > >::__normal_iterator(SMessage* const&)
 .text._ZNK9__gnu_cxx17__normal_iteratorIP8SMessageSt6vectorIS1_SaIS1_EEE4baseEv
                0x08101a88       0x16 ./Application/User/EventManagerCM4/src/EventManagerCM4Task.o
                0x08101a88                __gnu_cxx::__normal_iterator<SMessage*, std::vector<SMessage, std::allocator<SMessage> > >::base() const
 .text._ZN9__gnu_cxx17__normal_iteratorIPK8SMessageSt6vectorIS1_SaIS1_EEEC2ERKS3_
                0x08101a9e       0x20 ./Application/User/EventManagerCM4/src/EventManagerCM4Task.o
                0x08101a9e                __gnu_cxx::__normal_iterator<SMessage const*, std::vector<SMessage, std::allocator<SMessage> > >::__normal_iterator(SMessage const* const&)
                0x08101a9e                __gnu_cxx::__normal_iterator<SMessage const*, std::vector<SMessage, std::allocator<SMessage> > >::__normal_iterator(SMessage const* const&)
 .text._ZNK9__gnu_cxx17__normal_iteratorIPK8SMessageSt6vectorIS1_SaIS1_EEE4baseEv
                0x08101abe       0x16 ./Application/User/EventManagerCM4/src/EventManagerCM4Task.o
                0x08101abe                __gnu_cxx::__normal_iterator<SMessage const*, std::vector<SMessage, std::allocator<SMessage> > >::base() const
 .text._ZNSt8_Rb_treeIN19EventManagerCM4Task11EEventQueueESt4pairIKS1_P15QueueDefinitionESt10_Select1stIS6_ESt4lessIS1_ESaIS6_EE4findERS3_
                0x08101ad4       0x78 ./Application/User/EventManagerCM4/src/EventManagerCM4Task.o
                0x08101ad4                std::_Rb_tree<EventManagerCM4Task::EEventQueue, std::pair<EventManagerCM4Task::EEventQueue const, QueueDefinition*>, std::_Select1st<std::pair<EventManagerCM4Task::EEventQueue const, QueueDefinition*> >, std::less<EventManagerCM4Task::EEventQueue>, std::allocator<std::pair<EventManagerCM4Task::EEventQueue const, QueueDefinition*> > >::find(EventManagerCM4Task::EEventQueue const&)
 .text._ZNSt8_Rb_treeIN19EventManagerCM4Task11EEventQueueESt4pairIKS1_P15QueueDefinitionESt10_Select1stIS6_ESt4lessIS1_ESaIS6_EE3endEv
                0x08101b4c       0x22 ./Application/User/EventManagerCM4/src/EventManagerCM4Task.o
                0x08101b4c                std::_Rb_tree<EventManagerCM4Task::EEventQueue, std::pair<EventManagerCM4Task::EEventQueue const, QueueDefinition*>, std::_Select1st<std::pair<EventManagerCM4Task::EEventQueue const, QueueDefinition*> >, std::less<EventManagerCM4Task::EEventQueue>, std::allocator<std::pair<EventManagerCM4Task::EEventQueue const, QueueDefinition*> > >::end()
 .text._ZNSt3mapIN19EventManagerCM4Task11EEventQueueEP15QueueDefinitionSt4lessIS1_ESaISt4pairIKS1_S3_EEE11lower_boundERS7_
                0x08101b6e       0x1e ./Application/User/EventManagerCM4/src/EventManagerCM4Task.o
                0x08101b6e                std::map<EventManagerCM4Task::EEventQueue, QueueDefinition*, std::less<EventManagerCM4Task::EEventQueue>, std::allocator<std::pair<EventManagerCM4Task::EEventQueue const, QueueDefinition*> > >::lower_bound(EventManagerCM4Task::EEventQueue const&)
 .text._ZSteqRKSt17_Rb_tree_iteratorISt4pairIKN19EventManagerCM4Task11EEventQueueEP15QueueDefinitionEES9_
                0x08101b8c       0x28 ./Application/User/EventManagerCM4/src/EventManagerCM4Task.o
                0x08101b8c                std::operator==(std::_Rb_tree_iterator<std::pair<EventManagerCM4Task::EEventQueue const, QueueDefinition*> > const&, std::_Rb_tree_iterator<std::pair<EventManagerCM4Task::EEventQueue const, QueueDefinition*> > const&)
 .text._ZNKSt3mapIN19EventManagerCM4Task11EEventQueueEP15QueueDefinitionSt4lessIS1_ESaISt4pairIKS1_S3_EEE8key_compEv
                0x08101bb4       0x1a ./Application/User/EventManagerCM4/src/EventManagerCM4Task.o
                0x08101bb4                std::map<EventManagerCM4Task::EEventQueue, QueueDefinition*, std::less<EventManagerCM4Task::EEventQueue>, std::allocator<std::pair<EventManagerCM4Task::EEventQueue const, QueueDefinition*> > >::key_comp() const
 .text._ZNKSt17_Rb_tree_iteratorISt4pairIKN19EventManagerCM4Task11EEventQueueEP15QueueDefinitionEEdeEv
                0x08101bce       0x1c ./Application/User/EventManagerCM4/src/EventManagerCM4Task.o
                0x08101bce                std::_Rb_tree_iterator<std::pair<EventManagerCM4Task::EEventQueue const, QueueDefinition*> >::operator*() const
 .text._ZNKSt4lessIN19EventManagerCM4Task11EEventQueueEEclERKS1_S4_
                0x08101bea       0x2a ./Application/User/EventManagerCM4/src/EventManagerCM4Task.o
                0x08101bea                std::less<EventManagerCM4Task::EEventQueue>::operator()(EventManagerCM4Task::EEventQueue const&, EventManagerCM4Task::EEventQueue const&) const
 .text._ZNSt5tupleIJRKN19EventManagerCM4Task11EEventQueueEEEC2ILb1ELb1EEES3_
                0x08101c14       0x1e ./Application/User/EventManagerCM4/src/EventManagerCM4Task.o
                0x08101c14                std::tuple<EventManagerCM4Task::EEventQueue const&>::tuple<true, true>(EventManagerCM4Task::EEventQueue const&)
                0x08101c14                std::tuple<EventManagerCM4Task::EEventQueue const&>::tuple<true, true>(EventManagerCM4Task::EEventQueue const&)
 .text._ZNSt23_Rb_tree_const_iteratorISt4pairIKN19EventManagerCM4Task11EEventQueueEP15QueueDefinitionEEC2ERKSt17_Rb_tree_iteratorIS6_E
                0x08101c32       0x20 ./Application/User/EventManagerCM4/src/EventManagerCM4Task.o
                0x08101c32                std::_Rb_tree_const_iterator<std::pair<EventManagerCM4Task::EEventQueue const, QueueDefinition*> >::_Rb_tree_const_iterator(std::_Rb_tree_iterator<std::pair<EventManagerCM4Task::EEventQueue const, QueueDefinition*> > const&)
                0x08101c32                std::_Rb_tree_const_iterator<std::pair<EventManagerCM4Task::EEventQueue const, QueueDefinition*> >::_Rb_tree_const_iterator(std::_Rb_tree_iterator<std::pair<EventManagerCM4Task::EEventQueue const, QueueDefinition*> > const&)
 .text._ZNSt8_Rb_treeIN19EventManagerCM4Task11EEventQueueESt4pairIKS1_P15QueueDefinitionESt10_Select1stIS6_ESt4lessIS1_ESaIS6_EE22_M_emplace_hint_uniqueIJRKSt21piecewise_construct_tSt5tupleIJRS3_EESH_IJEEEEESt17_Rb_tree_iteratorIS6_ESt23_Rb_tree_const_iteratorIS6_EDpOT_
                0x08101c52       0x8c ./Application/User/EventManagerCM4/src/EventManagerCM4Task.o
                0x08101c52                std::_Rb_tree_iterator<std::pair<EventManagerCM4Task::EEventQueue const, QueueDefinition*> > std::_Rb_tree<EventManagerCM4Task::EEventQueue, std::pair<EventManagerCM4Task::EEventQueue const, QueueDefinition*>, std::_Select1st<std::pair<EventManagerCM4Task::EEventQueue const, QueueDefinition*> >, std::less<EventManagerCM4Task::EEventQueue>, std::allocator<std::pair<EventManagerCM4Task::EEventQueue const, QueueDefinition*> > >::_M_emplace_hint_unique<std::piecewise_construct_t const&, std::tuple<EventManagerCM4Task::EEventQueue const&>, std::tuple<> >(std::_Rb_tree_const_iterator<std::pair<EventManagerCM4Task::EEventQueue const, QueueDefinition*> >, std::piecewise_construct_t const&, std::tuple<EventManagerCM4Task::EEventQueue const&>&&, std::tuple<>&&)
 .text._ZNSt15__new_allocatorISt13_Rb_tree_nodeISt4pairIKN19EventManagerCM4Task11EEventQueueEP15QueueDefinitionEEEC2Ev
                0x08101cde       0x16 ./Application/User/EventManagerCM4/src/EventManagerCM4Task.o
                0x08101cde                std::__new_allocator<std::_Rb_tree_node<std::pair<EventManagerCM4Task::EEventQueue const, QueueDefinition*> > >::__new_allocator()
                0x08101cde                std::__new_allocator<std::_Rb_tree_node<std::pair<EventManagerCM4Task::EEventQueue const, QueueDefinition*> > >::__new_allocator()
 .text._ZNSt8_Rb_treeIN19EventManagerCM4Task11EEventQueueESt4pairIKS1_P15QueueDefinitionESt10_Select1stIS6_ESt4lessIS1_ESaIS6_EE8_S_rightEPSt18_Rb_tree_node_base
                0x08101cf4       0x18 ./Application/User/EventManagerCM4/src/EventManagerCM4Task.o
                0x08101cf4                std::_Rb_tree<EventManagerCM4Task::EEventQueue, std::pair<EventManagerCM4Task::EEventQueue const, QueueDefinition*>, std::_Select1st<std::pair<EventManagerCM4Task::EEventQueue const, QueueDefinition*> >, std::less<EventManagerCM4Task::EEventQueue>, std::allocator<std::pair<EventManagerCM4Task::EEventQueue const, QueueDefinition*> > >::_S_right(std::_Rb_tree_node_base*)
 .text._ZNSt8_Rb_treeIN19EventManagerCM4Task11EEventQueueESt4pairIKS1_P15QueueDefinitionESt10_Select1stIS6_ESt4lessIS1_ESaIS6_EE7_S_leftEPSt18_Rb_tree_node_base
                0x08101d0c       0x18 ./Application/User/EventManagerCM4/src/EventManagerCM4Task.o
                0x08101d0c                std::_Rb_tree<EventManagerCM4Task::EEventQueue, std::pair<EventManagerCM4Task::EEventQueue const, QueueDefinition*>, std::_Select1st<std::pair<EventManagerCM4Task::EEventQueue const, QueueDefinition*> >, std::less<EventManagerCM4Task::EEventQueue>, std::allocator<std::pair<EventManagerCM4Task::EEventQueue const, QueueDefinition*> > >::_S_left(std::_Rb_tree_node_base*)
 .text._ZNSt8_Rb_treeIN19EventManagerCM4Task11EEventQueueESt4pairIKS1_P15QueueDefinitionESt10_Select1stIS6_ESt4lessIS1_ESaIS6_EE12_M_drop_nodeEPSt13_Rb_tree_nodeIS6_E
                0x08101d24       0x22 ./Application/User/EventManagerCM4/src/EventManagerCM4Task.o
                0x08101d24                std::_Rb_tree<EventManagerCM4Task::EEventQueue, std::pair<EventManagerCM4Task::EEventQueue const, QueueDefinition*>, std::_Select1st<std::pair<EventManagerCM4Task::EEventQueue const, QueueDefinition*> >, std::less<EventManagerCM4Task::EEventQueue>, std::allocator<std::pair<EventManagerCM4Task::EEventQueue const, QueueDefinition*> > >::_M_drop_node(std::_Rb_tree_node<std::pair<EventManagerCM4Task::EEventQueue const, QueueDefinition*> >*)
 .text._ZNKSt8_Rb_treeIN19EventManagerCM4Task11EEventQueueESt4pairIKS1_P15QueueDefinitionESt10_Select1stIS6_ESt4lessIS1_ESaIS6_EE9_M_mbeginEv
                0x08101d46       0x18 ./Application/User/EventManagerCM4/src/EventManagerCM4Task.o
                0x08101d46                std::_Rb_tree<EventManagerCM4Task::EEventQueue, std::pair<EventManagerCM4Task::EEventQueue const, QueueDefinition*>, std::_Select1st<std::pair<EventManagerCM4Task::EEventQueue const, QueueDefinition*> >, std::less<EventManagerCM4Task::EEventQueue>, std::allocator<std::pair<EventManagerCM4Task::EEventQueue const, QueueDefinition*> > >::_M_mbegin() const
 .text._ZNSt8_Rb_treeIN19EventManagerCM4Task11EEventQueueESt4pairIKS1_P15QueueDefinitionESt10_Select1stIS6_ESt4lessIS1_ESaIS6_EE10_Auto_nodeC2IJRS1_RS5_EEERSC_DpOT_
                0x08101d5e       0x3e ./Application/User/EventManagerCM4/src/EventManagerCM4Task.o
                0x08101d5e                std::_Rb_tree<EventManagerCM4Task::EEventQueue, std::pair<EventManagerCM4Task::EEventQueue const, QueueDefinition*>, std::_Select1st<std::pair<EventManagerCM4Task::EEventQueue const, QueueDefinition*> >, std::less<EventManagerCM4Task::EEventQueue>, std::allocator<std::pair<EventManagerCM4Task::EEventQueue const, QueueDefinition*> > >::_Auto_node::_Auto_node<EventManagerCM4Task::EEventQueue&, QueueDefinition*&>(std::_Rb_tree<EventManagerCM4Task::EEventQueue, std::pair<EventManagerCM4Task::EEventQueue const, QueueDefinition*>, std::_Select1st<std::pair<EventManagerCM4Task::EEventQueue const, QueueDefinition*> >, std::less<EventManagerCM4Task::EEventQueue>, std::allocator<std::pair<EventManagerCM4Task::EEventQueue const, QueueDefinition*> > >&, EventManagerCM4Task::EEventQueue&, QueueDefinition*&)
                0x08101d5e                std::_Rb_tree<EventManagerCM4Task::EEventQueue, std::pair<EventManagerCM4Task::EEventQueue const, QueueDefinition*>, std::_Select1st<std::pair<EventManagerCM4Task::EEventQueue const, QueueDefinition*> >, std::less<EventManagerCM4Task::EEventQueue>, std::allocator<std::pair<EventManagerCM4Task::EEventQueue const, QueueDefinition*> > >::_Auto_node::_Auto_node<EventManagerCM4Task::EEventQueue&, QueueDefinition*&>(std::_Rb_tree<EventManagerCM4Task::EEventQueue, std::pair<EventManagerCM4Task::EEventQueue const, QueueDefinition*>, std::_Select1st<std::pair<EventManagerCM4Task::EEventQueue const, QueueDefinition*> >, std::less<EventManagerCM4Task::EEventQueue>, std::allocator<std::pair<EventManagerCM4Task::EEventQueue const, QueueDefinition*> > >&, EventManagerCM4Task::EEventQueue&, QueueDefinition*&)
 .text._ZNSt8_Rb_treeIN19EventManagerCM4Task11EEventQueueESt4pairIKS1_P15QueueDefinitionESt10_Select1stIS6_ESt4lessIS1_ESaIS6_EE10_Auto_nodeD2Ev
                0x08101d9c       0x2a ./Application/User/EventManagerCM4/src/EventManagerCM4Task.o
                0x08101d9c                std::_Rb_tree<EventManagerCM4Task::EEventQueue, std::pair<EventManagerCM4Task::EEventQueue const, QueueDefinition*>, std::_Select1st<std::pair<EventManagerCM4Task::EEventQueue const, QueueDefinition*> >, std::less<EventManagerCM4Task::EEventQueue>, std::allocator<std::pair<EventManagerCM4Task::EEventQueue const, QueueDefinition*> > >::_Auto_node::~_Auto_node()
                0x08101d9c                std::_Rb_tree<EventManagerCM4Task::EEventQueue, std::pair<EventManagerCM4Task::EEventQueue const, QueueDefinition*>, std::_Select1st<std::pair<EventManagerCM4Task::EEventQueue const, QueueDefinition*> >, std::less<EventManagerCM4Task::EEventQueue>, std::allocator<std::pair<EventManagerCM4Task::EEventQueue const, QueueDefinition*> > >::_Auto_node::~_Auto_node()
 .text._ZNSt8_Rb_treeIN19EventManagerCM4Task11EEventQueueESt4pairIKS1_P15QueueDefinitionESt10_Select1stIS6_ESt4lessIS1_ESaIS6_EE24_M_get_insert_unique_posERS3_
                0x08101dc6      0x10a ./Application/User/EventManagerCM4/src/EventManagerCM4Task.o
                0x08101dc6                std::_Rb_tree<EventManagerCM4Task::EEventQueue, std::pair<EventManagerCM4Task::EEventQueue const, QueueDefinition*>, std::_Select1st<std::pair<EventManagerCM4Task::EEventQueue const, QueueDefinition*> >, std::less<EventManagerCM4Task::EEventQueue>, std::allocator<std::pair<EventManagerCM4Task::EEventQueue const, QueueDefinition*> > >::_M_get_insert_unique_pos(EventManagerCM4Task::EEventQueue const&)
 .text._ZNKSt8_Rb_treeIN19EventManagerCM4Task11EEventQueueESt4pairIKS1_P15QueueDefinitionESt10_Select1stIS6_ESt4lessIS1_ESaIS6_EE10_Auto_node6_M_keyEv
                0x08101ed0       0x1c ./Application/User/EventManagerCM4/src/EventManagerCM4Task.o
                0x08101ed0                std::_Rb_tree<EventManagerCM4Task::EEventQueue, std::pair<EventManagerCM4Task::EEventQueue const, QueueDefinition*>, std::_Select1st<std::pair<EventManagerCM4Task::EEventQueue const, QueueDefinition*> >, std::less<EventManagerCM4Task::EEventQueue>, std::allocator<std::pair<EventManagerCM4Task::EEventQueue const, QueueDefinition*> > >::_Auto_node::_M_key() const
 .text._ZNSt8_Rb_treeIN19EventManagerCM4Task11EEventQueueESt4pairIKS1_P15QueueDefinitionESt10_Select1stIS6_ESt4lessIS1_ESaIS6_EE10_Auto_node9_M_insertES2_IPSt18_Rb_tree_node_baseSF_E
                0x08101eec       0x32 ./Application/User/EventManagerCM4/src/EventManagerCM4Task.o
                0x08101eec                std::_Rb_tree<EventManagerCM4Task::EEventQueue, std::pair<EventManagerCM4Task::EEventQueue const, QueueDefinition*>, std::_Select1st<std::pair<EventManagerCM4Task::EEventQueue const, QueueDefinition*> >, std::less<EventManagerCM4Task::EEventQueue>, std::allocator<std::pair<EventManagerCM4Task::EEventQueue const, QueueDefinition*> > >::_Auto_node::_M_insert(std::pair<std::_Rb_tree_node_base*, std::_Rb_tree_node_base*>)
 .text._ZNSt4pairISt17_Rb_tree_iteratorIS_IKN19EventManagerCM4Task11EEventQueueEP15QueueDefinitionEEbEC2IS7_bLb1EEEOT_OT0_
                0x08101f1e       0x32 ./Application/User/EventManagerCM4/src/EventManagerCM4Task.o
                0x08101f1e                std::pair<std::_Rb_tree_iterator<std::pair<EventManagerCM4Task::EEventQueue const, QueueDefinition*> >, bool>::pair<std::_Rb_tree_iterator<std::pair<EventManagerCM4Task::EEventQueue const, QueueDefinition*> >, bool, true>(std::_Rb_tree_iterator<std::pair<EventManagerCM4Task::EEventQueue const, QueueDefinition*> >&&, bool&&)
                0x08101f1e                std::pair<std::_Rb_tree_iterator<std::pair<EventManagerCM4Task::EEventQueue const, QueueDefinition*> >, bool>::pair<std::_Rb_tree_iterator<std::pair<EventManagerCM4Task::EEventQueue const, QueueDefinition*> >, bool, true>(std::_Rb_tree_iterator<std::pair<EventManagerCM4Task::EEventQueue const, QueueDefinition*> >&&, bool&&)
 .text._ZNSt17_Rb_tree_iteratorISt4pairIKN19EventManagerCM4Task11EEventQueueEP15QueueDefinitionEEC2EPSt18_Rb_tree_node_base
                0x08101f50       0x1e ./Application/User/EventManagerCM4/src/EventManagerCM4Task.o
                0x08101f50                std::_Rb_tree_iterator<std::pair<EventManagerCM4Task::EEventQueue const, QueueDefinition*> >::_Rb_tree_iterator(std::_Rb_tree_node_base*)
                0x08101f50                std::_Rb_tree_iterator<std::pair<EventManagerCM4Task::EEventQueue const, QueueDefinition*> >::_Rb_tree_iterator(std::_Rb_tree_node_base*)
 .text._ZNKSt8_Rb_treeIN19EventManagerCM4Task11EEventQueueESt4pairIKS1_P15QueueDefinitionESt10_Select1stIS6_ESt4lessIS1_ESaIS6_EE4sizeEv
                0x08101f6e       0x18 ./Application/User/EventManagerCM4/src/EventManagerCM4Task.o
                0x08101f6e                std::_Rb_tree<EventManagerCM4Task::EEventQueue, std::pair<EventManagerCM4Task::EEventQueue const, QueueDefinition*>, std::_Select1st<std::pair<EventManagerCM4Task::EEventQueue const, QueueDefinition*> >, std::less<EventManagerCM4Task::EEventQueue>, std::allocator<std::pair<EventManagerCM4Task::EEventQueue const, QueueDefinition*> > >::size() const
 .text._ZSt8_DestroyIP8SMessageEvT_S2_
                0x08101f86       0x1a ./Application/User/EventManagerCM4/src/EventManagerCM4Task.o
                0x08101f86                void std::_Destroy<SMessage*>(SMessage*, SMessage*)
 .text._ZNSt15__new_allocatorI8SMessageEC2Ev
                0x08101fa0       0x16 ./Application/User/EventManagerCM4/src/EventManagerCM4Task.o
                0x08101fa0                std::__new_allocator<SMessage>::__new_allocator()
                0x08101fa0                std::__new_allocator<SMessage>::__new_allocator()
 .text._ZNSt16allocator_traitsISaI8SMessageEE10deallocateERS1_PS0_j
                0x08101fb6       0x1e ./Application/User/EventManagerCM4/src/EventManagerCM4Task.o
                0x08101fb6                std::allocator_traits<std::allocator<SMessage> >::deallocate(std::allocator<SMessage>&, SMessage*, unsigned int)
 .text._ZSt7forwardIRK8SMessageEOT_RNSt16remove_referenceIS3_E4typeE
                0x08101fd4       0x16 ./Application/User/EventManagerCM4/src/EventManagerCM4Task.o
                0x08101fd4                SMessage const& std::forward<SMessage const&>(std::remove_reference<SMessage const&>::type&)
 .text._ZNSt15__new_allocatorI8SMessageE9constructIS0_JRKS0_EEEvPT_DpOT0_
                0x08101fea       0x36 ./Application/User/EventManagerCM4/src/EventManagerCM4Task.o
                0x08101fea                void std::__new_allocator<SMessage>::construct<SMessage, SMessage const&>(SMessage*, SMessage const&)
 .text._ZNKSt6vectorI8SMessageSaIS0_EE12_M_check_lenEjPKc
                0x08102020       0x8e ./Application/User/EventManagerCM4/src/EventManagerCM4Task.o
                0x08102020                std::vector<SMessage, std::allocator<SMessage> >::_M_check_len(unsigned int, char const*) const
 *fill*         0x081020ae        0x2 
 .text._ZN9__gnu_cxxmiIP8SMessageSt6vectorIS1_SaIS1_EEEENS_17__normal_iteratorIT_T0_E15difference_typeERKS9_SC_
                0x081020b0       0x34 ./Application/User/EventManagerCM4/src/EventManagerCM4Task.o
                0x081020b0                __gnu_cxx::__normal_iterator<SMessage*, std::vector<SMessage, std::allocator<SMessage> > >::difference_type __gnu_cxx::operator-<SMessage*, std::vector<SMessage, std::allocator<SMessage> > >(__gnu_cxx::__normal_iterator<SMessage*, std::vector<SMessage, std::allocator<SMessage> > > const&, __gnu_cxx::__normal_iterator<SMessage*, std::vector<SMessage, std::allocator<SMessage> > > const&)
 .text._ZNSt12_Vector_baseI8SMessageSaIS0_EE11_M_allocateEj
                0x081020e4       0x28 ./Application/User/EventManagerCM4/src/EventManagerCM4Task.o
                0x081020e4                std::_Vector_base<SMessage, std::allocator<SMessage> >::_M_allocate(unsigned int)
 .text._ZNSt6vectorI8SMessageSaIS0_EE11_S_relocateEPS0_S3_S3_RS1_
                0x0810210c       0x28 ./Application/User/EventManagerCM4/src/EventManagerCM4Task.o
                0x0810210c                std::vector<SMessage, std::allocator<SMessage> >::_S_relocate(SMessage*, SMessage*, SMessage*, std::allocator<SMessage>&)
 .text._ZSt34__uninitialized_move_if_noexcept_aIP8SMessageS1_SaIS0_EET0_T_S4_S3_RT1_
                0x08102134       0x32 ./Application/User/EventManagerCM4/src/EventManagerCM4Task.o
                0x08102134                SMessage* std::__uninitialized_move_if_noexcept_a<SMessage*, SMessage*, std::allocator<SMessage> >(SMessage*, SMessage*, SMessage*, std::allocator<SMessage>&)
 .text._ZNSt8_Rb_treeIN19EventManagerCM4Task11EEventQueueESt4pairIKS1_P15QueueDefinitionESt10_Select1stIS6_ESt4lessIS1_ESaIS6_EE6_M_endEv
                0x08102166       0x18 ./Application/User/EventManagerCM4/src/EventManagerCM4Task.o
                0x08102166                std::_Rb_tree<EventManagerCM4Task::EEventQueue, std::pair<EventManagerCM4Task::EEventQueue const, QueueDefinition*>, std::_Select1st<std::pair<EventManagerCM4Task::EEventQueue const, QueueDefinition*> >, std::less<EventManagerCM4Task::EEventQueue>, std::allocator<std::pair<EventManagerCM4Task::EEventQueue const, QueueDefinition*> > >::_M_end()
 .text._ZNSt8_Rb_treeIN19EventManagerCM4Task11EEventQueueESt4pairIKS1_P15QueueDefinitionESt10_Select1stIS6_ESt4lessIS1_ESaIS6_EE14_M_lower_boundEPSt13_Rb_tree_nodeIS6_EPSt18_Rb_tree_node_baseRS3_
                0x0810217e       0x62 ./Application/User/EventManagerCM4/src/EventManagerCM4Task.o
                0x0810217e                std::_Rb_tree<EventManagerCM4Task::EEventQueue, std::pair<EventManagerCM4Task::EEventQueue const, QueueDefinition*>, std::_Select1st<std::pair<EventManagerCM4Task::EEventQueue const, QueueDefinition*> >, std::less<EventManagerCM4Task::EEventQueue>, std::allocator<std::pair<EventManagerCM4Task::EEventQueue const, QueueDefinition*> > >::_M_lower_bound(std::_Rb_tree_node<std::pair<EventManagerCM4Task::EEventQueue const, QueueDefinition*> >*, std::_Rb_tree_node_base*, EventManagerCM4Task::EEventQueue const&)
 .text._ZNSt8_Rb_treeIN19EventManagerCM4Task11EEventQueueESt4pairIKS1_P15QueueDefinitionESt10_Select1stIS6_ESt4lessIS1_ESaIS6_EE6_S_keyEPKSt18_Rb_tree_node_base
                0x081021e0       0x18 ./Application/User/EventManagerCM4/src/EventManagerCM4Task.o
                0x081021e0                std::_Rb_tree<EventManagerCM4Task::EEventQueue, std::pair<EventManagerCM4Task::EEventQueue const, QueueDefinition*>, std::_Select1st<std::pair<EventManagerCM4Task::EEventQueue const, QueueDefinition*> >, std::less<EventManagerCM4Task::EEventQueue>, std::allocator<std::pair<EventManagerCM4Task::EEventQueue const, QueueDefinition*> > >::_S_key(std::_Rb_tree_node_base const*)
 .text._ZNSt8_Rb_treeIN19EventManagerCM4Task11EEventQueueESt4pairIKS1_P15QueueDefinitionESt10_Select1stIS6_ESt4lessIS1_ESaIS6_EE11lower_boundERS3_
                0x081021f8       0x2e ./Application/User/EventManagerCM4/src/EventManagerCM4Task.o
                0x081021f8                std::_Rb_tree<EventManagerCM4Task::EEventQueue, std::pair<EventManagerCM4Task::EEventQueue const, QueueDefinition*>, std::_Select1st<std::pair<EventManagerCM4Task::EEventQueue const, QueueDefinition*> >, std::less<EventManagerCM4Task::EEventQueue>, std::allocator<std::pair<EventManagerCM4Task::EEventQueue const, QueueDefinition*> > >::lower_bound(EventManagerCM4Task::EEventQueue const&)
 .text._ZNKSt8_Rb_treeIN19EventManagerCM4Task11EEventQueueESt4pairIKS1_P15QueueDefinitionESt10_Select1stIS6_ESt4lessIS1_ESaIS6_EE8key_compEv
                0x08102226       0x16 ./Application/User/EventManagerCM4/src/EventManagerCM4Task.o
                0x08102226                std::_Rb_tree<EventManagerCM4Task::EEventQueue, std::pair<EventManagerCM4Task::EEventQueue const, QueueDefinition*>, std::_Select1st<std::pair<EventManagerCM4Task::EEventQueue const, QueueDefinition*> >, std::less<EventManagerCM4Task::EEventQueue>, std::allocator<std::pair<EventManagerCM4Task::EEventQueue const, QueueDefinition*> > >::key_comp() const
 .text._ZNSt13_Rb_tree_nodeISt4pairIKN19EventManagerCM4Task11EEventQueueEP15QueueDefinitionEE9_M_valptrEv
                0x0810223c       0x1c ./Application/User/EventManagerCM4/src/EventManagerCM4Task.o
                0x0810223c                std::_Rb_tree_node<std::pair<EventManagerCM4Task::EEventQueue const, QueueDefinition*> >::_M_valptr()
 .text._ZNSt11_Tuple_implILj0EJRKN19EventManagerCM4Task11EEventQueueEEEC2ES3_
                0x08102258       0x1e ./Application/User/EventManagerCM4/src/EventManagerCM4Task.o
                0x08102258                std::_Tuple_impl<0u, EventManagerCM4Task::EEventQueue const&>::_Tuple_impl(EventManagerCM4Task::EEventQueue const&)
                0x08102258                std::_Tuple_impl<0u, EventManagerCM4Task::EEventQueue const&>::_Tuple_impl(EventManagerCM4Task::EEventQueue const&)
 .text._ZSt7forwardIRKSt21piecewise_construct_tEOT_RNSt16remove_referenceIS3_E4typeE
                0x08102276       0x16 ./Application/User/EventManagerCM4/src/EventManagerCM4Task.o
                0x08102276                std::piecewise_construct_t const& std::forward<std::piecewise_construct_t const&>(std::remove_reference<std::piecewise_construct_t const&>::type&)
 .text._ZSt7forwardISt5tupleIJRKN19EventManagerCM4Task11EEventQueueEEEEOT_RNSt16remove_referenceIS6_E4typeE
                0x0810228c       0x16 ./Application/User/EventManagerCM4/src/EventManagerCM4Task.o
                0x0810228c                std::tuple<EventManagerCM4Task::EEventQueue const&>&& std::forward<std::tuple<EventManagerCM4Task::EEventQueue const&> >(std::remove_reference<std::tuple<EventManagerCM4Task::EEventQueue const&> >::type&)
 .text._ZSt7forwardISt5tupleIJEEEOT_RNSt16remove_referenceIS2_E4typeE
                0x081022a2       0x16 ./Application/User/EventManagerCM4/src/EventManagerCM4Task.o
                0x081022a2                std::tuple<>&& std::forward<std::tuple<> >(std::remove_reference<std::tuple<> >::type&)
 .text._ZNSt8_Rb_treeIN19EventManagerCM4Task11EEventQueueESt4pairIKS1_P15QueueDefinitionESt10_Select1stIS6_ESt4lessIS1_ESaIS6_EE10_Auto_nodeC2IJRKSt21piecewise_construct_tSt5tupleIJRS3_EESI_IJEEEEERSC_DpOT_
                0x081022b8       0x46 ./Application/User/EventManagerCM4/src/EventManagerCM4Task.o
                0x081022b8                std::_Rb_tree<EventManagerCM4Task::EEventQueue, std::pair<EventManagerCM4Task::EEventQueue const, QueueDefinition*>, std::_Select1st<std::pair<EventManagerCM4Task::EEventQueue const, QueueDefinition*> >, std::less<EventManagerCM4Task::EEventQueue>, std::allocator<std::pair<EventManagerCM4Task::EEventQueue const, QueueDefinition*> > >::_Auto_node::_Auto_node<std::piecewise_construct_t const&, std::tuple<EventManagerCM4Task::EEventQueue const&>, std::tuple<> >(std::_Rb_tree<EventManagerCM4Task::EEventQueue, std::pair<EventManagerCM4Task::EEventQueue const, QueueDefinition*>, std::_Select1st<std::pair<EventManagerCM4Task::EEventQueue const, QueueDefinition*> >, std::less<EventManagerCM4Task::EEventQueue>, std::allocator<std::pair<EventManagerCM4Task::EEventQueue const, QueueDefinition*> > >&, std::piecewise_construct_t const&, std::tuple<EventManagerCM4Task::EEventQueue const&>&&, std::tuple<>&&)
                0x081022b8                std::_Rb_tree<EventManagerCM4Task::EEventQueue, std::pair<EventManagerCM4Task::EEventQueue const, QueueDefinition*>, std::_Select1st<std::pair<EventManagerCM4Task::EEventQueue const, QueueDefinition*> >, std::less<EventManagerCM4Task::EEventQueue>, std::allocator<std::pair<EventManagerCM4Task::EEventQueue const, QueueDefinition*> > >::_Auto_node::_Auto_node<std::piecewise_construct_t const&, std::tuple<EventManagerCM4Task::EEventQueue const&>, std::tuple<> >(std::_Rb_tree<EventManagerCM4Task::EEventQueue, std::pair<EventManagerCM4Task::EEventQueue const, QueueDefinition*>, std::_Select1st<std::pair<EventManagerCM4Task::EEventQueue const, QueueDefinition*> >, std::less<EventManagerCM4Task::EEventQueue>, std::allocator<std::pair<EventManagerCM4Task::EEventQueue const, QueueDefinition*> > >&, std::piecewise_construct_t const&, std::tuple<EventManagerCM4Task::EEventQueue const&>&&, std::tuple<>&&)
 .text._ZNSt8_Rb_treeIN19EventManagerCM4Task11EEventQueueESt4pairIKS1_P15QueueDefinitionESt10_Select1stIS6_ESt4lessIS1_ESaIS6_EE29_M_get_insert_hint_unique_posESt23_Rb_tree_const_iteratorIS6_ERS3_
                0x081022fe      0x246 ./Application/User/EventManagerCM4/src/EventManagerCM4Task.o
                0x081022fe                std::_Rb_tree<EventManagerCM4Task::EEventQueue, std::pair<EventManagerCM4Task::EEventQueue const, QueueDefinition*>, std::_Select1st<std::pair<EventManagerCM4Task::EEventQueue const, QueueDefinition*> >, std::less<EventManagerCM4Task::EEventQueue>, std::allocator<std::pair<EventManagerCM4Task::EEventQueue const, QueueDefinition*> > >::_M_get_insert_hint_unique_pos(std::_Rb_tree_const_iterator<std::pair<EventManagerCM4Task::EEventQueue const, QueueDefinition*> >, EventManagerCM4Task::EEventQueue const&)
 .text._ZNSt8_Rb_treeIN19EventManagerCM4Task11EEventQueueESt4pairIKS1_P15QueueDefinitionESt10_Select1stIS6_ESt4lessIS1_ESaIS6_EE15_M_destroy_nodeEPSt13_Rb_tree_nodeIS6_E
                0x08102544       0x2a ./Application/User/EventManagerCM4/src/EventManagerCM4Task.o
                0x08102544                std::_Rb_tree<EventManagerCM4Task::EEventQueue, std::pair<EventManagerCM4Task::EEventQueue const, QueueDefinition*>, std::_Select1st<std::pair<EventManagerCM4Task::EEventQueue const, QueueDefinition*> >, std::less<EventManagerCM4Task::EEventQueue>, std::allocator<std::pair<EventManagerCM4Task::EEventQueue const, QueueDefinition*> > >::_M_destroy_node(std::_Rb_tree_node<std::pair<EventManagerCM4Task::EEventQueue const, QueueDefinition*> >*)
 .text._ZNSt8_Rb_treeIN19EventManagerCM4Task11EEventQueueESt4pairIKS1_P15QueueDefinitionESt10_Select1stIS6_ESt4lessIS1_ESaIS6_EE11_M_put_nodeEPSt13_Rb_tree_nodeIS6_E
                0x0810256e       0x24 ./Application/User/EventManagerCM4/src/EventManagerCM4Task.o
                0x0810256e                std::_Rb_tree<EventManagerCM4Task::EEventQueue, std::pair<EventManagerCM4Task::EEventQueue const, QueueDefinition*>, std::_Select1st<std::pair<EventManagerCM4Task::EEventQueue const, QueueDefinition*> >, std::less<EventManagerCM4Task::EEventQueue>, std::allocator<std::pair<EventManagerCM4Task::EEventQueue const, QueueDefinition*> > >::_M_put_node(std::_Rb_tree_node<std::pair<EventManagerCM4Task::EEventQueue const, QueueDefinition*> >*)
 .text._ZNSt8_Rb_treeIN19EventManagerCM4Task11EEventQueueESt4pairIKS1_P15QueueDefinitionESt10_Select1stIS6_ESt4lessIS1_ESaIS6_EE14_M_create_nodeIJRS1_RS5_EEEPSt13_Rb_tree_nodeIS6_EDpOT_
                0x08102592       0x38 ./Application/User/EventManagerCM4/src/EventManagerCM4Task.o
                0x08102592                std::_Rb_tree_node<std::pair<EventManagerCM4Task::EEventQueue const, QueueDefinition*> >* std::_Rb_tree<EventManagerCM4Task::EEventQueue, std::pair<EventManagerCM4Task::EEventQueue const, QueueDefinition*>, std::_Select1st<std::pair<EventManagerCM4Task::EEventQueue const, QueueDefinition*> >, std::less<EventManagerCM4Task::EEventQueue>, std::allocator<std::pair<EventManagerCM4Task::EEventQueue const, QueueDefinition*> > >::_M_create_node<EventManagerCM4Task::EEventQueue&, QueueDefinition*&>(EventManagerCM4Task::EEventQueue&, QueueDefinition*&)
 .text._ZNSt8_Rb_treeIN19EventManagerCM4Task11EEventQueueESt4pairIKS1_P15QueueDefinitionESt10_Select1stIS6_ESt4lessIS1_ESaIS6_EE6_S_keyEPKSt13_Rb_tree_nodeIS6_E
                0x081025ca       0x26 ./Application/User/EventManagerCM4/src/EventManagerCM4Task.o
                0x081025ca                std::_Rb_tree<EventManagerCM4Task::EEventQueue, std::pair<EventManagerCM4Task::EEventQueue const, QueueDefinition*>, std::_Select1st<std::pair<EventManagerCM4Task::EEventQueue const, QueueDefinition*> >, std::less<EventManagerCM4Task::EEventQueue>, std::allocator<std::pair<EventManagerCM4Task::EEventQueue const, QueueDefinition*> > >::_S_key(std::_Rb_tree_node<std::pair<EventManagerCM4Task::EEventQueue const, QueueDefinition*> > const*)
 .text._ZNSt8_Rb_treeIN19EventManagerCM4Task11EEventQueueESt4pairIKS1_P15QueueDefinitionESt10_Select1stIS6_ESt4lessIS1_ESaIS6_EE5beginEv
                0x081025f0       0x22 ./Application/User/EventManagerCM4/src/EventManagerCM4Task.o
                0x081025f0                std::_Rb_tree<EventManagerCM4Task::EEventQueue, std::pair<EventManagerCM4Task::EEventQueue const, QueueDefinition*>, std::_Select1st<std::pair<EventManagerCM4Task::EEventQueue const, QueueDefinition*> >, std::less<EventManagerCM4Task::EEventQueue>, std::allocator<std::pair<EventManagerCM4Task::EEventQueue const, QueueDefinition*> > >::begin()
 .text._ZNSt4pairIPSt18_Rb_tree_node_baseS1_EC2IRPSt13_Rb_tree_nodeIS_IKN19EventManagerCM4Task11EEventQueueEP15QueueDefinitionEERS1_Lb1EEEOT_OT0_
                0x08102612       0x32 ./Application/User/EventManagerCM4/src/EventManagerCM4Task.o
                0x08102612                std::pair<std::_Rb_tree_node_base*, std::_Rb_tree_node_base*>::pair<std::_Rb_tree_node<std::pair<EventManagerCM4Task::EEventQueue const, QueueDefinition*> >*&, std::_Rb_tree_node_base*&, true>(std::_Rb_tree_node<std::pair<EventManagerCM4Task::EEventQueue const, QueueDefinition*> >*&, std::_Rb_tree_node_base*&)
                0x08102612                std::pair<std::_Rb_tree_node_base*, std::_Rb_tree_node_base*>::pair<std::_Rb_tree_node<std::pair<EventManagerCM4Task::EEventQueue const, QueueDefinition*> >*&, std::_Rb_tree_node_base*&, true>(std::_Rb_tree_node<std::pair<EventManagerCM4Task::EEventQueue const, QueueDefinition*> >*&, std::_Rb_tree_node_base*&)
 .text._ZNSt17_Rb_tree_iteratorISt4pairIKN19EventManagerCM4Task11EEventQueueEP15QueueDefinitionEEmmEv
                0x08102644       0x22 ./Application/User/EventManagerCM4/src/EventManagerCM4Task.o
                0x08102644                std::_Rb_tree_iterator<std::pair<EventManagerCM4Task::EEventQueue const, QueueDefinition*> >::operator--()
 .text._ZNSt4pairIPSt18_Rb_tree_node_baseS1_EC2IS1_S1_Lb1EEERKS1_S5_
                0x08102666       0x2a ./Application/User/EventManagerCM4/src/EventManagerCM4Task.o
                0x08102666                std::pair<std::_Rb_tree_node_base*, std::_Rb_tree_node_base*>::pair<std::_Rb_tree_node_base*, std::_Rb_tree_node_base*, true>(std::_Rb_tree_node_base* const&, std::_Rb_tree_node_base* const&)
                0x08102666                std::pair<std::_Rb_tree_node_base*, std::_Rb_tree_node_base*>::pair<std::_Rb_tree_node_base*, std::_Rb_tree_node_base*, true>(std::_Rb_tree_node_base* const&, std::_Rb_tree_node_base* const&)
 .text._ZNSt8_Rb_treeIN19EventManagerCM4Task11EEventQueueESt4pairIKS1_P15QueueDefinitionESt10_Select1stIS6_ESt4lessIS1_ESaIS6_EE14_M_insert_nodeEPSt18_Rb_tree_node_baseSE_PSt13_Rb_tree_nodeIS6_E
                0x08102690       0x7a ./Application/User/EventManagerCM4/src/EventManagerCM4Task.o
                0x08102690                std::_Rb_tree<EventManagerCM4Task::EEventQueue, std::pair<EventManagerCM4Task::EEventQueue const, QueueDefinition*>, std::_Select1st<std::pair<EventManagerCM4Task::EEventQueue const, QueueDefinition*> >, std::less<EventManagerCM4Task::EEventQueue>, std::allocator<std::pair<EventManagerCM4Task::EEventQueue const, QueueDefinition*> > >::_M_insert_node(std::_Rb_tree_node_base*, std::_Rb_tree_node_base*, std::_Rb_tree_node<std::pair<EventManagerCM4Task::EEventQueue const, QueueDefinition*> >*)
 .text._ZSt7forwardISt17_Rb_tree_iteratorISt4pairIKN19EventManagerCM4Task11EEventQueueEP15QueueDefinitionEEEOT_RNSt16remove_referenceIS9_E4typeE
                0x0810270a       0x16 ./Application/User/EventManagerCM4/src/EventManagerCM4Task.o
                0x0810270a                std::_Rb_tree_iterator<std::pair<EventManagerCM4Task::EEventQueue const, QueueDefinition*> >&& std::forward<std::_Rb_tree_iterator<std::pair<EventManagerCM4Task::EEventQueue const, QueueDefinition*> > >(std::remove_reference<std::_Rb_tree_iterator<std::pair<EventManagerCM4Task::EEventQueue const, QueueDefinition*> > >::type&)
 .text._ZSt7forwardIbEOT_RNSt16remove_referenceIS0_E4typeE
                0x08102720       0x16 ./Application/User/EventManagerCM4/src/EventManagerCM4Task.o
                0x08102720                bool&& std::forward<bool>(std::remove_reference<bool>::type&)
 .text._ZNSt12_Destroy_auxILb1EE9__destroyIP8SMessageEEvT_S4_
                0x08102736       0x16 ./Application/User/EventManagerCM4/src/EventManagerCM4Task.o
                0x08102736                void std::_Destroy_aux<true>::__destroy<SMessage*>(SMessage*, SMessage*)
 .text._ZNSt15__new_allocatorI8SMessageE10deallocateEPS0_j
                0x0810274c       0x26 ./Application/User/EventManagerCM4/src/EventManagerCM4Task.o
                0x0810274c                std::__new_allocator<SMessage>::deallocate(SMessage*, unsigned int)
 .text._ZNKSt6vectorI8SMessageSaIS0_EE8max_sizeEv
                0x08102772       0x22 ./Application/User/EventManagerCM4/src/EventManagerCM4Task.o
                0x08102772                std::vector<SMessage, std::allocator<SMessage> >::max_size() const
 .text._ZSt3maxIjERKT_S2_S2_
                0x08102794       0x28 ./Application/User/EventManagerCM4/src/EventManagerCM4Task.o
                0x08102794                unsigned int const& std::max<unsigned int>(unsigned int const&, unsigned int const&)
 .text._ZNSt16allocator_traitsISaI8SMessageEE8allocateERS1_j
                0x081027bc       0x1e ./Application/User/EventManagerCM4/src/EventManagerCM4Task.o
                0x081027bc                std::allocator_traits<std::allocator<SMessage> >::allocate(std::allocator<SMessage>&, unsigned int)
 .text._ZNSt6vectorI8SMessageSaIS0_EE14_S_do_relocateEPS0_S3_S3_RS1_St17integral_constantIbLb1EE
                0x081027da       0x24 ./Application/User/EventManagerCM4/src/EventManagerCM4Task.o
                0x081027da                std::vector<SMessage, std::allocator<SMessage> >::_S_do_relocate(SMessage*, SMessage*, SMessage*, std::allocator<SMessage>&, std::integral_constant<bool, true>)
 .text._ZSt32__make_move_if_noexcept_iteratorI8SMessageSt13move_iteratorIPS0_EET0_PT_
                0x081027fe       0x1e ./Application/User/EventManagerCM4/src/EventManagerCM4Task.o
                0x081027fe                std::move_iterator<SMessage*> std::__make_move_if_noexcept_iterator<SMessage, std::move_iterator<SMessage*> >(SMessage*)
 .text._ZSt22__uninitialized_copy_aISt13move_iteratorIP8SMessageES2_S1_ET0_T_S5_S4_RSaIT1_E
                0x0810281c       0x22 ./Application/User/EventManagerCM4/src/EventManagerCM4Task.o
                0x0810281c                SMessage* std::__uninitialized_copy_a<std::move_iterator<SMessage*>, SMessage*, SMessage>(std::move_iterator<SMessage*>, std::move_iterator<SMessage*>, SMessage*, std::allocator<SMessage>&)
 .text._ZN9__gnu_cxx16__aligned_membufISt4pairIKN19EventManagerCM4Task11EEventQueueEP15QueueDefinitionEE6_M_ptrEv
                0x0810283e       0x18 ./Application/User/EventManagerCM4/src/EventManagerCM4Task.o
                0x0810283e                __gnu_cxx::__aligned_membuf<std::pair<EventManagerCM4Task::EEventQueue const, QueueDefinition*> >::_M_ptr()
 .text._ZNSt10_Head_baseILj0ERKN19EventManagerCM4Task11EEventQueueELb0EEC2ES3_
                0x08102856       0x1e ./Application/User/EventManagerCM4/src/EventManagerCM4Task.o
                0x08102856                std::_Head_base<0u, EventManagerCM4Task::EEventQueue const&, false>::_Head_base(EventManagerCM4Task::EEventQueue const&)
                0x08102856                std::_Head_base<0u, EventManagerCM4Task::EEventQueue const&, false>::_Head_base(EventManagerCM4Task::EEventQueue const&)
 .text._ZNSt8_Rb_treeIN19EventManagerCM4Task11EEventQueueESt4pairIKS1_P15QueueDefinitionESt10_Select1stIS6_ESt4lessIS1_ESaIS6_EE14_M_create_nodeIJRKSt21piecewise_construct_tSt5tupleIJRS3_EESH_IJEEEEEPSt13_Rb_tree_nodeIS6_EDpOT_
                0x08102874       0x46 ./Application/User/EventManagerCM4/src/EventManagerCM4Task.o
                0x08102874                std::_Rb_tree_node<std::pair<EventManagerCM4Task::EEventQueue const, QueueDefinition*> >* std::_Rb_tree<EventManagerCM4Task::EEventQueue, std::pair<EventManagerCM4Task::EEventQueue const, QueueDefinition*>, std::_Select1st<std::pair<EventManagerCM4Task::EEventQueue const, QueueDefinition*> >, std::less<EventManagerCM4Task::EEventQueue>, std::allocator<std::pair<EventManagerCM4Task::EEventQueue const, QueueDefinition*> > >::_M_create_node<std::piecewise_construct_t const&, std::tuple<EventManagerCM4Task::EEventQueue const&>, std::tuple<> >(std::piecewise_construct_t const&, std::tuple<EventManagerCM4Task::EEventQueue const&>&&, std::tuple<>&&)
 .text._ZNKSt23_Rb_tree_const_iteratorISt4pairIKN19EventManagerCM4Task11EEventQueueEP15QueueDefinitionEE13_M_const_castEv
                0x081028ba       0x22 ./Application/User/EventManagerCM4/src/EventManagerCM4Task.o
                0x081028ba                std::_Rb_tree_const_iterator<std::pair<EventManagerCM4Task::EEventQueue const, QueueDefinition*> >::_M_const_cast() const
 .text._ZNSt8_Rb_treeIN19EventManagerCM4Task11EEventQueueESt4pairIKS1_P15QueueDefinitionESt10_Select1stIS6_ESt4lessIS1_ESaIS6_EE12_M_rightmostEv
                0x081028dc       0x18 ./Application/User/EventManagerCM4/src/EventManagerCM4Task.o
                0x081028dc                std::_Rb_tree<EventManagerCM4Task::EEventQueue, std::pair<EventManagerCM4Task::EEventQueue const, QueueDefinition*>, std::_Select1st<std::pair<EventManagerCM4Task::EEventQueue const, QueueDefinition*> >, std::less<EventManagerCM4Task::EEventQueue>, std::allocator<std::pair<EventManagerCM4Task::EEventQueue const, QueueDefinition*> > >::_M_rightmost()
 .text._ZNSt8_Rb_treeIN19EventManagerCM4Task11EEventQueueESt4pairIKS1_P15QueueDefinitionESt10_Select1stIS6_ESt4lessIS1_ESaIS6_EE11_M_leftmostEv
                0x081028f4       0x18 ./Application/User/EventManagerCM4/src/EventManagerCM4Task.o
                0x081028f4                std::_Rb_tree<EventManagerCM4Task::EEventQueue, std::pair<EventManagerCM4Task::EEventQueue const, QueueDefinition*>, std::_Select1st<std::pair<EventManagerCM4Task::EEventQueue const, QueueDefinition*> >, std::less<EventManagerCM4Task::EEventQueue>, std::allocator<std::pair<EventManagerCM4Task::EEventQueue const, QueueDefinition*> > >::_M_leftmost()
 .text._ZNSt4pairIPSt18_Rb_tree_node_baseS1_EC2IRS1_S4_Lb1EEEOT_OT0_
                0x0810290c       0x32 ./Application/User/EventManagerCM4/src/EventManagerCM4Task.o
                0x0810290c                std::pair<std::_Rb_tree_node_base*, std::_Rb_tree_node_base*>::pair<std::_Rb_tree_node_base*&, std::_Rb_tree_node_base*&, true>(std::_Rb_tree_node_base*&, std::_Rb_tree_node_base*&)
                0x0810290c                std::pair<std::_Rb_tree_node_base*, std::_Rb_tree_node_base*>::pair<std::_Rb_tree_node_base*&, std::_Rb_tree_node_base*&, true>(std::_Rb_tree_node_base*&, std::_Rb_tree_node_base*&)
 .text._ZNSt17_Rb_tree_iteratorISt4pairIKN19EventManagerCM4Task11EEventQueueEP15QueueDefinitionEEppEv
                0x0810293e       0x22 ./Application/User/EventManagerCM4/src/EventManagerCM4Task.o
                0x0810293e                std::_Rb_tree_iterator<std::pair<EventManagerCM4Task::EEventQueue const, QueueDefinition*> >::operator++()
 .text._ZNSt8_Rb_treeIN19EventManagerCM4Task11EEventQueueESt4pairIKS1_P15QueueDefinitionESt10_Select1stIS6_ESt4lessIS1_ESaIS6_EE21_M_get_Node_allocatorEv
                0x08102960       0x16 ./Application/User/EventManagerCM4/src/EventManagerCM4Task.o
                0x08102960                std::_Rb_tree<EventManagerCM4Task::EEventQueue, std::pair<EventManagerCM4Task::EEventQueue const, QueueDefinition*>, std::_Select1st<std::pair<EventManagerCM4Task::EEventQueue const, QueueDefinition*> >, std::less<EventManagerCM4Task::EEventQueue>, std::allocator<std::pair<EventManagerCM4Task::EEventQueue const, QueueDefinition*> > >::_M_get_Node_allocator()
 .text._ZNSt16allocator_traitsISaISt13_Rb_tree_nodeISt4pairIKN19EventManagerCM4Task11EEventQueueEP15QueueDefinitionEEEE7destroyIS7_EEvRS9_PT_
                0x08102976       0x1a ./Application/User/EventManagerCM4/src/EventManagerCM4Task.o
                0x08102976                void std::allocator_traits<std::allocator<std::_Rb_tree_node<std::pair<EventManagerCM4Task::EEventQueue const, QueueDefinition*> > > >::destroy<std::pair<EventManagerCM4Task::EEventQueue const, QueueDefinition*> >(std::allocator<std::_Rb_tree_node<std::pair<EventManagerCM4Task::EEventQueue const, QueueDefinition*> > >&, std::pair<EventManagerCM4Task::EEventQueue const, QueueDefinition*>*)
 .text._ZNSt16allocator_traitsISaISt13_Rb_tree_nodeISt4pairIKN19EventManagerCM4Task11EEventQueueEP15QueueDefinitionEEEE10deallocateERS9_PS8_j
                0x08102990       0x1e ./Application/User/EventManagerCM4/src/EventManagerCM4Task.o
                0x08102990                std::allocator_traits<std::allocator<std::_Rb_tree_node<std::pair<EventManagerCM4Task::EEventQueue const, QueueDefinition*> > > >::deallocate(std::allocator<std::_Rb_tree_node<std::pair<EventManagerCM4Task::EEventQueue const, QueueDefinition*> > >&, std::_Rb_tree_node<std::pair<EventManagerCM4Task::EEventQueue const, QueueDefinition*> >*, unsigned int)
 .text._ZNSt8_Rb_treeIN19EventManagerCM4Task11EEventQueueESt4pairIKS1_P15QueueDefinitionESt10_Select1stIS6_ESt4lessIS1_ESaIS6_EE11_M_get_nodeEv
                0x081029ae       0x22 ./Application/User/EventManagerCM4/src/EventManagerCM4Task.o
                0x081029ae                std::_Rb_tree<EventManagerCM4Task::EEventQueue, std::pair<EventManagerCM4Task::EEventQueue const, QueueDefinition*>, std::_Select1st<std::pair<EventManagerCM4Task::EEventQueue const, QueueDefinition*> >, std::less<EventManagerCM4Task::EEventQueue>, std::allocator<std::pair<EventManagerCM4Task::EEventQueue const, QueueDefinition*> > >::_M_get_node()
 .text._ZNSt8_Rb_treeIN19EventManagerCM4Task11EEventQueueESt4pairIKS1_P15QueueDefinitionESt10_Select1stIS6_ESt4lessIS1_ESaIS6_EE17_M_construct_nodeIJRS1_RS5_EEEvPSt13_Rb_tree_nodeIS6_EDpOT_
                0x081029d0       0x4a ./Application/User/EventManagerCM4/src/EventManagerCM4Task.o
                0x081029d0                void std::_Rb_tree<EventManagerCM4Task::EEventQueue, std::pair<EventManagerCM4Task::EEventQueue const, QueueDefinition*>, std::_Select1st<std::pair<EventManagerCM4Task::EEventQueue const, QueueDefinition*> >, std::less<EventManagerCM4Task::EEventQueue>, std::allocator<std::pair<EventManagerCM4Task::EEventQueue const, QueueDefinition*> > >::_M_construct_node<EventManagerCM4Task::EEventQueue&, QueueDefinition*&>(std::_Rb_tree_node<std::pair<EventManagerCM4Task::EEventQueue const, QueueDefinition*> >*, EventManagerCM4Task::EEventQueue&, QueueDefinition*&)
 .text._ZNKSt13_Rb_tree_nodeISt4pairIKN19EventManagerCM4Task11EEventQueueEP15QueueDefinitionEE9_M_valptrEv
                0x08102a1a       0x1c ./Application/User/EventManagerCM4/src/EventManagerCM4Task.o
                0x08102a1a                std::_Rb_tree_node<std::pair<EventManagerCM4Task::EEventQueue const, QueueDefinition*> >::_M_valptr() const
 .text._ZNKSt10_Select1stISt4pairIKN19EventManagerCM4Task11EEventQueueEP15QueueDefinitionEEclERKS6_
                0x08102a36       0x18 ./Application/User/EventManagerCM4/src/EventManagerCM4Task.o
                0x08102a36                std::_Select1st<std::pair<EventManagerCM4Task::EEventQueue const, QueueDefinition*> >::operator()(std::pair<EventManagerCM4Task::EEventQueue const, QueueDefinition*> const&) const
 .text._ZSt7forwardIRPSt13_Rb_tree_nodeISt4pairIKN19EventManagerCM4Task11EEventQueueEP15QueueDefinitionEEEOT_RNSt16remove_referenceISB_E4typeE
                0x08102a4e       0x16 ./Application/User/EventManagerCM4/src/EventManagerCM4Task.o
                0x08102a4e                std::_Rb_tree_node<std::pair<EventManagerCM4Task::EEventQueue const, QueueDefinition*> >*& std::forward<std::_Rb_tree_node<std::pair<EventManagerCM4Task::EEventQueue const, QueueDefinition*> >*&>(std::remove_reference<std::_Rb_tree_node<std::pair<EventManagerCM4Task::EEventQueue const, QueueDefinition*> >*&>::type&)
 .text._ZSt7forwardIRPSt18_Rb_tree_node_baseEOT_RNSt16remove_referenceIS3_E4typeE
                0x08102a64       0x16 ./Application/User/EventManagerCM4/src/EventManagerCM4Task.o
                0x08102a64                std::_Rb_tree_node_base*& std::forward<std::_Rb_tree_node_base*&>(std::remove_reference<std::_Rb_tree_node_base*&>::type&)
 *fill*         0x08102a7a        0x2 
 .text._ZNSt6vectorI8SMessageSaIS0_EE11_S_max_sizeERKS1_
                0x08102a7c       0x38 ./Application/User/EventManagerCM4/src/EventManagerCM4Task.o
                0x08102a7c                std::vector<SMessage, std::allocator<SMessage> >::_S_max_size(std::allocator<SMessage> const&)
 .text._ZNKSt12_Vector_baseI8SMessageSaIS0_EE19_M_get_Tp_allocatorEv
                0x08102ab4       0x16 ./Application/User/EventManagerCM4/src/EventManagerCM4Task.o
                0x08102ab4                std::_Vector_base<SMessage, std::allocator<SMessage> >::_M_get_Tp_allocator() const
 *fill*         0x08102aca        0x2 
 .text._ZNSt15__new_allocatorI8SMessageE8allocateEjPKv
                0x08102acc       0x5c ./Application/User/EventManagerCM4/src/EventManagerCM4Task.o
                0x08102acc                std::__new_allocator<SMessage>::allocate(unsigned int, void const*)
 .text._ZSt12__relocate_aIP8SMessageS1_SaIS0_EET0_T_S4_S3_RT1_
                0x08102b28       0x3a ./Application/User/EventManagerCM4/src/EventManagerCM4Task.o
                0x08102b28                SMessage* std::__relocate_a<SMessage*, SMessage*, std::allocator<SMessage> >(SMessage*, SMessage*, SMessage*, std::allocator<SMessage>&)
 .text._ZNSt13move_iteratorIP8SMessageEC2ES1_
                0x08102b62       0x24 ./Application/User/EventManagerCM4/src/EventManagerCM4Task.o
                0x08102b62                std::move_iterator<SMessage*>::move_iterator(SMessage*)
                0x08102b62                std::move_iterator<SMessage*>::move_iterator(SMessage*)
 .text._ZSt18uninitialized_copyISt13move_iteratorIP8SMessageES2_ET0_T_S5_S4_
                0x08102b86       0x28 ./Application/User/EventManagerCM4/src/EventManagerCM4Task.o