C:\ST\STM32CubeIDE_1.16.0\STM32CubeIDE\plugins\com.st.stm32cube.ide.mcu.externaltools.gnu-tools-for-stm32.12.3.rel1.win32_1.0.200.202406191623\tools\arm-none-eabi\include\c++\12.3.1\bits\std_function.h:267:7:), _Functor>::_M_manager(std::_Any_data&, const std::_Any_data&, std::_Manager_operation) [with _Res = void; _Functor = CalculatorTask::process()::<lambda(EEventType, UMessageData, EEventClient, EEventClient)>; _ArgTypes = {EEventType, UMessageData, EEventClient, EEventClient}]	0	static
../Application/User/Calc/src/CalcTask.cpp:17:1:CalculatorTask::CalculatorTask()	8	static
../Application/User/Calc/src/CalcTask.cpp:19:6:void CalculatorTask::OnEvent(EEventType, UMessageData, EEventClient, EEventClient)	48	static
C:\ST\STM32CubeIDE_1.16.0\STM32CubeIDE\plugins\com.st.stm32cube.ide.mcu.externaltools.gnu-tools-for-stm32.12.3.rel1.win32_1.0.200.202406191623\tools\arm-none-eabi\include\c++\12.3.1\bits\std_function.h:288:7:) [with _Res = void; _Functor = CalculatorTask::process()::<lambda(EEventType, UMessageData, EEventClient, EEventClient)>; _ArgTypes = {EEventType, UMessageData, EEventClient, EEventClient}]	56	static
../Application/User/Calc/src/CalcTask.cpp:33:6:void CalculatorTask::process()	24	static
../Application/User/Calc/src/CalcTask.cpp:6:6:void StartTask_Calculator(void*)	24	static
