../../CM7/../../CM7/Middlewares/ST/touchgfx/framework/include/touchgfx/Drawable.hpp:147:23:virtual touchgfx::Drawable* touchgfx::Drawable::getFirstChild()	0	static
../../CM7/../../CM7/Middlewares/ST/touchgfx/framework/include/touchgfx/Drawable.hpp:315:18:virtual void touchgfx::Drawable::setX(int16_t)	0	static
../../CM7/../../CM7/Middlewares/ST/touchgfx/framework/include/touchgfx/Drawable.hpp:327:18:virtual void touchgfx::Drawable::setY(int16_t)	0	static
../../CM7/../../CM7/Middlewares/ST/touchgfx/framework/include/touchgfx/Drawable.hpp:356:18:virtual void touchgfx::Drawable::setWidth(int16_t)	0	static
../../CM7/../../CM7/Middlewares/ST/touchgfx/framework/include/touchgfx/Drawable.hpp:368:18:virtual void touchgfx::Drawable::setHeight(int16_t)	0	static
../../CM7/../../CM7/Middlewares/ST/touchgfx/framework/include/touchgfx/Drawable.hpp:378:18:virtual void touchgfx::Drawable::childGeometryChanged()	0	static
../../CM7/../../CM7/Middlewares/ST/touchgfx/framework/include/touchgfx/Drawable.hpp:389:18:virtual void touchgfx::Drawable::handleClickEvent(const touchgfx::ClickEvent&)	0	static
../../CM7/../../CM7/Middlewares/ST/touchgfx/framework/include/touchgfx/Drawable.hpp:401:18:virtual void touchgfx::Drawable::handleGestureEvent(const touchgfx::GestureEvent&)	0	static
../../CM7/../../CM7/Middlewares/ST/touchgfx/framework/include/touchgfx/Drawable.hpp:490:18:virtual void touchgfx::Drawable::handleDragEvent(const touchgfx::DragEvent&)	0	static
../../CM7/../../CM7/Middlewares/ST/touchgfx/framework/include/touchgfx/Drawable.hpp:501:18:virtual void touchgfx::Drawable::handleTickEvent()	0	static
../../CM7/../../CM7/Middlewares/ST/touchgfx/framework/include/touchgfx/Drawable.hpp:588:18:virtual void touchgfx::Drawable::moveTo(int16_t, int16_t)	4	static
../../CM7/../../CM7/Middlewares/ST/touchgfx/framework/include/touchgfx/Drawable.hpp:703:18:virtual void touchgfx::Drawable::setupDrawChain(const touchgfx::Rect&, touchgfx::Drawable**)	0	static
../../CM7/../../CM7/Middlewares/ST/touchgfx/framework/include/touchgfx/Screen.hpp:93:18:virtual void touchgfx::Screen::setupScreen()	0	static
../../CM7/../../CM7/Middlewares/ST/touchgfx/framework/include/touchgfx/Screen.hpp:104:18:virtual void touchgfx::Screen::afterTransition()	0	static
../../CM7/../../CM7/Middlewares/ST/touchgfx/framework/include/touchgfx/Screen.hpp:115:18:virtual void touchgfx::Screen::tearDownScreen()	0	static
../../CM7/../../CM7/Middlewares/ST/touchgfx/framework/include/touchgfx/Screen.hpp:144:18:virtual void touchgfx::Screen::handleTickEvent()	0	static
../../CM7/../../CM7/Middlewares/ST/touchgfx/framework/include/touchgfx/Screen.hpp:154:18:virtual void touchgfx::Screen::handleKeyEvent(uint8_t)	0	static
../../CM7/../../CM7/Middlewares/ST/touchgfx/framework/include/touchgfx/TypedText.hpp:65:13:touchgfx::TypedText::~TypedText()	0	static
../../CM7/../../CM7/Middlewares/ST/touchgfx/framework/include/touchgfx/widgets/TextArea.hpp:48:18:virtual void touchgfx::TextArea::setWidth(int16_t)	32	static
../../CM7/../../CM7/Middlewares/ST/touchgfx/framework/include/touchgfx/widgets/TextArea.hpp:54:18:virtual void touchgfx::TextArea::setHeight(int16_t)	32	static
../../CM7/../../CM7/Middlewares/ST/touchgfx/framework/include/touchgfx/widgets/TextArea.hpp:60:18:virtual touchgfx::Rect touchgfx::TextArea::getSolidRect() const	0	static
../../CM7/../../CM7/Middlewares/ST/touchgfx/framework/include/touchgfx/widgets/TextArea.hpp:89:18:virtual void touchgfx::TextArea::setAlpha(uint8_t)	0	static
../../CM7/../../CM7/Middlewares/ST/touchgfx/framework/include/touchgfx/widgets/TextArea.hpp:127:18:virtual void touchgfx::TextArea::setXBaselineY(int16_t, int16_t)	16	static
../../CM7/../../CM7/Middlewares/ST/touchgfx/framework/include/touchgfx/widgets/TextArea.hpp:403:41:virtual const touchgfx::Unicode::UnicodeChar* touchgfx::TextArea::getWildcard2() const	0	static
../../CM7/../../CM7/Middlewares/ST/touchgfx/framework/include/touchgfx/widgets/TextAreaWithWildcard.hpp:49:36:virtual touchgfx::TextArea::BoundingArea touchgfx::TextAreaWithWildcardBase::calculateBoundingArea() const	0	static
../../CM7/../../CM7/Middlewares/ST/touchgfx/framework/include/touchgfx/widgets/TextAreaWithWildcard.hpp:84:41:virtual const touchgfx::Unicode::UnicodeChar* touchgfx::TextAreaWithOneWildcard::getWildcard1() const	0	static
../../CM7/../../CM7/TouchGFX/generated/gui_generated/include/gui_generated/calculator_screen/CalculatorViewBase.hpp:27:18:virtual void CalculatorViewBase::sendToCalculator_0()	0	static
../../CM7/../../CM7/TouchGFX/generated/gui_generated/include/gui_generated/calculator_screen/CalculatorViewBase.hpp:31:18:virtual void CalculatorViewBase::sendToCalculator_1()	0	static
../../CM7/../../CM7/TouchGFX/generated/gui_generated/include/gui_generated/calculator_screen/CalculatorViewBase.hpp:35:18:virtual void CalculatorViewBase::sendToCalculator_2()	0	static
../../CM7/../../CM7/TouchGFX/generated/gui_generated/include/gui_generated/calculator_screen/CalculatorViewBase.hpp:39:18:virtual void CalculatorViewBase::sendToCalculator_3()	0	static
../../CM7/../../CM7/TouchGFX/generated/gui_generated/include/gui_generated/calculator_screen/CalculatorViewBase.hpp:43:18:virtual void CalculatorViewBase::sendToCalculator_4()	0	static
../../CM7/../../CM7/TouchGFX/generated/gui_generated/include/gui_generated/calculator_screen/CalculatorViewBase.hpp:47:18:virtual void CalculatorViewBase::sendToCalculator_5()	0	static
../../CM7/../../CM7/TouchGFX/generated/gui_generated/include/gui_generated/calculator_screen/CalculatorViewBase.hpp:51:18:virtual void CalculatorViewBase::sendToCalculator_6()	0	static
../../CM7/../../CM7/TouchGFX/generated/gui_generated/include/gui_generated/calculator_screen/CalculatorViewBase.hpp:55:18:virtual void CalculatorViewBase::sendToCalculator_7()	0	static
../../CM7/../../CM7/TouchGFX/generated/gui_generated/include/gui_generated/calculator_screen/CalculatorViewBase.hpp:59:18:virtual void CalculatorViewBase::sendToCalculator_8()	0	static
../../CM7/../../CM7/TouchGFX/generated/gui_generated/include/gui_generated/calculator_screen/CalculatorViewBase.hpp:63:18:virtual void CalculatorViewBase::sendToCalculator_9()	0	static
../../CM7/../../CM7/TouchGFX/generated/gui_generated/include/gui_generated/calculator_screen/CalculatorViewBase.hpp:67:18:virtual void CalculatorViewBase::sendToCalculator_Add()	0	static
../../CM7/../../CM7/TouchGFX/generated/gui_generated/include/gui_generated/calculator_screen/CalculatorViewBase.hpp:71:18:virtual void CalculatorViewBase::sendToCalculator_Equals()	0	static
../../CM7/../../CM7/TouchGFX/generated/gui_generated/include/gui_generated/calculator_screen/CalculatorViewBase.hpp:75:18:virtual void CalculatorViewBase::sendToCalculator_Delete()	0	static
../../CM7/../../CM7/TouchGFX/generated/gui_generated/include/gui_generated/calculator_screen/CalculatorViewBase.hpp:79:18:virtual void CalculatorViewBase::sendToCalculator_OpenParenthesis()	0	static
../../CM7/../../CM7/TouchGFX/generated/gui_generated/include/gui_generated/calculator_screen/CalculatorViewBase.hpp:83:18:virtual void CalculatorViewBase::sendToCalculator_CloseParenthesis()	0	static
../../CM7/../../CM7/TouchGFX/generated/gui_generated/include/gui_generated/calculator_screen/CalculatorViewBase.hpp:87:18:virtual void CalculatorViewBase::sendToCalculator_Subtract()	0	static
../../CM7/../../CM7/TouchGFX/generated/gui_generated/include/gui_generated/calculator_screen/CalculatorViewBase.hpp:91:18:virtual void CalculatorViewBase::sendToCalculator_Multiply()	0	static
../../CM7/../../CM7/TouchGFX/generated/gui_generated/include/gui_generated/calculator_screen/CalculatorViewBase.hpp:95:18:virtual void CalculatorViewBase::sendToCalculator_Divide()	0	static
../../CM7/../../CM7/TouchGFX/generated/gui_generated/include/gui_generated/calculator_screen/CalculatorViewBase.hpp:99:18:virtual void CalculatorViewBase::sendToCalculator_Comma()	0	static
../../CM7/../../CM7/TouchGFX/generated/gui_generated/include/gui_generated/calculator_screen/CalculatorViewBase.hpp:103:18:virtual void CalculatorViewBase::sendToCalculator_Clear()	0	static
../../CM7/../../CM7/TouchGFX/generated/gui_generated/include/gui_generated/calculator_screen/CalculatorViewBase.hpp:107:18:virtual void CalculatorViewBase::sendToCalculator_Sqrt()	0	static
../../CM7/../../CM7/TouchGFX/generated/gui_generated/include/gui_generated/calculator_screen/CalculatorViewBase.hpp:111:18:virtual void CalculatorViewBase::sendToCalculator_Power()	0	static
../../CM7/../../CM7/TouchGFX/generated/gui_generated/include/gui_generated/calculator_screen/CalculatorViewBase.hpp:115:18:virtual void CalculatorViewBase::sendToCalculator_Pi()	0	static
../../CM7/../../CM7/TouchGFX/generated/gui_generated/include/gui_generated/calculator_screen/CalculatorViewBase.hpp:119:18:virtual void CalculatorViewBase::sendToCalculator_e()	0	static
../../CM7/../../CM7/Middlewares/ST/touchgfx/framework/include/mvp/View.hpp:36:7:touchgfx::View<CalculatorPresenter>::~View()	0	static
C:/Users/jakub/Desktop/Praca_inz/stm32_workspace/stm32_doipdiagnoser/CM7/TouchGFX/generated/gui_generated/src/calculator_screen/CalculatorViewBase.cpp:255:1:CalculatorViewBase::~CalculatorViewBase()	0	static
C:/Users/jakub/Desktop/Praca_inz/stm32_workspace/stm32_doipdiagnoser/CM7/TouchGFX/generated/gui_generated/src/calculator_screen/CalculatorViewBase.cpp:260:6:virtual void CalculatorViewBase::setupScreen()	0	static
../../CM7/../../CM7/Middlewares/ST/touchgfx/framework/include/touchgfx/Callback.hpp:357:8:touchgfx::Callback<CalculatorViewBase, const touchgfx::AbstractButton&>::~Callback()	0	static
../../CM7/../../CM7/Middlewares/ST/touchgfx/framework/include/touchgfx/mixins/ClickListener.hpp:33:7:touchgfx::ClickListener<touchgfx::ScalableImage>::~ClickListener()	0	static
../../CM7/../../CM7/Middlewares/ST/touchgfx/framework/include/touchgfx/widgets/TextAreaWithWildcard.hpp:62:7:touchgfx::TextAreaWithOneWildcard::~TextAreaWithOneWildcard()	0	static
../../CM7/../../CM7/Middlewares/ST/touchgfx/framework/include/touchgfx/Callback.hpp:386:18:void touchgfx::Callback<dest_type, T1, void, void>::execute(T1) [with dest_type = CalculatorViewBase; T1 = const touchgfx::AbstractButton&]	8	static
../../CM7/../../CM7/Middlewares/ST/touchgfx/framework/include/touchgfx/Callback.hpp:396:18:bool touchgfx::Callback<dest_type, T1, void, void>::isValid() const [with dest_type = CalculatorViewBase; T1 = const touchgfx::AbstractButton&]	0	static
../../CM7/../../CM7/Middlewares/ST/touchgfx/framework/include/touchgfx/TypedText.hpp:65:13:virtual touchgfx::TypedText::~TypedText()	8	static
../../CM7/../../CM7/Middlewares/ST/touchgfx/framework/include/touchgfx/widgets/TextAreaWithWildcard.hpp:62:7:virtual touchgfx::TextAreaWithOneWildcard::~TextAreaWithOneWildcard()	8	static
../../CM7/../../CM7/Middlewares/ST/touchgfx/framework/include/touchgfx/mixins/ClickListener.hpp:33:7:virtual touchgfx::ClickListener<touchgfx::ScalableImage>::~ClickListener()	8	static
../../CM7/../../CM7/Middlewares/ST/touchgfx/framework/include/touchgfx/Callback.hpp:357:8:virtual touchgfx::Callback<CalculatorViewBase, const touchgfx::AbstractButton&>::~Callback()	8	static
../../CM7/../../CM7/Middlewares/ST/touchgfx/framework/include/mvp/View.hpp:36:7:virtual touchgfx::View<CalculatorPresenter>::~View()	8	static
C:/Users/jakub/Desktop/Praca_inz/stm32_workspace/stm32_doipdiagnoser/CM7/TouchGFX/generated/gui_generated/src/calculator_screen/CalculatorViewBase.cpp:255:1:virtual CalculatorViewBase::~CalculatorViewBase()	8	static
C:/Users/jakub/Desktop/Praca_inz/stm32_workspace/stm32_doipdiagnoser/CM7/TouchGFX/generated/gui_generated/src/calculator_screen/CalculatorViewBase.cpp:265:6:void CalculatorViewBase::buttonCallbackHandler(const touchgfx::AbstractButton&)	16	static
../../CM7/../../CM7/Middlewares/ST/touchgfx/framework/include/touchgfx/Drawable.hpp:121:18:virtual void touchgfx::Drawable::invalidateContent() const	0	static
../../CM7/../../CM7/Middlewares/ST/touchgfx/framework/include/touchgfx/widgets/Image.hpp:118:18:virtual void touchgfx::Image::invalidateContent() const	8	static
../../CM7/../../CM7/Middlewares/ST/touchgfx/framework/include/touchgfx/widgets/TextAreaWithWildcard.hpp:43:18:virtual void touchgfx::TextAreaWithWildcardBase::invalidateContent() const	8	static
../../CM7/../../CM7/Middlewares/ST/touchgfx/framework/include/touchgfx/mixins/ClickListener.hpp:49:18:void touchgfx::ClickListener<T>::handleClickEvent(const touchgfx::ClickEvent&) [with T = touchgfx::ScalableImage]	16	static
../../CM7/../../CM7/Middlewares/ST/touchgfx/framework/include/touchgfx/widgets/Widget.hpp:45:18:virtual void touchgfx::Widget::getLastChild(int16_t, int16_t, touchgfx::Drawable**)	0	static
../../CM7/../../CM7/Middlewares/ST/touchgfx/framework/include/touchgfx/widgets/TextArea.hpp:111:18:virtual void touchgfx::TextArea::setBaselineY(int16_t)	16	static
../../CM7/../../CM7/Middlewares/ST/touchgfx/framework/include/touchgfx/Drawable.hpp:343:10:void touchgfx::Drawable::setXY(int16_t, int16_t)	16	static
../../CM7/../../CM7/Middlewares/ST/touchgfx/framework/include/touchgfx/Drawable.hpp:233:10:void touchgfx::Drawable::setPosition(int16_t, int16_t, int16_t, int16_t)	16	static
../../CM7/../../CM7/Middlewares/ST/touchgfx/framework/include/touchgfx/widgets/Widget.hpp:36:7:touchgfx::Widget::Widget()	0	static
../../CM7/../../CM7/Middlewares/ST/touchgfx/framework/include/touchgfx/widgets/Box.hpp:33:5:touchgfx::Box::Box()	8	static
../../CM7/../../CM7/Middlewares/ST/touchgfx/framework/include/touchgfx/widgets/ButtonWithLabel.hpp:132:10:void touchgfx::ButtonWithLabel::updateTextPosition()	24	static
C:/Users/jakub/Desktop/Praca_inz/stm32_workspace/stm32_doipdiagnoser/CM7/TouchGFX/generated/gui_generated/src/calculator_screen/CalculatorViewBase.cpp:9:1:CalculatorViewBase::CalculatorViewBase()	168	static
