../../CM7/../../CM7/Middlewares/ST/touchgfx/framework/include/touchgfx/Application.hpp:72:18:virtual void touchgfx::Application::changeToStartScreen()	0	static
../../CM7/../../CM7/Middlewares/ST/touchgfx/framework/include/touchgfx/Application.hpp:91:18:virtual void touchgfx::Application::appSwitchScreen(uint8_t)	0	static
../../CM7/../../CM7/Middlewares/ST/touchgfx/framework/include/touchgfx/Application.hpp:104:18:virtual void touchgfx::Application::requestRedraw(touchgfx::Rect&)	0	static
../../CM7/../../CM7/Middlewares/ST/touchgfx/framework/include/touchgfx/transitions/Transition.hpp:72:18:virtual void touchgfx::Transition::tearDown()	0	static
../../CM7/../../CM7/Middlewares/ST/touchgfx/framework/include/touchgfx/transitions/Transition.hpp:80:18:virtual void touchgfx::Transition::init()	0	static
../../CM7/../../CM7/Middlewares/ST/touchgfx/framework/include/touchgfx/transitions/Transition.hpp:100:18:virtual void touchgfx::Transition::setScreenContainer(touchgfx::Container&)	0	static
../../CM7/../../CM7/Middlewares/ST/touchgfx/framework/include/mvp/MVPApplication.hpp:43:7:touchgfx::MVPApplication::~MVPApplication()	0	static
../../CM7/../../CM7/TouchGFX/generated/gui_generated/include/gui_generated/common/FrontendApplicationBase.hpp:16:13:FrontendApplicationBase::~FrontendApplicationBase()	0	static
../../CM7/../../CM7/TouchGFX/generated/gui_generated/include/gui_generated/common/FrontendApplicationBase.hpp:18:18:virtual void FrontendApplicationBase::changeToStartScreen()	0	static
../../CM7/../../CM7/Middlewares/ST/touchgfx/framework/include/touchgfx/transitions/NoTransition.hpp:35:18:virtual void touchgfx::NoTransition::handleTickEvent()	0	static
../../CM7/../../CM7/Middlewares/ST/touchgfx/framework/include/touchgfx/transitions/NoTransition.hpp:31:7:touchgfx::NoTransition::~NoTransition()	0	static
../../CM7/../../CM7/Middlewares/ST/touchgfx/framework/include/touchgfx/Callback.hpp:424:8:touchgfx::Callback<FrontendApplicationBase>::~Callback()	0	static
../../CM7/../../CM7/Middlewares/ST/touchgfx/framework/include/touchgfx/Callback.hpp:449:18:void touchgfx::Callback<dest_type, void, void, void>::execute() [with dest_type = FrontendApplicationBase]	4	static
../../CM7/../../CM7/Middlewares/ST/touchgfx/framework/include/touchgfx/Callback.hpp:459:18:bool touchgfx::Callback<dest_type, void, void, void>::isValid() const [with dest_type = FrontendApplicationBase]	0	static
../../CM7/../../CM7/Middlewares/ST/touchgfx/framework/include/touchgfx/transitions/NoTransition.hpp:31:7:virtual touchgfx::NoTransition::~NoTransition()	8	static
../../CM7/../../CM7/Middlewares/ST/touchgfx/framework/include/touchgfx/Callback.hpp:424:8:virtual touchgfx::Callback<FrontendApplicationBase>::~Callback()	8	static
../../CM7/../../CM7/Middlewares/ST/touchgfx/framework/include/mvp/MVPApplication.hpp:43:7:virtual touchgfx::MVPApplication::~MVPApplication()	8	static
../../CM7/../../CM7/TouchGFX/generated/gui_generated/include/gui_generated/common/FrontendApplicationBase.hpp:16:13:virtual FrontendApplicationBase::~FrontendApplicationBase()	8	static
../../CM7/../../CM7/Middlewares/ST/touchgfx/framework/include/touchgfx/transitions/Transition.hpp:89:18:virtual void touchgfx::Transition::invalidate()	8	static
../../CM7/../../CM7/Middlewares/ST/touchgfx/framework/include/mvp/MVPApplication.hpp:59:18:virtual void touchgfx::MVPApplication::handlePendingScreenTransition()	8	static
../../CM7/../../CM7/Middlewares/ST/touchgfx/framework/include/touchgfx/hal/HAL.hpp:268:17:static touchgfx::LCD& touchgfx::HAL::lcd()	0	static
C:/Users/jakub/Desktop/Praca_inz/stm32_workspace/stm32_doipdiagnoser/CM7/TouchGFX/generated/gui_generated/src/common/FrontendApplicationBase.cpp:31:1:FrontendApplicationBase::FrontendApplicationBase(Model&, FrontendHeap&)	24	static
C:/Users/jakub/Desktop/Praca_inz/stm32_workspace/stm32_doipdiagnoser/CM7/TouchGFX/generated/gui_generated/src/common/FrontendApplicationBase.cpp:50:6:void FrontendApplicationBase::gotoMainScreenScreenNoTransition()	0	static
C:/Users/jakub/Desktop/Praca_inz/stm32_workspace/stm32_doipdiagnoser/CM7/TouchGFX/generated/gui_generated/src/common/FrontendApplicationBase.cpp:63:6:void FrontendApplicationBase::gotoDiagnoseScreenNoTransition()	0	static
C:/Users/jakub/Desktop/Praca_inz/stm32_workspace/stm32_doipdiagnoser/CM7/TouchGFX/generated/gui_generated/src/common/FrontendApplicationBase.cpp:76:6:void FrontendApplicationBase::gotoCalculatorScreenNoTransition()	0	static
C:/Users/jakub/Desktop/Praca_inz/stm32_workspace/stm32_doipdiagnoser/CM7/TouchGFX/generated/gui_generated/src/common/FrontendApplicationBase.cpp:89:6:void FrontendApplicationBase::gotoDateScreenNoTransition()	0	static
C:/Users/jakub/Desktop/Praca_inz/stm32_workspace/stm32_doipdiagnoser/CM7/TouchGFX/generated/gui_generated/src/common/FrontendApplicationBase.cpp:102:6:void FrontendApplicationBase::gotoDiagnose_DMEScreenNoTransition()	0	static
C:/Users/jakub/Desktop/Praca_inz/stm32_workspace/stm32_doipdiagnoser/CM7/TouchGFX/generated/gui_generated/src/common/FrontendApplicationBase.cpp:115:6:void FrontendApplicationBase::gotoDiagnose_KOMBIScreenNoTransition()	0	static
C:/Users/jakub/Desktop/Praca_inz/stm32_workspace/stm32_doipdiagnoser/CM7/TouchGFX/generated/gui_generated/src/common/FrontendApplicationBase.cpp:128:6:void FrontendApplicationBase::gotoDiagnose_IHKAScreenNoTransition()	0	static
C:/Users/jakub/Desktop/Praca_inz/stm32_workspace/stm32_doipdiagnoser/CM7/TouchGFX/generated/gui_generated/src/common/FrontendApplicationBase.cpp:141:6:void FrontendApplicationBase::gotoDiagnose_ExtraVisualScreenNoTransition()	0	static
../../CM7/../../CM7/Middlewares/ST/touchgfx/framework/include/common/AbstractPartition.hpp:135:8:T& touchgfx::AbstractPartition::at(uint16_t) [with T = touchgfx::NoTransition]	0	static
C:/Users/jakub/Desktop/Praca_inz/stm32_workspace/stm32_doipdiagnoser/CM7/TouchGFX/generated/gui_generated/src/common/FrontendApplicationBase.cpp:147:6:void FrontendApplicationBase::gotoDiagnose_ExtraVisualScreenNoTransitionImpl()	40	static
C:/Users/jakub/Desktop/Praca_inz/stm32_workspace/stm32_doipdiagnoser/CM7/TouchGFX/generated/gui_generated/src/common/FrontendApplicationBase.cpp:134:6:void FrontendApplicationBase::gotoDiagnose_IHKAScreenNoTransitionImpl()	40	static
C:/Users/jakub/Desktop/Praca_inz/stm32_workspace/stm32_doipdiagnoser/CM7/TouchGFX/generated/gui_generated/src/common/FrontendApplicationBase.cpp:121:6:void FrontendApplicationBase::gotoDiagnose_KOMBIScreenNoTransitionImpl()	40	static
C:/Users/jakub/Desktop/Praca_inz/stm32_workspace/stm32_doipdiagnoser/CM7/TouchGFX/generated/gui_generated/src/common/FrontendApplicationBase.cpp:108:6:void FrontendApplicationBase::gotoDiagnose_DMEScreenNoTransitionImpl()	40	static
C:/Users/jakub/Desktop/Praca_inz/stm32_workspace/stm32_doipdiagnoser/CM7/TouchGFX/generated/gui_generated/src/common/FrontendApplicationBase.cpp:95:6:void FrontendApplicationBase::gotoDateScreenNoTransitionImpl()	40	static
C:/Users/jakub/Desktop/Praca_inz/stm32_workspace/stm32_doipdiagnoser/CM7/TouchGFX/generated/gui_generated/src/common/FrontendApplicationBase.cpp:82:6:void FrontendApplicationBase::gotoCalculatorScreenNoTransitionImpl()	40	static
C:/Users/jakub/Desktop/Praca_inz/stm32_workspace/stm32_doipdiagnoser/CM7/TouchGFX/generated/gui_generated/src/common/FrontendApplicationBase.cpp:69:6:void FrontendApplicationBase::gotoDiagnoseScreenNoTransitionImpl()	40	static
C:/Users/jakub/Desktop/Praca_inz/stm32_workspace/stm32_doipdiagnoser/CM7/TouchGFX/generated/gui_generated/src/common/FrontendApplicationBase.cpp:56:6:void FrontendApplicationBase::gotoMainScreenScreenNoTransitionImpl()	40	static
