C:/Users/jakub/Desktop/Praca_inz/stm32_workspace/ediabasdiagnoser/CM7/Core/Src/main.c:796:13:TouchGFX_Task	1
C:/Users/jakub/Desktop/Praca_inz/stm32_workspace/ediabasdiagnoser/CM7/Core/Src/main.c:814:13:StartTask_ASHandler	1
C:/Users/jakub/Desktop/Praca_inz/stm32_workspace/ediabasdiagnoser/CM7/Core/Src/main.c:258:6:SystemClock_Config	4
C:/Users/jakub/Desktop/Praca_inz/stm32_workspace/ediabasdiagnoser/CM7/Core/Src/main.c:121:5:main	28
C:/Users/jakub/Desktop/Praca_inz/stm32_workspace/ediabasdiagnoser/CM7/Core/Src/main.c:904:6:HAL_TIM_PeriodElapsedCallback	2
C:/Users/jakub/Desktop/Praca_inz/stm32_workspace/ediabasdiagnoser/CM7/Core/Src/main.c:921:6:Error_Handler	1
