C:/Users/jakub/Desktop/Praca_inz/stm32_workspace/ediabasdiagnoser/CM7/Core/Src/stm32h7xx_hal_msp.c:68:6:HAL_MspInit	16	static
C:/Users/jakub/Desktop/Praca_inz/stm32_workspace/ediabasdiagnoser/CM7/Core/Src/stm32h7xx_hal_msp.c:97:6:HAL_CRC_MspInit	8	static
C:/Users/jakub/Desktop/Praca_inz/stm32_workspace/ediabasdiagnoser/CM7/Core/Src/stm32h7xx_hal_msp.c:120:6:HAL_CRC_MspDeInit	0	static
C:/Users/jakub/Desktop/Praca_inz/stm32_workspace/ediabasdiagnoser/CM7/Core/Src/stm32h7xx_hal_msp.c:142:6:HAL_DMA2D_MspInit	16	static
C:/Users/jakub/Desktop/Praca_inz/stm32_workspace/ediabasdiagnoser/CM7/Core/Src/stm32h7xx_hal_msp.c:168:6:HAL_DMA2D_MspDeInit	0	static
C:/Users/jakub/Desktop/Praca_inz/stm32_workspace/ediabasdiagnoser/CM7/Core/Src/stm32h7xx_hal_msp.c:193:6:HAL_DSI_MspInit	240	static
C:/Users/jakub/Desktop/Praca_inz/stm32_workspace/ediabasdiagnoser/CM7/Core/Src/stm32h7xx_hal_msp.c:249:6:HAL_DSI_MspDeInit	8	static
C:/Users/jakub/Desktop/Praca_inz/stm32_workspace/ediabasdiagnoser/CM7/Core/Src/stm32h7xx_hal_msp.c:285:6:HAL_JPEG_MspInit	24	static
C:/Users/jakub/Desktop/Praca_inz/stm32_workspace/ediabasdiagnoser/CM7/Core/Src/stm32h7xx_hal_msp.c:369:6:HAL_JPEG_MspDeInit	8	static
C:/Users/jakub/Desktop/Praca_inz/stm32_workspace/ediabasdiagnoser/CM7/Core/Src/stm32h7xx_hal_msp.c:398:6:HAL_LTDC_MspInit	216	static
C:/Users/jakub/Desktop/Praca_inz/stm32_workspace/ediabasdiagnoser/CM7/Core/Src/stm32h7xx_hal_msp.c:442:6:HAL_LTDC_MspDeInit	0	static
C:/Users/jakub/Desktop/Praca_inz/stm32_workspace/ediabasdiagnoser/CM7/Core/Src/stm32h7xx_hal_msp.c:467:6:HAL_QSPI_MspInit	272	static
C:/Users/jakub/Desktop/Praca_inz/stm32_workspace/ediabasdiagnoser/CM7/Core/Src/stm32h7xx_hal_msp.c:569:6:HAL_QSPI_MspDeInit	8	static
C:/Users/jakub/Desktop/Praca_inz/stm32_workspace/ediabasdiagnoser/CM7/Core/Src/stm32h7xx_hal_msp.c:614:6:HAL_RTC_MspInit	208	static
C:/Users/jakub/Desktop/Praca_inz/stm32_workspace/ediabasdiagnoser/CM7/Core/Src/stm32h7xx_hal_msp.c:648:6:HAL_RTC_MspDeInit	0	static
C:/Users/jakub/Desktop/Praca_inz/stm32_workspace/ediabasdiagnoser/CM7/Core/Src/stm32h7xx_hal_msp.c:670:6:HAL_UART_MspInit	240	static
C:/Users/jakub/Desktop/Praca_inz/stm32_workspace/ediabasdiagnoser/CM7/Core/Src/stm32h7xx_hal_msp.c:718:6:HAL_UART_MspDeInit	0	static
C:/Users/jakub/Desktop/Praca_inz/stm32_workspace/ediabasdiagnoser/CM7/Core/Src/stm32h7xx_hal_msp.c:894:6:HAL_SDRAM_MspInit	248	static
C:/Users/jakub/Desktop/Praca_inz/stm32_workspace/ediabasdiagnoser/CM7/Core/Src/stm32h7xx_hal_msp.c:1005:6:HAL_SDRAM_MspDeInit	8	static
