C:/Users/jakub/Desktop/Praca_inz/stm32_workspace/ediabasdiagnoser/CM7/Core/Src/stm32h7xx_hal_msp.c:68:6:HAL_MspInit	8	static
C:/Users/jakub/Desktop/Praca_inz/stm32_workspace/ediabasdiagnoser/CM7/Core/Src/stm32h7xx_hal_msp.c:92:6:HAL_CRC_MspInit	8	static
C:/Users/jakub/Desktop/Praca_inz/stm32_workspace/ediabasdiagnoser/CM7/Core/Src/stm32h7xx_hal_msp.c:115:6:HAL_CRC_MspDeInit	0	static
C:/Users/jakub/Desktop/Praca_inz/stm32_workspace/ediabasdiagnoser/CM7/Core/Src/stm32h7xx_hal_msp.c:137:6:HAL_DMA2D_MspInit	16	static
C:/Users/jakub/Desktop/Praca_inz/stm32_workspace/ediabasdiagnoser/CM7/Core/Src/stm32h7xx_hal_msp.c:163:6:HAL_DMA2D_MspDeInit	0	static
C:/Users/jakub/Desktop/Praca_inz/stm32_workspace/ediabasdiagnoser/CM7/Core/Src/stm32h7xx_hal_msp.c:188:6:HAL_DSI_MspInit	240	static
C:/Users/jakub/Desktop/Praca_inz/stm32_workspace/ediabasdiagnoser/CM7/Core/Src/stm32h7xx_hal_msp.c:244:6:HAL_DSI_MspDeInit	8	static
C:/Users/jakub/Desktop/Praca_inz/stm32_workspace/ediabasdiagnoser/CM7/Core/Src/stm32h7xx_hal_msp.c:280:6:HAL_JPEG_MspInit	24	static
C:/Users/jakub/Desktop/Praca_inz/stm32_workspace/ediabasdiagnoser/CM7/Core/Src/stm32h7xx_hal_msp.c:364:6:HAL_JPEG_MspDeInit	8	static
C:/Users/jakub/Desktop/Praca_inz/stm32_workspace/ediabasdiagnoser/CM7/Core/Src/stm32h7xx_hal_msp.c:393:6:HAL_LTDC_MspInit	216	static
C:/Users/jakub/Desktop/Praca_inz/stm32_workspace/ediabasdiagnoser/CM7/Core/Src/stm32h7xx_hal_msp.c:437:6:HAL_LTDC_MspDeInit	0	static
C:/Users/jakub/Desktop/Praca_inz/stm32_workspace/ediabasdiagnoser/CM7/Core/Src/stm32h7xx_hal_msp.c:462:6:HAL_QSPI_MspInit	272	static
C:/Users/jakub/Desktop/Praca_inz/stm32_workspace/ediabasdiagnoser/CM7/Core/Src/stm32h7xx_hal_msp.c:564:6:HAL_QSPI_MspDeInit	8	static
C:/Users/jakub/Desktop/Praca_inz/stm32_workspace/ediabasdiagnoser/CM7/Core/Src/stm32h7xx_hal_msp.c:609:6:HAL_UART_MspInit	240	static
C:/Users/jakub/Desktop/Praca_inz/stm32_workspace/ediabasdiagnoser/CM7/Core/Src/stm32h7xx_hal_msp.c:657:6:HAL_UART_MspDeInit	0	static
C:/Users/jakub/Desktop/Praca_inz/stm32_workspace/ediabasdiagnoser/CM7/Core/Src/stm32h7xx_hal_msp.c:833:6:HAL_SDRAM_MspInit	248	static
C:/Users/jakub/Desktop/Praca_inz/stm32_workspace/ediabasdiagnoser/CM7/Core/Src/stm32h7xx_hal_msp.c:944:6:HAL_SDRAM_MspDeInit	8	static
