C:/Users/jakub/Desktop/Praca_inz/stm32_workspace/stm32_doipdiagnoser/CM7/Core/Src/stm32h7xx_it.c:77:6:NMI_Handler	0	static
C:/Users/jakub/Desktop/Praca_inz/stm32_workspace/stm32_doipdiagnoser/CM7/Core/Src/stm32h7xx_it.c:92:6:HardFault_Handler	0	static
C:/Users/jakub/Desktop/Praca_inz/stm32_workspace/stm32_doipdiagnoser/CM7/Core/Src/stm32h7xx_it.c:107:6:MemManage_Handler	0	static
C:/Users/jakub/Desktop/Praca_inz/stm32_workspace/stm32_doipdiagnoser/CM7/Core/Src/stm32h7xx_it.c:122:6:BusFault_Handler	0	static
C:/Users/jakub/Desktop/Praca_inz/stm32_workspace/stm32_doipdiagnoser/CM7/Core/Src/stm32h7xx_it.c:137:6:UsageFault_Handler	0	static
C:/Users/jakub/Desktop/Praca_inz/stm32_workspace/stm32_doipdiagnoser/CM7/Core/Src/stm32h7xx_it.c:152:6:DebugMon_Handler	0	static
C:/Users/jakub/Desktop/Praca_inz/stm32_workspace/stm32_doipdiagnoser/CM7/Core/Src/stm32h7xx_it.c:172:6:TIM7_IRQHandler	0	static
C:/Users/jakub/Desktop/Praca_inz/stm32_workspace/stm32_doipdiagnoser/CM7/Core/Src/stm32h7xx_it.c:186:6:LTDC_IRQHandler	0	static
C:/Users/jakub/Desktop/Praca_inz/stm32_workspace/stm32_doipdiagnoser/CM7/Core/Src/stm32h7xx_it.c:200:6:DMA2D_IRQHandler	0	static
C:/Users/jakub/Desktop/Praca_inz/stm32_workspace/stm32_doipdiagnoser/CM7/Core/Src/stm32h7xx_it.c:214:6:JPEG_IRQHandler	0	static
C:/Users/jakub/Desktop/Praca_inz/stm32_workspace/stm32_doipdiagnoser/CM7/Core/Src/stm32h7xx_it.c:228:6:MDMA_IRQHandler	8	static
C:/Users/jakub/Desktop/Praca_inz/stm32_workspace/stm32_doipdiagnoser/CM7/Core/Src/stm32h7xx_it.c:243:6:DSI_IRQHandler	0	static
C:/Users/jakub/Desktop/Praca_inz/stm32_workspace/stm32_doipdiagnoser/CM7/Core/Src/stm32h7xx_it.c:257:6:HSEM1_IRQHandler	0	static
